Archive member included to satisfy reference by file (symbol)

/home/will/SJSU-Dev2/library/static_libraries/lpc17xx/liblpc17xx.a(exceptions.cpp.o)
                              (ArmResetHandler)
/home/will/SJSU-Dev2/library/static_libraries/lpc17xx/libfreertos.a(event_groups.c.o)
                              build/application/lpc17xx/compiled//home/will/SJSU-Dev2/library/L3_Application/task_scheduler.cpp.o (xEventGroupCreateStatic)
/home/will/SJSU-Dev2/library/static_libraries/lpc17xx/libfreertos.a(list.c.o)
                              /home/will/SJSU-Dev2/library/static_libraries/lpc17xx/libfreertos.a(event_groups.c.o) (vListInitialise)
/home/will/SJSU-Dev2/library/static_libraries/lpc17xx/libfreertos.a(tasks.c.o)
                              build/application/lpc17xx/compiled//home/will/SJSU-Dev2/library/L3_Application/task_scheduler.cpp.o (xTaskCreateStatic)
/home/will/SJSU-Dev2/library/static_libraries/lpc17xx/libfreertos.a(heap_3.c.o)
                              /home/will/SJSU-Dev2/library/static_libraries/lpc17xx/libfreertos.a(event_groups.c.o) (pvPortMalloc)
/home/will/SJSU-Dev2/library/static_libraries/lpc17xx/libnewlib.a(newlib.cpp.o)
                              build/application/lpc17xx/compiled/source/main.cpp.o (puts)
/home/will/SJSU-Dev2/library/static_libraries/lpc17xx/libprintf.a(printf.cpp.o)
                              build/application/lpc17xx/compiled/source/main.cpp.o (printf)
/home/will/SJSU-Dev2/library/static_libraries/lpc17xx/libsemihost.a(trace_impl.cpp.o)
                              /home/will/SJSU-Dev2/library/static_libraries/lpc17xx/liblpc17xx.a(exceptions.cpp.o) (trace_initialize)
/home/will/SJSU-Dev2/library/static_libraries/lpc17xx/liblpc17xx.a(startup.cpp.o)
                              /home/will/SJSU-Dev2/library/static_libraries/lpc17xx/libfreertos.a(tasks.c.o) (ThreadRuntimeCounter)
/home/will/SJSU-Dev2/library/static_libraries/lpc17xx/liblpc17xx.a(port.c.o)
                              /home/will/SJSU-Dev2/library/static_libraries/lpc17xx/libfreertos.a(tasks.c.o) (pxPortInitialiseStack)
/home/will/SJSU-Dev2/library/static_libraries/lpc17xx/libfreertoscommon.a(freertos_common.cpp.o)
                              /home/will/SJSU-Dev2/library/static_libraries/lpc17xx/libfreertos.a(tasks.c.o) (vApplicationGetIdleTaskMemory)
/home/will/SJSU-Dev2/library/static_libraries/lpc17xx/libfreertos.a(timers.c.o)
                              /home/will/SJSU-Dev2/library/static_libraries/lpc17xx/libfreertos.a(tasks.c.o) (xTimerCreateTimerTask)
/home/will/SJSU-Dev2/library/static_libraries/lpc17xx/libfreertos.a(queue.c.o)
                              /home/will/SJSU-Dev2/library/static_libraries/lpc17xx/libfreertos.a(timers.c.o) (xQueueGenericCreateStatic)
/home/will/SJSU-Dev2/library/static_libraries/lpc17xx/libnewlib.a(stdio.cpp.o)
                              /home/will/SJSU-Dev2/library/static_libraries/lpc17xx/libnewlib.a(newlib.cpp.o) (sjsu::newlib::DoNothingStdOut(char const*, unsigned int))
/home/will/SJSU-Dev2/tools/gcc-arm-none-eabi-7-2017-q4-major/bin/../lib/gcc/arm-none-eabi/7.2.1/../../../../arm-none-eabi/lib/thumb/v7-m/libstdc++_nano.a(pure.o)
                              build/application/lpc17xx/compiled/source/LabGPIO.cpp.o (__cxa_pure_virtual)
/home/will/SJSU-Dev2/tools/gcc-arm-none-eabi-7-2017-q4-major/bin/../lib/gcc/arm-none-eabi/7.2.1/../../../../arm-none-eabi/lib/thumb/v7-m/libstdc++_nano.a(eh_terminate.o)
                              /home/will/SJSU-Dev2/tools/gcc-arm-none-eabi-7-2017-q4-major/bin/../lib/gcc/arm-none-eabi/7.2.1/../../../../arm-none-eabi/lib/thumb/v7-m/libstdc++_nano.a(pure.o) (std::terminate())
/home/will/SJSU-Dev2/tools/gcc-arm-none-eabi-7-2017-q4-major/bin/../lib/gcc/arm-none-eabi/7.2.1/../../../../arm-none-eabi/lib/thumb/v7-m/libstdc++_nano.a(eh_term_handler.o)
                              /home/will/SJSU-Dev2/tools/gcc-arm-none-eabi-7-2017-q4-major/bin/../lib/gcc/arm-none-eabi/7.2.1/../../../../arm-none-eabi/lib/thumb/v7-m/libstdc++_nano.a(eh_terminate.o) (__cxxabiv1::__terminate_handler)
/home/will/SJSU-Dev2/tools/gcc-arm-none-eabi-7-2017-q4-major/bin/../lib/gcc/arm-none-eabi/7.2.1/../../../../arm-none-eabi/lib/thumb/v7-m/libstdc++_nano.a(eh_unex_handler.o)
                              /home/will/SJSU-Dev2/tools/gcc-arm-none-eabi-7-2017-q4-major/bin/../lib/gcc/arm-none-eabi/7.2.1/../../../../arm-none-eabi/lib/thumb/v7-m/libstdc++_nano.a(eh_terminate.o) (__cxxabiv1::__unexpected_handler)
/home/will/SJSU-Dev2/tools/gcc-arm-none-eabi-7-2017-q4-major/bin/../lib/gcc/arm-none-eabi/7.2.1/thumb/v7-m/libgcc.a(_arm_truncdfsf2.o)
                              /home/will/SJSU-Dev2/library/static_libraries/lpc17xx/libprintf.a(printf.cpp.o) (__aeabi_d2f)
/home/will/SJSU-Dev2/tools/gcc-arm-none-eabi-7-2017-q4-major/bin/../lib/gcc/arm-none-eabi/7.2.1/thumb/v7-m/libgcc.a(_arm_addsubsf3.o)
                              /home/will/SJSU-Dev2/library/static_libraries/lpc17xx/libprintf.a(printf.cpp.o) (__aeabi_fsub)
[...]
Memory Configuration

Name             Origin             Length             Attributes
FLASH            0x0000000000000000 0x0000000000080000 xr
SRAM             0x0000000010000000 0x0000000000008000 xrw
SRAM_AHB         0x000000002007c000 0x0000000000008000 xrw
*default*        0x0000000000000000 0xffffffffffffffff

Linker script and memory map

LOAD /home/will/SJSU-Dev2/tools/gcc-arm-none-eabi-7-2017-q4-major/bin/../lib/gcc/arm-none-eabi/7.2.1/thumb/v7-m/crti.o
LOAD /home/will/SJSU-Dev2/tools/gcc-arm-none-eabi-7-2017-q4-major/bin/../lib/gcc/arm-none-eabi/7.2.1/thumb/v7-m/crtbegin.o
LOAD /home/will/SJSU-Dev2/tools/gcc-arm-none-eabi-7-2017-q4-major/bin/../lib/gcc/arm-none-eabi/7.2.1/../../../../arm-none-eabi/lib/thumb/v7-m/rdimon-crt0.o
LOAD build/application/lpc17xx/compiled/source/LabGPIO.cpp.o
LOAD build/application/lpc17xx/compiled/source/main.cpp.o
LOAD build/application/lpc17xx/compiled//home/will/SJSU-Dev2/library/L3_Application/task_scheduler.cpp.o
LOAD build/application/lpc17xx/compiled/libsjsudev2.a
LOAD /home/will/SJSU-Dev2/tools/gcc-arm-none-eabi-7-2017-q4-major/bin/../lib/gcc/arm-none-eabi/7.2.1/../../../../arm-none-eabi/lib/thumb/v7-m/libstdc++_nano.a
LOAD /home/will/SJSU-Dev2/tools/gcc-arm-none-eabi-7-2017-q4-major/bin/../lib/gcc/arm-none-eabi/7.2.1/../../../../arm-none-eabi/lib/thumb/v7-m/libm.a
START GROUP
LOAD /home/will/SJSU-Dev2/tools/gcc-arm-none-eabi-7-2017-q4-major/bin/../lib/gcc/arm-none-eabi/7.2.1/thumb/v7-m/libgcc.a
LOAD /home/will/SJSU-Dev2/tools/gcc-arm-none-eabi-7-2017-q4-major/bin/../lib/gcc/arm-none-eabi/7.2.1/../../../../arm-none-eabi/lib/thumb/v7-m/libg_nano.a
LOAD /home/will/SJSU-Dev2/tools/gcc-arm-none-eabi-7-2017-q4-major/bin/../lib/gcc/arm-none-eabi/7.2.1/../../../../arm-none-eabi/lib/thumb/v7-m/libc_nano.a
END GROUP
START GROUP
LOAD /home/will/SJSU-Dev2/tools/gcc-arm-none-eabi-7-2017-q4-major/bin/../lib/gcc/arm-none-eabi/7.2.1/thumb/v7-m/libgcc.a
LOAD /home/will/SJSU-Dev2/tools/gcc-arm-none-eabi-7-2017-q4-major/bin/../lib/gcc/arm-none-eabi/7.2.1/../../../../arm-none-eabi/lib/thumb/v7-m/libc_nano.a
LOAD /home/will/SJSU-Dev2/tools/gcc-arm-none-eabi-7-2017-q4-major/bin/../lib/gcc/arm-none-eabi/7.2.1/../../../../arm-none-eabi/lib/thumb/v7-m/librdimon_nano.a
END GROUP
START GROUP
LOAD /home/will/SJSU-Dev2/tools/gcc-arm-none-eabi-7-2017-q4-major/bin/../lib/gcc/arm-none-eabi/7.2.1/thumb/v7-m/libgcc.a
LOAD /home/will/SJSU-Dev2/tools/gcc-arm-none-eabi-7-2017-q4-major/bin/../lib/gcc/arm-none-eabi/7.2.1/../../../../arm-none-eabi/lib/thumb/v7-m/libc_nano.a
LOAD /home/will/SJSU-Dev2/tools/gcc-arm-none-eabi-7-2017-q4-major/bin/../lib/gcc/arm-none-eabi/7.2.1/../../../../arm-none-eabi/lib/thumb/v7-m/librdimon_nano.a
END GROUP
LOAD /home/will/SJSU-Dev2/tools/gcc-arm-none-eabi-7-2017-q4-major/bin/../lib/gcc/arm-none-eabi/7.2.1/thumb/v7-m/crtend.o
LOAD /home/will/SJSU-Dev2/tools/gcc-arm-none-eabi-7-2017-q4-major/bin/../lib/gcc/arm-none-eabi/7.2.1/thumb/v7-m/crtn.o
                0x0000000000000000                __base_MFlash512 = 0x0
                0x0000000000000000                __base_Flash = 0x0
                0x0000000000080000                __top_MFlash512 = 0x80000
                0x0000000000080000                __top_Flash = 0x80000
                0x0000000010000000                __base_RamLoc64 = 0x10000000
                0x0000000010000000                __base_RAM = 0x10000000
                0x0000000010008000                __top_RamLoc64 = 0x10008000
                0x0000000010008000                __top_RAM = 0x10008000
                0x000000002007c000                __base_RamPeriph32 = 0x2007c000
                0x000000002007c000                __base_RAM2 = 0x2007c000
                0x0000000020084000                __top_RamPeriph32 = 0x20084000
                0x0000000020084000                __top_RAM2 = 0x20084000
                0x000000002007c000                __user_heap_base = __base_RAM2

.text           0x0000000000000000     0x7c00
 FILL mask 0xff
 *(.isr_vector)
 .isr_vector    0x0000000000000000       0xcc /home/will/SJSU-Dev2/library/static_libraries/lpc17xx/liblpc17xx.a(startup.cpp.o)
                0x00000000000000cc                . = ALIGN (0x4)
                0x00000000000000cc                section_table_start = .
                0x00000000000000cc                data_section_table = .
                0x00000000000000cc        0x4 LONG 0x7cd0 LOADADDR (.data)
                0x00000000000000d0        0x4 LONG 0x2007c000 ADDR (.data)
                0x00000000000000d4        0x4 LONG 0x120 SIZEOF (.data)
                0x00000000000000d8                data_section_table_end = .
                0x00000000000000d8                bss_section_table = .
                0x00000000000000d8        0x4 LONG 0x2007c120 ADDR (.bss)
                0x00000000000000dc        0x4 LONG 0x208 SIZEOF (.bss)
                0x00000000000000e0                bss_section_table_end = .
                0x00000000000000e0                section_table_end = .
 *(.after_vectors*)
 *(.text*)
 .text          0x00000000000000e0       0x40 /home/will/SJSU-Dev2/tools/gcc-arm-none-eabi-7-2017-q4-major/bin/../lib/gcc/arm-none-eabi/7.2.1/thumb/v7-m/crtbegin.o
 .text._ZN4sjsu4GpioC2Ev
                0x0000000000000120       0x20 build/application/lpc17xx/compiled/source/LabGPIO.cpp.o
                0x0000000000000120                sjsu::Gpio::Gpio()
                0x0000000000000120                sjsu::Gpio::Gpio()
 .text._ZN4sjsu7LabGPIOC2Ehh
                0x0000000000000140       0x38 build/application/lpc17xx/compiled/source/LabGPIO.cpp.o
                0x0000000000000140                sjsu::LabGPIO::LabGPIO(unsigned char, unsigned char)
                0x0000000000000140                sjsu::LabGPIO::LabGPIO(unsigned char, unsigned char)
 .text._ZNK4sjsu7LabGPIO12SetDirectionENS_4Gpio9DirectionE
                0x0000000000000178       0xf0 build/application/lpc17xx/compiled/source/LabGPIO.cpp.o
                0x0000000000000178                sjsu::LabGPIO::SetDirection(sjsu::Gpio::Direction) const
 .text._ZNK4sjsu7LabGPIO3SetENS_4Gpio5StateE
                0x0000000000000268       0xf0 build/application/lpc17xx/compiled/source/LabGPIO.cpp.o
                0x0000000000000268                sjsu::LabGPIO::Set(sjsu::Gpio::State) const
 .text._ZNK4sjsu7LabGPIO6ToggleEv
                0x0000000000000358       0x88 build/application/lpc17xx/compiled/source/LabGPIO.cpp.o
                0x0000000000000358                sjsu::LabGPIO::Toggle() const
 .text._ZNK4sjsu7LabGPIO4ReadEv
                0x00000000000003e0       0x8c build/application/lpc17xx/compiled/source/LabGPIO.cpp.o
                0x00000000000003e0                sjsu::LabGPIO::Read() const
 .text._ZNK4sjsu7LabGPIO6GetPinEv
                0x000000000000046c       0x14 build/application/lpc17xx/compiled/source/LabGPIO.cpp.o
                0x000000000000046c                sjsu::LabGPIO::GetPin() const
 .text._ZNK4sjsu7LabGPIO15AttachInterruptEPFvvENS_4Gpio4EdgeE
                0x0000000000000480       0x18 build/application/lpc17xx/compiled/source/LabGPIO.cpp.o
                0x0000000000000480                sjsu::LabGPIO::AttachInterrupt(void (*)(), sjsu::Gpio::Edge) const
 .text._ZNK4sjsu7LabGPIO15DetachInterruptEv
                0x0000000000000498       0x12 build/application/lpc17xx/compiled/source/LabGPIO.cpp.o
                0x0000000000000498                sjsu::LabGPIO::DetachInterrupt() const
 *fill*         0x00000000000004aa        0x2 ff
 .text._Z41__static_initialization_and_destruction_0ii
                0x00000000000004ac       0x48 build/application/lpc17xx/compiled/source/LabGPIO.cpp.o
 .text._GLOBAL__sub_I__ZN4sjsu7LabGPIOC2Ehh
                0x00000000000004f4       0x10 build/application/lpc17xx/compiled/source/LabGPIO.cpp.o
 .text.NVIC_EnableIRQ
                0x0000000000000504       0x2c build/application/lpc17xx/compiled/source/main.cpp.o
 .text.NVIC_DisableIRQ
                0x0000000000000530       0x30 build/application/lpc17xx/compiled/source/main.cpp.o
 .text.NVIC_SetPriority
                0x0000000000000560       0x50 build/application/lpc17xx/compiled/source/main.cpp.o
 .text._ZNSt14numeric_limitsIxE3maxEv
                0x00000000000005b0       0x16 build/application/lpc17xx/compiled/source/main.cpp.o
                0x00000000000005b0                std::numeric_limits<long long>::max()
 .text._ZNSt6chrono8durationIxSt5ratioILx1ELx1EEEC1IxvEERKT_
                0x00000000000005c6       0x20 build/application/lpc17xx/compiled/source/main.cpp.o
                0x00000000000005c6                std::chrono::duration<long long, std::ratio<1ll, 1ll> >::duration<long long, void>(long long const&)
 .text._ZNSt6chrono8durationIxSt5ratioILx1ELx1000000EEEC1IxvEERKT_
                0x00000000000005e6       0x20 build/application/lpc17xx/compiled/source/main.cpp.o
                0x00000000000005e6                std::chrono::duration<long long, std::ratio<1ll, 1000000ll> >::duration<long long, void>(long long const&)
 *fill*         0x0000000000000606        0x2 ff
 .text._ZN4sjsu13DefaultUptimeEv
                0x0000000000000608       0x20 build/application/lpc17xx/compiled/source/main.cpp.o
                0x0000000000000608                sjsu::DefaultUptime()
 .text._ZZN4sjsu4WaitENSt6chrono8durationIxSt5ratioILx1ELx1000000EEEEENKUlvE_clEv
                0x0000000000000628       0x14 build/application/lpc17xx/compiled/source/main.cpp.o
                0x0000000000000628                sjsu::Wait(std::chrono::duration<long long, std::ratio<1ll, 1000000ll> >)::{lambda()#1}::operator()() const
 .text._ZZN4sjsu4WaitENSt6chrono8durationIxSt5ratioILx1ELx1000000EEEEENUlvE_4_FUNEv
                0x000000000000063c       0x10 build/application/lpc17xx/compiled/source/main.cpp.o
                0x000000000000063c                sjsu::Wait(std::chrono::duration<long long, std::ratio<1ll, 1000000ll> >)::{lambda()#1}::_FUN()
 .text._ZN4sjsu4WaitENSt6chrono8durationIxSt5ratioILx1ELx1000000EEEE
                0x000000000000064c       0xac build/application/lpc17xx/compiled/source/main.cpp.o
                0x000000000000064c                sjsu::Wait(std::chrono::duration<long long, std::ratio<1ll, 1000000ll> >)
 .text._ZN4sjsu5DelayENSt6chrono8durationIxSt5ratioILx1ELx1000000EEEE
                0x00000000000006f8       0x1a build/application/lpc17xx/compiled/source/main.cpp.o
                0x00000000000006f8                sjsu::Delay(std::chrono::duration<long long, std::ratio<1ll, 1000000ll> >)
 .text._ZN4sjsu6cortex19InterruptController25UnregisteredArmExceptionsEv
                0x0000000000000712        0xc build/application/lpc17xx/compiled/source/main.cpp.o
                0x0000000000000712                sjsu::cortex::InterruptController::UnregisteredArmExceptions()
 *fill*         0x000000000000071e        0x2 ff
 .text._ZN4sjsu6cortex19InterruptController28UnregisteredInterruptHandlerEv
                0x0000000000000720       0x3c build/application/lpc17xx/compiled/source/main.cpp.o
                0x0000000000000720                sjsu::cortex::InterruptController::UnregisteredInterruptHandler()
 .text._ZSt4sizeIPFvvELj64EEjRAT0__KT_
                0x000000000000075c       0x14 build/application/lpc17xx/compiled/source/main.cpp.o
                0x000000000000075c                unsigned int std::size<void (*)(), 64u>(void (* const (&) [64u])())
 .text._ZN4sjsu6cortex19InterruptController13VectorTable_t20GenerateDefaultTableEv
                0x0000000000000770       0x74 build/application/lpc17xx/compiled/source/main.cpp.o
                0x0000000000000770                sjsu::cortex::InterruptController::VectorTable_t::GenerateDefaultTable()
 .text._ZN4sjsu6cortex19InterruptController10IrqToIndexEi
                0x00000000000007e4       0x16 build/application/lpc17xx/compiled/source/main.cpp.o
                0x00000000000007e4                sjsu::cortex::InterruptController::IrqToIndex(int)
 *fill*         0x00000000000007fa        0x2 ff
 .text._ZN4sjsu6cortex19InterruptController9GetVectorEi
                0x00000000000007fc       0x24 build/application/lpc17xx/compiled/source/main.cpp.o
                0x00000000000007fc                sjsu::cortex::InterruptController::GetVector(int)
 .text._ZNK4sjsu6cortex19InterruptController8RegisterENS_19InterruptController18RegistrationInfo_tE
                0x0000000000000820       0x54 build/application/lpc17xx/compiled/source/main.cpp.o
                0x0000000000000820                sjsu::cortex::InterruptController::Register(sjsu::InterruptController::RegistrationInfo_t) const
 .text._ZNK4sjsu6cortex19InterruptController10DeregisterEi
                0x0000000000000874       0x28 build/application/lpc17xx/compiled/source/main.cpp.o
                0x0000000000000874                sjsu::cortex::InterruptController::Deregister(int) const
 .text._ZN4sjsu4GpioC2ERKS0_
                0x000000000000089c       0x20 build/application/lpc17xx/compiled/source/main.cpp.o
                0x000000000000089c                sjsu::Gpio::Gpio(sjsu::Gpio const&)
                0x000000000000089c                sjsu::Gpio::Gpio(sjsu::Gpio const&)
 .text._ZN4sjsu7LabGPIOC2ERKS0_
                0x00000000000008bc       0x40 build/application/lpc17xx/compiled/source/main.cpp.o
                0x00000000000008bc                sjsu::LabGPIO::LabGPIO(sjsu::LabGPIO const&)
                0x00000000000008bc                sjsu::LabGPIO::LabGPIO(sjsu::LabGPIO const&)
 .text.main     0x00000000000008fc      0x130 build/application/lpc17xx/compiled/source/main.cpp.o
                0x00000000000008fc                main
 .text._Z21GpioInterruptCallbackv
                0x0000000000000a2c       0x14 build/application/lpc17xx/compiled/source/main.cpp.o
                0x0000000000000a2c                GpioInterruptCallback()
 .text._ZNSt8literals15chrono_literalsli2msIJLc49ELc48ELc48EEEENSt6chrono8durationIxSt5ratioILx1ELx1000EEEEv
                0x0000000000000a40       0x18 build/application/lpc17xx/compiled/source/main.cpp.o
                0x0000000000000a40                std::chrono::duration<long long, std::ratio<1ll, 1000ll> > std::literals::chrono_literals::operator"" ms<(char)49, (char)48, (char)48>()
 .text._ZNSt8literals15chrono_literals16__check_overflowINSt6chrono8durationIxSt5ratioILx1ELx1000EEEEJLc49ELc48ELc48EEEET_v
                0x0000000000000a58       0x1c build/application/lpc17xx/compiled/source/main.cpp.o
                0x0000000000000a58                std::chrono::duration<long long, std::ratio<1ll, 1000ll> > std::literals::chrono_literals::__check_overflow<std::chrono::duration<long long, std::ratio<1ll, 1000ll> >, (char)49, (char)48, (char)48>()
 .text._ZNSt6chrono8durationIxSt5ratioILx1ELx1000EEEC1IxvEERKT_
                0x0000000000000a74       0x20 build/application/lpc17xx/compiled/source/main.cpp.o
                0x0000000000000a74                std::chrono::duration<long long, std::ratio<1ll, 1000ll> >::duration<long long, void>(long long const&)
 .text._ZNSt6chrono13duration_castINS_8durationIxSt5ratioILx1ELx1000000EEEExS2_ILx1ELx1000EEEENSt9enable_ifIXsrNS_13__is_durationIT_EE5valueES8_E4typeERKNS1_IT0_T1_EE
                0x0000000000000a94       0x1c build/application/lpc17xx/compiled/source/main.cpp.o
                0x0000000000000a94                std::enable_if<std::chrono::__is_duration<std::chrono::duration<long long, std::ratio<1ll, 1000000ll> > >::value, std::chrono::duration<long long, std::ratio<1ll, 1000000ll> > >::type std::chrono::duration_cast<std::chrono::duration<long long, std::ratio<1ll, 1000000ll> >, long long, std::ratio<1ll, 1000ll> >(std::chrono::duration<long long, std::ratio<1ll, 1000ll> > const&)
 .text._ZNKSt6chrono8durationIxSt5ratioILx1ELx1000EEE5countEv
                0x0000000000000ab0       0x18 build/application/lpc17xx/compiled/source/main.cpp.o
                0x0000000000000ab0                std::chrono::duration<long long, std::ratio<1ll, 1000ll> >::count() const
 .text._ZNSt6chrono20__duration_cast_implINS_8durationIxSt5ratioILx1ELx1000000EEEES2_ILx1000ELx1EExLb0ELb1EE6__castIxS2_ILx1ELx1000EEEES4_RKNS1_IT_T0_EE
                0x0000000000000ac8       0x78 build/application/lpc17xx/compiled/source/main.cpp.o
                0x0000000000000ac8                std::chrono::duration<long long, std::ratio<1ll, 1000000ll> > std::chrono::__duration_cast_impl<std::chrono::duration<long long, std::ratio<1ll, 1000000ll> >, std::ratio<1000ll, 1ll>, long long, false, true>::__cast<long long, std::ratio<1ll, 1000ll> >(std::chrono::duration<long long, std::ratio<1ll, 1000ll> > const&)
 .text._ZNSt6chrono8durationIxSt5ratioILx1ELx1000000EEEC1IxS1_ILx1ELx1000EEvEERKNS0_IT_T0_EE
                0x0000000000000b40       0x34 build/application/lpc17xx/compiled/source/main.cpp.o
                0x0000000000000b40                std::chrono::duration<long long, std::ratio<1ll, 1000000ll> >::duration<long long, std::ratio<1ll, 1000ll>, void>(std::chrono::duration<long long, std::ratio<1ll, 1000ll> > const&)
 .text._ZNKSt6chrono8durationIxSt5ratioILx1ELx1000000EEE5countEv
                0x0000000000000b74       0x18 build/application/lpc17xx/compiled/source/main.cpp.o
                0x0000000000000b74                std::chrono::duration<long long, std::ratio<1ll, 1000000ll> >::count() const
 .text._ZNSt8literals15chrono_literalsli1sIJLc53EEEENSt6chrono8durationIxSt5ratioILx1ELx1EEEEv
                0x0000000000000b8c       0x18 build/application/lpc17xx/compiled/source/main.cpp.o
                0x0000000000000b8c                std::chrono::duration<long long, std::ratio<1ll, 1ll> > std::literals::chrono_literals::operator"" s<(char)53>()
 .text._ZNSt8literals15chrono_literals16__check_overflowINSt6chrono8durationIxSt5ratioILx1ELx1EEEEJLc53EEEET_v
                0x0000000000000ba4       0x1c build/application/lpc17xx/compiled/source/main.cpp.o
                0x0000000000000ba4                std::chrono::duration<long long, std::ratio<1ll, 1ll> > std::literals::chrono_literals::__check_overflow<std::chrono::duration<long long, std::ratio<1ll, 1ll> >, (char)53>()
 .text._ZNSt6chrono13duration_castINS_8durationIxSt5ratioILx1ELx1000000EEEExS2_ILx1ELx1EEEENSt9enable_ifIXsrNS_13__is_durationIT_EE5valueES8_E4typeERKNS1_IT0_T1_EE
                0x0000000000000bc0       0x1c build/application/lpc17xx/compiled/source/main.cpp.o
                0x0000000000000bc0                std::enable_if<std::chrono::__is_duration<std::chrono::duration<long long, std::ratio<1ll, 1000000ll> > >::value, std::chrono::duration<long long, std::ratio<1ll, 1000000ll> > >::type std::chrono::duration_cast<std::chrono::duration<long long, std::ratio<1ll, 1000000ll> >, long long, std::ratio<1ll, 1ll> >(std::chrono::duration<long long, std::ratio<1ll, 1ll> > const&)
 .text._ZNKSt6chrono8durationIxSt5ratioILx1ELx1EEE5countEv
                0x0000000000000bdc       0x18 build/application/lpc17xx/compiled/source/main.cpp.o
                0x0000000000000bdc                std::chrono::duration<long long, std::ratio<1ll, 1ll> >::count() const
 .text._ZNSt6chrono20__duration_cast_implINS_8durationIxSt5ratioILx1ELx1000000EEEES2_ILx1000000ELx1EExLb0ELb1EE6__castIxS2_ILx1ELx1EEEES4_RKNS1_IT_T0_EE
                0x0000000000000bf4       0x80 build/application/lpc17xx/compiled/source/main.cpp.o
                0x0000000000000bf4                std::chrono::duration<long long, std::ratio<1ll, 1000000ll> > std::chrono::__duration_cast_impl<std::chrono::duration<long long, std::ratio<1ll, 1000000ll> >, std::ratio<1000000ll, 1ll>, long long, false, true>::__cast<long long, std::ratio<1ll, 1ll> >(std::chrono::duration<long long, std::ratio<1ll, 1ll> > const&)
 .text._ZNSt6chrono8durationIxSt5ratioILx1ELx1000000EEEC1IxS1_ILx1ELx1EEvEERKNS0_IT_T0_EE
                0x0000000000000c74       0x34 build/application/lpc17xx/compiled/source/main.cpp.o
                0x0000000000000c74                std::chrono::duration<long long, std::ratio<1ll, 1000000ll> >::duration<long long, std::ratio<1ll, 1ll>, void>(std::chrono::duration<long long, std::ratio<1ll, 1ll> > const&)
 .text._Z7testRunN4sjsu7LabGPIOEh
                0x0000000000000ca8      0x144 build/application/lpc17xx/compiled/source/main.cpp.o
                0x0000000000000ca8                testRun(sjsu::LabGPIO, unsigned char)
 .text._ZNSt6chrono8durationIxSt5ratioILx1ELx1000000EEEppEi
                0x0000000000000dec       0x34 build/application/lpc17xx/compiled/source/main.cpp.o
                0x0000000000000dec                std::chrono::duration<long long, std::ratio<1ll, 1000000ll> >::operator++(int)
 .text._ZNSt6chrono15duration_valuesIxE3maxEv
                0x0000000000000e20       0x12 build/application/lpc17xx/compiled/source/main.cpp.o
                0x0000000000000e20                std::chrono::duration_values<long long>::max()
 .text._ZNSt6chrono8durationIxSt5ratioILx1ELx1000000EEE3maxEv
                0x0000000000000e32       0x28 build/application/lpc17xx/compiled/source/main.cpp.o
                0x0000000000000e32                std::chrono::duration<long long, std::ratio<1ll, 1000000ll> >::max()
 .text._ZNSt6chronoeqIxSt5ratioILx1ELx1000000EExS2_EEbRKNS_8durationIT_T0_EERKNS3_IT1_T2_EE
                0x0000000000000e5a       0x4a build/application/lpc17xx/compiled/source/main.cpp.o
                0x0000000000000e5a                bool std::chrono::operator==<long long, std::ratio<1ll, 1000000ll>, long long, std::ratio<1ll, 1000000ll> >(std::chrono::duration<long long, std::ratio<1ll, 1000000ll> > const&, std::chrono::duration<long long, std::ratio<1ll, 1000000ll> > const&)
 .text._ZNSt6chronoplIxSt5ratioILx1ELx1000000EExS2_EENSt11common_typeIJNS_8durationIT_T0_EENS4_IT1_T2_EEEE4typeERKS7_RKSA_
                0x0000000000000ea4       0x56 build/application/lpc17xx/compiled/source/main.cpp.o
                0x0000000000000ea4                std::common_type<std::chrono::duration<long long, std::ratio<1ll, 1000000ll> >, std::chrono::duration<long long, std::ratio<1ll, 1000000ll> > >::type std::chrono::operator+<long long, std::ratio<1ll, 1000000ll>, long long, std::ratio<1ll, 1000000ll> >(std::chrono::duration<long long, std::ratio<1ll, 1000000ll> > const&, std::chrono::duration<long long, std::ratio<1ll, 1000000ll> > const&)
 .text._ZNSt6chronoltIxSt5ratioILx1ELx1000000EExS2_EEbRKNS_8durationIT_T0_EERKNS3_IT1_T2_EE
                0x0000000000000efa       0x4c build/application/lpc17xx/compiled/source/main.cpp.o
                0x0000000000000efa                bool std::chrono::operator< <long long, std::ratio<1ll, 1000000ll>, long long, std::ratio<1ll, 1000000ll> >(std::chrono::duration<long long, std::ratio<1ll, 1000000ll> > const&, std::chrono::duration<long long, std::ratio<1ll, 1000000ll> > const&)
 *fill*         0x0000000000000f46        0x2 ff
 .text._Z41__static_initialization_and_destruction_0ii
                0x0000000000000f48       0x68 build/application/lpc17xx/compiled/source/main.cpp.o
 .text._GLOBAL__sub_I_main
                0x0000000000000fb0       0x10 build/application/lpc17xx/compiled/source/main.cpp.o
 .text._Unwind_GetGR
                0x0000000000000fc0       0x26 build/application/lpc17xx/compiled//home/will/SJSU-Dev2/library/L3_Application/task_scheduler.cpp.o
 *fill*         0x0000000000000fe6        0x2 ff
 .text._ZN4sjsu5build9StringifyENS0_6TargetE
                0x0000000000000fe8       0x3c build/application/lpc17xx/compiled//home/will/SJSU-Dev2/library/L3_Application/task_scheduler.cpp.o
                0x0000000000000fe8                sjsu::build::Stringify(sjsu::build::Target)
 .text._ZN4sjsu5debug18PrintAddressAsListEP15_Unwind_ContextPv
                0x0000000000001024       0x48 build/application/lpc17xx/compiled//home/will/SJSU-Dev2/library/L3_Application/task_scheduler.cpp.o
                0x0000000000001024                sjsu::debug::PrintAddressAsList(_Unwind_Context*, void*)
 .text._ZN4sjsu5debug17PrintAddressInRowEP15_Unwind_ContextPv
                0x000000000000106c       0x44 build/application/lpc17xx/compiled//home/will/SJSU-Dev2/library/L3_Application/task_scheduler.cpp.o
                0x000000000000106c                sjsu::debug::PrintAddressInRow(_Unwind_Context*, void*)
 .text._ZN4sjsu5debug14PrintBacktraceEbPv
                0x00000000000010b0       0xa4 build/application/lpc17xx/compiled//home/will/SJSU-Dev2/library/L3_Application/task_scheduler.cpp.o
                0x00000000000010b0                sjsu::debug::PrintBacktrace(bool, void*)
 .text._ZN4sjsu21InitializeDataSectionEv
                0x0000000000001154       0x98 /home/will/SJSU-Dev2/library/static_libraries/lpc17xx/liblpc17xx.a(exceptions.cpp.o)
                0x0000000000001154                sjsu::InitializeDataSection()
 .text._ZN4sjsu20InitializeBssSectionEv
                0x00000000000011ec       0x68 /home/will/SJSU-Dev2/library/static_libraries/lpc17xx/liblpc17xx.a(exceptions.cpp.o)
                0x00000000000011ec                sjsu::InitializeBssSection()
 .text._ZN4sjsu16SystemInitializeEv
                0x0000000000001254       0x14 /home/will/SJSU-Dev2/library/static_libraries/lpc17xx/liblpc17xx.a(exceptions.cpp.o)
                0x0000000000001254                sjsu::SystemInitialize()
 .text.GetRegistersFromStack
                0x0000000000001268       0x7c /home/will/SJSU-Dev2/library/static_libraries/lpc17xx/liblpc17xx.a(exceptions.cpp.o)
                0x0000000000001268                GetRegistersFromStack
 .text.ArmHardFaultHandler
                0x00000000000012e4       0x24 /home/will/SJSU-Dev2/library/static_libraries/lpc17xx/liblpc17xx.a(exceptions.cpp.o)
                0x00000000000012e4                ArmHardFaultHandler
 .text.ArmResetHandler
                0x0000000000001308       0x70 /home/will/SJSU-Dev2/library/static_libraries/lpc17xx/liblpc17xx.a(exceptions.cpp.o)
                0x0000000000001308                ArmResetHandler
 .text._Z41__static_initialization_and_destruction_0ii
                0x0000000000001378       0x44 /home/will/SJSU-Dev2/library/static_libraries/lpc17xx/liblpc17xx.a(exceptions.cpp.o)
 .text._GLOBAL__sub_I_GetRegistersFromStack
                0x00000000000013bc       0x10 /home/will/SJSU-Dev2/library/static_libraries/lpc17xx/liblpc17xx.a(exceptions.cpp.o)
 .text.vTaskSwitchContext
                0x00000000000013cc       0xc4 /home/will/SJSU-Dev2/library/static_libraries/lpc17xx/libfreertos.a(tasks.c.o)
                0x00000000000013cc                vTaskSwitchContext
 .text._getpid  0x0000000000001490        0xe /home/will/SJSU-Dev2/library/static_libraries/lpc17xx/libnewlib.a(newlib.cpp.o)
                0x0000000000001490                _getpid
 .text._kill    0x000000000000149e       0x18 /home/will/SJSU-Dev2/library/static_libraries/lpc17xx/libnewlib.a(newlib.cpp.o)
                0x000000000000149e                _kill
 *fill*         0x00000000000014b6        0x2 ff
 .text._write   0x00000000000014b8       0x30 /home/will/SJSU-Dev2/library/static_libraries/lpc17xx/libnewlib.a(newlib.cpp.o)
                0x00000000000014b8                _write
 .text.puts     0x00000000000014e8       0x48 /home/will/SJSU-Dev2/library/static_libraries/lpc17xx/libnewlib.a(newlib.cpp.o)
                0x00000000000014e8                puts
 .text._exit    0x0000000000001530        0xc /home/will/SJSU-Dev2/library/static_libraries/lpc17xx/libnewlib.a(newlib.cpp.o)
                0x0000000000001530                _exit
 .text._Z10_out_chunkcPvjj
                0x000000000000153c       0x70 /home/will/SJSU-Dev2/library/static_libraries/lpc17xx/libprintf.a(printf.cpp.o)
                0x000000000000153c                _out_chunk(char, void*, unsigned int, unsigned int)
 .text._ZL9_out_nullcPvjj
                0x00000000000015ac       0x1a /home/will/SJSU-Dev2/library/static_libraries/lpc17xx/libprintf.a(printf.cpp.o)
 .text._ZL7_strlenPKc
                0x00000000000015c6       0x2c /home/will/SJSU-Dev2/library/static_libraries/lpc17xx/libprintf.a(printf.cpp.o)
 .text._ZL9_is_digitc
                0x00000000000015f2       0x26 /home/will/SJSU-Dev2/library/static_libraries/lpc17xx/libprintf.a(printf.cpp.o)
 .text._ZL5_atoiPPKc
                0x0000000000001618       0x48 /home/will/SJSU-Dev2/library/static_libraries/lpc17xx/libprintf.a(printf.cpp.o)
 .text._ZL12_ntoa_formatPFvcPvjjEPcjjS2_jbjjjj
                0x0000000000001660      0x242 /home/will/SJSU-Dev2/library/static_libraries/lpc17xx/libprintf.a(printf.cpp.o)
 .text._ZL10_ntoa_longPFvcPvjjEPcjjmbmjjj
                0x00000000000018a2       0xd0 /home/will/SJSU-Dev2/library/static_libraries/lpc17xx/libprintf.a(printf.cpp.o)
 .text._ZL15_ntoa_long_longPFvcPvjjEPcjjybyjjj
                0x0000000000001972       0xe0 /home/will/SJSU-Dev2/library/static_libraries/lpc17xx/libprintf.a(printf.cpp.o)
 *fill*         0x0000000000001a52        0x2 ff
 .text._ZL5_ftoaPFvcPvjjEPcjjdjjj
                0x0000000000001a54      0x41c /home/will/SJSU-Dev2/library/static_libraries/lpc17xx/libprintf.a(printf.cpp.o)
 .text._ZL10_vsnprintfPFvcPvjjEPcjPKcSt9__va_list
                0x0000000000001e70      0x8cc /home/will/SJSU-Dev2/library/static_libraries/lpc17xx/libprintf.a(printf.cpp.o)
 .text.printf   0x000000000000273c       0x44 /home/will/SJSU-Dev2/library/static_libraries/lpc17xx/libprintf.a(printf.cpp.o)
                0x000000000000273c                printf
 .text.trace_initialize
                0x0000000000002780        0xc /home/will/SJSU-Dev2/library/static_libraries/lpc17xx/libsemihost.a(trace_impl.cpp.o)
                0x0000000000002780                trace_initialize
 .text.trace_write
                0x000000000000278c       0x1c /home/will/SJSU-Dev2/library/static_libraries/lpc17xx/libsemihost.a(trace_impl.cpp.o)
                0x000000000000278c                trace_write
 .text._ZL31_trace_write_semihosting_stdoutPKcj
                0x00000000000027a8       0xcc /home/will/SJSU-Dev2/library/static_libraries/lpc17xx/libsemihost.a(trace_impl.cpp.o)
 .text._ZNSt14numeric_limitsIfE3minEv
                0x0000000000002874       0x10 /home/will/SJSU-Dev2/library/static_libraries/lpc17xx/liblpc17xx.a(startup.cpp.o)
                0x0000000000002874                std::numeric_limits<float>::min()
 .text._ZNSt14numeric_limitsIfE7epsilonEv
                0x0000000000002884       0x10 /home/will/SJSU-Dev2/library/static_libraries/lpc17xx/liblpc17xx.a(startup.cpp.o)
                0x0000000000002884                std::numeric_limits<float>::epsilon()
 .text._ZN4sjsu6cortex10DwtCounter10InitializeEv
                0x0000000000002894       0x44 /home/will/SJSU-Dev2/library/static_libraries/lpc17xx/liblpc17xx.a(startup.cpp.o)
                0x0000000000002894                sjsu::cortex::DwtCounter::Initialize()
 .text._ZN4sjsu6cortex10DwtCounter8GetCountEv
                0x00000000000028d8       0x1c /home/will/SJSU-Dev2/library/static_libraries/lpc17xx/liblpc17xx.a(startup.cpp.o)
                0x00000000000028d8                sjsu::cortex::DwtCounter::GetCount()
 .text._ZN5units6detail3absEf
                0x00000000000028f4       0x2a /home/will/SJSU-Dev2/library/static_libraries/lpc17xx/liblpc17xx.a(startup.cpp.o)
                0x00000000000028f4                units::detail::abs(float)
 .text._ZN5units8literalsli3_HzEy
                0x000000000000291e       0x2a /home/will/SJSU-Dev2/library/static_libraries/lpc17xx/liblpc17xx.a(startup.cpp.o)
                0x000000000000291e                units::literals::operator"" _Hz(unsigned long long)
 .text._ZN5units12linear_scaleIfEC2IJEEERKfDpOT_
                0x0000000000002948       0x1e /home/will/SJSU-Dev2/library/static_libraries/lpc17xx/liblpc17xx.a(startup.cpp.o)
                0x0000000000002948                units::linear_scale<float>::linear_scale<>(float const&)
 .text._ZN5units6unit_tINS_4unitISt5ratioILx1ELx1EENS_9base_unitIS2_ILx0ELx1EES5_S2_ILxn1ELx1EES5_S5_S5_S5_S5_S5_EES5_S5_EEfNS_12linear_scaleEEC1IJEEEfDpRKT_
                0x0000000000002966       0x20 /home/will/SJSU-Dev2/library/static_libraries/lpc17xx/liblpc17xx.a(startup.cpp.o)
                0x0000000000002966                units::unit_t<units::unit<std::ratio<1ll, 1ll>, units::base_unit<std::ratio<0ll, 1ll>, std::ratio<0ll, 1ll>, std::ratio<-1ll, 1ll>, std::ratio<0ll, 1ll>, std::ratio<0ll, 1ll>, std::ratio<0ll, 1ll>, std::ratio<0ll, 1ll>, std::ratio<0ll, 1ll>, std::ratio<0ll, 1ll> >, std::ratio<0ll, 1ll>, std::ratio<0ll, 1ll> >, float, units::linear_scale>::unit_t<>(float)
 .text._ZNK5units6unit_tINS_4unitISt5ratioILx1ELx1EENS_9base_unitIS2_ILx0ELx1EES5_S2_ILxn1ELx1EES5_S5_S5_S5_S5_S5_EES5_S5_EEfNS_12linear_scaleEEeqIS8_fS9_Li0EEEbRKNS0_IT_T0_T1_EE
                0x0000000000002986       0xaa /home/will/SJSU-Dev2/library/static_libraries/lpc17xx/liblpc17xx.a(startup.cpp.o)
                0x0000000000002986                bool units::unit_t<units::unit<std::ratio<1ll, 1ll>, units::base_unit<std::ratio<0ll, 1ll>, std::ratio<0ll, 1ll>, std::ratio<-1ll, 1ll>, std::ratio<0ll, 1ll>, std::ratio<0ll, 1ll>, std::ratio<0ll, 1ll>, std::ratio<0ll, 1ll>, std::ratio<0ll, 1ll>, std::ratio<0ll, 1ll> >, std::ratio<0ll, 1ll>, std::ratio<0ll, 1ll> >, float, units::linear_scale>::operator==<units::unit<std::ratio<1ll, 1ll>, units::base_unit<std::ratio<0ll, 1ll>, std::ratio<0ll, 1ll>, std::ratio<-1ll, 1ll>, std::ratio<0ll, 1ll>, std::ratio<0ll, 1ll>, std::ratio<0ll, 1ll>, std::ratio<0ll, 1ll>, std::ratio<0ll, 1ll>, std::ratio<0ll, 1ll> >, std::ratio<0ll, 1ll>, std::ratio<0ll, 1ll> >, float, units::linear_scale, 0>(units::unit_t<units::unit<std::ratio<1ll, 1ll>, units::base_unit<std::ratio<0ll, 1ll>, std::ratio<0ll, 1ll>, std::ratio<-1ll, 1ll>, std::ratio<0ll, 1ll>, std::ratio<0ll, 1ll>, std::ratio<0ll, 1ll>, std::ratio<0ll, 1ll>, std::ratio<0ll, 1ll>, std::ratio<0ll, 1ll> >, std::ratio<0ll, 1ll>, std::ratio<0ll, 1ll> >, float, units::linear_scale> const&) const
 .text._ZN5unitsL7convertINS_4unitISt5ratioILx1ELx1EENS_9base_unitIS2_ILx0ELx1EES5_S2_ILxn1ELx1EES5_S5_S5_S5_S5_S5_EES5_S5_EES8_fEET1_RKS9_
                0x0000000000002a30       0x18 /home/will/SJSU-Dev2/library/static_libraries/lpc17xx/liblpc17xx.a(startup.cpp.o)
 .text._ZN5units6detailL7convertINS_4unitISt5ratioILx1ELx1EENS_9base_unitIS3_ILx0ELx1EES6_S3_ILxn1ELx1EES6_S6_S6_S6_S6_S6_EES6_S6_EES9_S4_S6_S6_fEET4_RKSA_St17integral_constantIbLb1EESD_IbLb0EESF_
                0x0000000000002a48       0x1c /home/will/SJSU-Dev2/library/static_libraries/lpc17xx/liblpc17xx.a(startup.cpp.o)
 .text._ZNK5units6unit_tINS_4unitISt5ratioILx1ELx1EENS_9base_unitIS2_ILx0ELx1EES5_S2_ILxn1ELx1EES5_S5_S5_S5_S5_S5_EES5_S5_EEfNS_12linear_scaleEEleIS8_fS9_EEbRKNS0_IT_T0_T1_EE
                0x0000000000002a64       0x38 /home/will/SJSU-Dev2/library/static_libraries/lpc17xx/liblpc17xx.a(startup.cpp.o)
                0x0000000000002a64                bool units::unit_t<units::unit<std::ratio<1ll, 1ll>, units::base_unit<std::ratio<0ll, 1ll>, std::ratio<0ll, 1ll>, std::ratio<-1ll, 1ll>, std::ratio<0ll, 1ll>, std::ratio<0ll, 1ll>, std::ratio<0ll, 1ll>, std::ratio<0ll, 1ll>, std::ratio<0ll, 1ll>, std::ratio<0ll, 1ll> >, std::ratio<0ll, 1ll>, std::ratio<0ll, 1ll> >, float, units::linear_scale>::operator<=<units::unit<std::ratio<1ll, 1ll>, units::base_unit<std::ratio<0ll, 1ll>, std::ratio<0ll, 1ll>, std::ratio<-1ll, 1ll>, std::ratio<0ll, 1ll>, std::ratio<0ll, 1ll>, std::ratio<0ll, 1ll>, std::ratio<0ll, 1ll>, std::ratio<0ll, 1ll>, std::ratio<0ll, 1ll> >, std::ratio<0ll, 1ll>, std::ratio<0ll, 1ll> >, float, units::linear_scale>(units::unit_t<units::unit<std::ratio<1ll, 1ll>, units::base_unit<std::ratio<0ll, 1ll>, std::ratio<0ll, 1ll>, std::ratio<-1ll, 1ll>, std::ratio<0ll, 1ll>, std::ratio<0ll, 1ll>, std::ratio<0ll, 1ll>, std::ratio<0ll, 1ll>, std::ratio<0ll, 1ll>, std::ratio<0ll, 1ll> >, std::ratio<0ll, 1ll>, std::ratio<0ll, 1ll> >, float, units::linear_scale> const&) const
 .text._ZN4sjsu17SetUptimeFunctionEPFNSt6chrono8durationIxSt5ratioILx1ELx1000000EEEEvE
                0x0000000000002a9c       0x1c /home/will/SJSU-Dev2/library/static_libraries/lpc17xx/liblpc17xx.a(startup.cpp.o)
                0x0000000000002a9c                sjsu::SetUptimeFunction(std::chrono::duration<long long, std::ratio<1ll, 1000000ll> > (*)())
 .text._ZN4sjsu6cortex19InterruptController13LookupHandlerEv
                0x0000000000002ab8       0x38 /home/will/SJSU-Dev2/library/static_libraries/lpc17xx/liblpc17xx.a(startup.cpp.o)
                0x0000000000002ab8                sjsu::cortex::InterruptController::LookupHandler()
 .text._ZNK4sjsu16SystemController22GetPeripheralFrequencyERKNS0_12PeripheralIDE
                0x0000000000002af0       0x50 /home/will/SJSU-Dev2/library/static_libraries/lpc17xx/liblpc17xx.a(startup.cpp.o)
                0x0000000000002af0                sjsu::SystemController::GetPeripheralFrequency(sjsu::SystemController::PeripheralID const&) const
 .text._ZNSt8literals15chrono_literalsli2msIJLc49EEEENSt6chrono8durationIxSt5ratioILx1ELx1000EEEEv
                0x0000000000002b40       0x18 /home/will/SJSU-Dev2/library/static_libraries/lpc17xx/liblpc17xx.a(startup.cpp.o)
                0x0000000000002b40                std::chrono::duration<long long, std::ratio<1ll, 1000ll> > std::literals::chrono_literals::operator"" ms<(char)49>()
 .text._ZNSt8literals15chrono_literals16__check_overflowINSt6chrono8durationIxSt5ratioILx1ELx1000EEEEJLc49EEEET_v
                0x0000000000002b58       0x1c /home/will/SJSU-Dev2/library/static_libraries/lpc17xx/liblpc17xx.a(startup.cpp.o)
                0x0000000000002b58                std::chrono::duration<long long, std::ratio<1ll, 1000ll> > std::literals::chrono_literals::__check_overflow<std::chrono::duration<long long, std::ratio<1ll, 1000ll> >, (char)49>()
 .text._ZN4sjsu6cortex11SystemTimer18SystemTimerHandlerEv
                0x0000000000002b74       0x48 /home/will/SJSU-Dev2/library/static_libraries/lpc17xx/liblpc17xx.a(startup.cpp.o)
                0x0000000000002b74                sjsu::cortex::SystemTimer::SystemTimerHandler()
 .text._ZN4sjsu6cortex11SystemTimer8GetCountEv
                0x0000000000002bbc       0x20 /home/will/SJSU-Dev2/library/static_libraries/lpc17xx/liblpc17xx.a(startup.cpp.o)
                0x0000000000002bbc                sjsu::cortex::SystemTimer::GetCount()
 .text._ZNK4sjsu6cortex11SystemTimer10InitializeEv
                0x0000000000002bdc       0x12 /home/will/SJSU-Dev2/library/static_libraries/lpc17xx/liblpc17xx.a(startup.cpp.o)
                0x0000000000002bdc                sjsu::cortex::SystemTimer::Initialize() const
 *fill*         0x0000000000002bee        0x2 ff
 .text._ZNK4sjsu6cortex11SystemTimer12SetInterruptEPFvvE
                0x0000000000002bf0       0x20 /home/will/SJSU-Dev2/library/static_libraries/lpc17xx/liblpc17xx.a(startup.cpp.o)
                0x0000000000002bf0                sjsu::cortex::SystemTimer::SetInterrupt(void (*)()) const
 .text._ZNK4sjsu6cortex11SystemTimer10StartTimerEv
                0x0000000000002c10       0x94 /home/will/SJSU-Dev2/library/static_libraries/lpc17xx/liblpc17xx.a(startup.cpp.o)
                0x0000000000002c10                sjsu::cortex::SystemTimer::StartTimer() const
 .text._ZNK5units12linear_scaleIfEclEv
                0x0000000000002ca4       0x16 /home/will/SJSU-Dev2/library/static_libraries/lpc17xx/liblpc17xx.a(startup.cpp.o)
                0x0000000000002ca4                units::linear_scale<float>::operator()() const
 .text._ZN5unitsdvINS_6unit_tINS_4unitISt5ratioILx1ELx1EENS_9base_unitIS3_ILx0ELx1EES6_S3_ILxn1ELx1EES6_S6_S6_S6_S6_S6_EES6_S6_EEfNS_12linear_scaleEEESB_Li0EEENS1_INS2_IS4_NS5_IS6_S6_S6_S6_S6_S6_S6_S6_S6_EES6_S6_EEfSA_EERKT_RKT0_
                0x0000000000002cba       0x4e /home/will/SJSU-Dev2/library/static_libraries/lpc17xx/liblpc17xx.a(startup.cpp.o)
                0x0000000000002cba                units::unit_t<units::unit<std::ratio<1ll, 1ll>, units::base_unit<std::ratio<0ll, 1ll>, std::ratio<0ll, 1ll>, std::ratio<0ll, 1ll>, std::ratio<0ll, 1ll>, std::ratio<0ll, 1ll>, std::ratio<0ll, 1ll>, std::ratio<0ll, 1ll>, std::ratio<0ll, 1ll>, std::ratio<0ll, 1ll> >, std::ratio<0ll, 1ll>, std::ratio<0ll, 1ll> >, float, units::linear_scale> units::operator/<units::unit_t<units::unit<std::ratio<1ll, 1ll>, units::base_unit<std::ratio<0ll, 1ll>, std::ratio<0ll, 1ll>, std::ratio<-1ll, 1ll>, std::ratio<0ll, 1ll>, std::ratio<0ll, 1ll>, std::ratio<0ll, 1ll>, std::ratio<0ll, 1ll>, std::ratio<0ll, 1ll>, std::ratio<0ll, 1ll> >, std::ratio<0ll, 1ll>, std::ratio<0ll, 1ll> >, float, units::linear_scale>, units::unit_t<units::unit<std::ratio<1ll, 1ll>, units::base_unit<std::ratio<0ll, 1ll>, std::ratio<0ll, 1ll>, std::ratio<-1ll, 1ll>, std::ratio<0ll, 1ll>, std::ratio<0ll, 1ll>, std::ratio<0ll, 1ll>, std::ratio<0ll, 1ll>, std::ratio<0ll, 1ll>, std::ratio<0ll, 1ll> >, std::ratio<0ll, 1ll>, std::ratio<0ll, 1ll> >, float, units::linear_scale>, 0>(units::unit_t<units::unit<std::ratio<1ll, 1ll>, units::base_unit<std::ratio<0ll, 1ll>, std::ratio<0ll, 1ll>, std::ratio<-1ll, 1ll>, std::ratio<0ll, 1ll>, std::ratio<0ll, 1ll>, std::ratio<0ll, 1ll>, std::ratio<0ll, 1ll>, std::ratio<0ll, 1ll>, std::ratio<0ll, 1ll> >, std::ratio<0ll, 1ll>, std::ratio<0ll, 1ll> >, float, units::linear_scale> const&, units::unit_t<units::unit<std::ratio<1ll, 1ll>, units::base_unit<std::ratio<0ll, 1ll>, std::ratio<0ll, 1ll>, std::ratio<-1ll, 1ll>, std::ratio<0ll, 1ll>, std::ratio<0ll, 1ll>, std::ratio<0ll, 1ll>, std::ratio<0ll, 1ll>, std::ratio<0ll, 1ll>, std::ratio<0ll, 1ll> >, std::ratio<0ll, 1ll>, std::ratio<0ll, 1ll> >, float, units::linear_scale> const&)
 .text._ZN5units6unit_tINS_4unitISt5ratioILx1ELx1EENS_9base_unitIS2_ILx0ELx1EES5_S5_S5_S5_S5_S5_S5_S5_EES5_S5_EEfNS_12linear_scaleEEC1IJEEEfDpRKT_
                0x0000000000002d08       0x20 /home/will/SJSU-Dev2/library/static_libraries/lpc17xx/liblpc17xx.a(startup.cpp.o)
                0x0000000000002d08                units::unit_t<units::unit<std::ratio<1ll, 1ll>, units::base_unit<std::ratio<0ll, 1ll>, std::ratio<0ll, 1ll>, std::ratio<0ll, 1ll>, std::ratio<0ll, 1ll>, std::ratio<0ll, 1ll>, std::ratio<0ll, 1ll>, std::ratio<0ll, 1ll>, std::ratio<0ll, 1ll>, std::ratio<0ll, 1ll> >, std::ratio<0ll, 1ll>, std::ratio<0ll, 1ll> >, float, units::linear_scale>::unit_t<>(float)
 .text._ZN5unitsmiIiLi0EEENS_6unit_tINS_4unitISt5ratioILx1ELx1EENS_9base_unitIS3_ILx0ELx1EES6_S6_S6_S6_S6_S6_S6_S6_EES6_S6_EEfNS_12linear_scaleEEERKSA_T_
                0x0000000000002d28       0x3e /home/will/SJSU-Dev2/library/static_libraries/lpc17xx/liblpc17xx.a(startup.cpp.o)
                0x0000000000002d28                units::unit_t<units::unit<std::ratio<1ll, 1ll>, units::base_unit<std::ratio<0ll, 1ll>, std::ratio<0ll, 1ll>, std::ratio<0ll, 1ll>, std::ratio<0ll, 1ll>, std::ratio<0ll, 1ll>, std::ratio<0ll, 1ll>, std::ratio<0ll, 1ll>, std::ratio<0ll, 1ll>, std::ratio<0ll, 1ll> >, std::ratio<0ll, 1ll>, std::ratio<0ll, 1ll> >, float, units::linear_scale> units::operator-<int, 0>(units::unit_t<units::unit<std::ratio<1ll, 1ll>, units::base_unit<std::ratio<0ll, 1ll>, std::ratio<0ll, 1ll>, std::ratio<0ll, 1ll>, std::ratio<0ll, 1ll>, std::ratio<0ll, 1ll>, std::ratio<0ll, 1ll>, std::ratio<0ll, 1ll>, std::ratio<0ll, 1ll>, std::ratio<0ll, 1ll> >, std::ratio<0ll, 1ll>, std::ratio<0ll, 1ll> >, float, units::linear_scale> const&, int)
 .text._ZN5units9unit_castImNS_6unit_tINS_4unitISt5ratioILx1ELx1EENS_9base_unitIS3_ILx0ELx1EES6_S6_S6_S6_S6_S6_S6_S6_EES6_S6_EEfNS_12linear_scaleEEEvEET_RKT0_
                0x0000000000002d66       0x18 /home/will/SJSU-Dev2/library/static_libraries/lpc17xx/liblpc17xx.a(startup.cpp.o)
                0x0000000000002d66                unsigned long units::unit_cast<unsigned long, units::unit_t<units::unit<std::ratio<1ll, 1ll>, units::base_unit<std::ratio<0ll, 1ll>, std::ratio<0ll, 1ll>, std::ratio<0ll, 1ll>, std::ratio<0ll, 1ll>, std::ratio<0ll, 1ll>, std::ratio<0ll, 1ll>, std::ratio<0ll, 1ll>, std::ratio<0ll, 1ll>, std::ratio<0ll, 1ll> >, std::ratio<0ll, 1ll>, std::ratio<0ll, 1ll> >, float, units::linear_scale>, void>(units::unit_t<units::unit<std::ratio<1ll, 1ll>, units::base_unit<std::ratio<0ll, 1ll>, std::ratio<0ll, 1ll>, std::ratio<0ll, 1ll>, std::ratio<0ll, 1ll>, std::ratio<0ll, 1ll>, std::ratio<0ll, 1ll>, std::ratio<0ll, 1ll>, std::ratio<0ll, 1ll>, std::ratio<0ll, 1ll> >, std::ratio<0ll, 1ll>, std::ratio<0ll, 1ll> >, float, units::linear_scale> const&)
 .text._ZN5units9unit_castImNS_6unit_tINS_4unitISt5ratioILx1ELx1EENS_9base_unitIS3_ILx0ELx1EES6_S3_ILxn1ELx1EES6_S6_S6_S6_S6_S6_EES6_S6_EEfNS_12linear_scaleEEEvEET_RKT0_
                0x0000000000002d7e       0x18 /home/will/SJSU-Dev2/library/static_libraries/lpc17xx/liblpc17xx.a(startup.cpp.o)
                0x0000000000002d7e                unsigned long units::unit_cast<unsigned long, units::unit_t<units::unit<std::ratio<1ll, 1ll>, units::base_unit<std::ratio<0ll, 1ll>, std::ratio<0ll, 1ll>, std::ratio<-1ll, 1ll>, std::ratio<0ll, 1ll>, std::ratio<0ll, 1ll>, std::ratio<0ll, 1ll>, std::ratio<0ll, 1ll>, std::ratio<0ll, 1ll>, std::ratio<0ll, 1ll> >, std::ratio<0ll, 1ll>, std::ratio<0ll, 1ll> >, float, units::linear_scale>, void>(units::unit_t<units::unit<std::ratio<1ll, 1ll>, units::base_unit<std::ratio<0ll, 1ll>, std::ratio<0ll, 1ll>, std::ratio<-1ll, 1ll>, std::ratio<0ll, 1ll>, std::ratio<0ll, 1ll>, std::ratio<0ll, 1ll>, std::ratio<0ll, 1ll>, std::ratio<0ll, 1ll>, std::ratio<0ll, 1ll> >, std::ratio<0ll, 1ll>, std::ratio<0ll, 1ll> >, float, units::linear_scale> const&)
 .text._ZNK5units6unit_tINS_4unitISt5ratioILx1ELx1EENS_9base_unitIS2_ILx0ELx1EES5_S2_ILxn1ELx1EES5_S5_S5_S5_S5_S5_EES5_S5_EEfNS_12linear_scaleEEcvT_ImLi0EEEv
                0x0000000000002d96       0x22 /home/will/SJSU-Dev2/library/static_libraries/lpc17xx/liblpc17xx.a(startup.cpp.o)
                0x0000000000002d96                units::unit_t<units::unit<std::ratio<1ll, 1ll>, units::base_unit<std::ratio<0ll, 1ll>, std::ratio<0ll, 1ll>, std::ratio<-1ll, 1ll>, std::ratio<0ll, 1ll>, std::ratio<0ll, 1ll>, std::ratio<0ll, 1ll>, std::ratio<0ll, 1ll>, std::ratio<0ll, 1ll>, std::ratio<0ll, 1ll> >, std::ratio<0ll, 1ll>, std::ratio<0ll, 1ll> >, float, units::linear_scale>::operator unsigned long<unsigned long, 0>() const
 .text._ZNK4sjsu6cortex11SystemTimer16SetTickFrequencyEN5units6unit_tINS2_4unitISt5ratioILx1ELx1EENS2_9base_unitIS5_ILx0ELx1EES8_S5_ILxn1ELx1EES8_S8_S8_S8_S8_S8_EES8_S8_EEfNS2_12linear_scaleEEE
                0x0000000000002db8       0xc4 /home/will/SJSU-Dev2/library/static_libraries/lpc17xx/liblpc17xx.a(startup.cpp.o)
                0x0000000000002db8                sjsu::cortex::SystemTimer::SetTickFrequency(units::unit_t<units::unit<std::ratio<1ll, 1ll>, units::base_unit<std::ratio<0ll, 1ll>, std::ratio<0ll, 1ll>, std::ratio<-1ll, 1ll>, std::ratio<0ll, 1ll>, std::ratio<0ll, 1ll>, std::ratio<0ll, 1ll>, std::ratio<0ll, 1ll>, std::ratio<0ll, 1ll>, std::ratio<0ll, 1ll> >, std::ratio<0ll, 1ll>, std::ratio<0ll, 1ll> >, float, units::linear_scale>) const
 .text._ZN4sjsu3bit19CreateMaskFromRangeEhh
                0x0000000000002e7c       0x3a /home/will/SJSU-Dev2/library/static_libraries/lpc17xx/liblpc17xx.a(startup.cpp.o)
                0x0000000000002e7c                sjsu::bit::CreateMaskFromRange(unsigned char, unsigned char)
 .text._ZN5unitsL7convertINS_4unitISt5ratioILx1000000ELx1EENS1_IS2_ILx1ELx1EENS_9base_unitIS2_ILx0ELx1EES6_S2_ILxn1ELx1EES6_S6_S6_S6_S6_S6_EES6_S6_EES6_S6_EES9_fEET1_RKSB_
                0x0000000000002eb6       0x18 /home/will/SJSU-Dev2/library/static_libraries/lpc17xx/liblpc17xx.a(startup.cpp.o)
 *fill*         0x0000000000002ece        0x2 ff
 .text._ZN5units6detailL7convertINS_4unitISt5ratioILx1000000ELx1EENS2_IS3_ILx1ELx1EENS_9base_unitIS3_ILx0ELx1EES7_S3_ILxn1ELx1EES7_S7_S7_S7_S7_S7_EES7_S7_EES7_S7_EESA_S4_S7_S7_fEET4_RKSC_St17integral_constantIbLb0EESG_SG_
                0x0000000000002ed0       0x28 /home/will/SJSU-Dev2/library/static_libraries/lpc17xx/liblpc17xx.a(startup.cpp.o)
 .text._ZN5units6unit_tINS_4unitISt5ratioILx1ELx1EENS_9base_unitIS2_ILx0ELx1EES5_S2_ILxn1ELx1EES5_S5_S5_S5_S5_S5_EES5_S5_EEfNS_12linear_scaleEEC1INS1_IS2_ILx1000000ELx1EES8_S5_S5_EEfS9_EERKNS0_IT_T0_T1_EE
                0x0000000000002ef8       0x32 /home/will/SJSU-Dev2/library/static_libraries/lpc17xx/liblpc17xx.a(startup.cpp.o)
                0x0000000000002ef8                units::unit_t<units::unit<std::ratio<1ll, 1ll>, units::base_unit<std::ratio<0ll, 1ll>, std::ratio<0ll, 1ll>, std::ratio<-1ll, 1ll>, std::ratio<0ll, 1ll>, std::ratio<0ll, 1ll>, std::ratio<0ll, 1ll>, std::ratio<0ll, 1ll>, std::ratio<0ll, 1ll>, std::ratio<0ll, 1ll> >, std::ratio<0ll, 1ll>, std::ratio<0ll, 1ll> >, float, units::linear_scale>::unit_t<units::unit<std::ratio<1000000ll, 1ll>, units::unit<std::ratio<1ll, 1ll>, units::base_unit<std::ratio<0ll, 1ll>, std::ratio<0ll, 1ll>, std::ratio<-1ll, 1ll>, std::ratio<0ll, 1ll>, std::ratio<0ll, 1ll>, std::ratio<0ll, 1ll>, std::ratio<0ll, 1ll>, std::ratio<0ll, 1ll>, std::ratio<0ll, 1ll> >, std::ratio<0ll, 1ll>, std::ratio<0ll, 1ll> >, std::ratio<0ll, 1ll>, std::ratio<0ll, 1ll> >, float, units::linear_scale>(units::unit_t<units::unit<std::ratio<1000000ll, 1ll>, units::unit<std::ratio<1ll, 1ll>, units::base_unit<std::ratio<0ll, 1ll>, std::ratio<0ll, 1ll>, std::ratio<-1ll, 1ll>, std::ratio<0ll, 1ll>, std::ratio<0ll, 1ll>, std::ratio<0ll, 1ll>, std::ratio<0ll, 1ll>, std::ratio<0ll, 1ll>, std::ratio<0ll, 1ll> >, std::ratio<0ll, 1ll>, std::ratio<0ll, 1ll> >, std::ratio<0ll, 1ll>, std::ratio<0ll, 1ll> >, float, units::linear_scale> const&)
 .text._ZN5units12linear_scaleIfEC2IJSt17integral_constantIbLb1EEEEERKfDpOT_
                0x0000000000002f2a       0x20 /home/will/SJSU-Dev2/library/static_libraries/lpc17xx/liblpc17xx.a(startup.cpp.o)
                0x0000000000002f2a                units::linear_scale<float>::linear_scale<std::integral_constant<bool, true> >(float const&, std::integral_constant<bool, true>&&)
 *fill*         0x0000000000002f4a        0x2 ff
 .text._ZNK4sjsu7lpc17xx16SystemController23SetSystemClockFrequencyEN5units6unit_tINS2_4unitISt5ratioILx1000000ELx1EENS4_IS5_ILx1ELx1EENS2_9base_unitIS5_ILx0ELx1EES9_S5_ILxn1ELx1EES9_S9_S9_S9_S9_S9_EES9_S9_EES9_S9_EEfNS2_12linear_scaleEEE
                0x0000000000002f4c      0x1c4 /home/will/SJSU-Dev2/library/static_libraries/lpc17xx/liblpc17xx.a(startup.cpp.o)
                0x0000000000002f4c                sjsu::lpc17xx::SystemController::SetSystemClockFrequency(units::unit_t<units::unit<std::ratio<1000000ll, 1ll>, units::unit<std::ratio<1ll, 1ll>, units::base_unit<std::ratio<0ll, 1ll>, std::ratio<0ll, 1ll>, std::ratio<-1ll, 1ll>, std::ratio<0ll, 1ll>, std::ratio<0ll, 1ll>, std::ratio<0ll, 1ll>, std::ratio<0ll, 1ll>, std::ratio<0ll, 1ll>, std::ratio<0ll, 1ll> >, std::ratio<0ll, 1ll>, std::ratio<0ll, 1ll> >, std::ratio<0ll, 1ll>, std::ratio<0ll, 1ll> >, float, units::linear_scale>) const
 .text._ZNK4sjsu7lpc17xx16SystemController25SetPeripheralClockDividerERKNS_16SystemController12PeripheralIDEh
                0x0000000000003110      0x134 /home/will/SJSU-Dev2/library/static_libraries/lpc17xx/liblpc17xx.a(startup.cpp.o)
                0x0000000000003110                sjsu::lpc17xx::SystemController::SetPeripheralClockDivider(sjsu::SystemController::PeripheralID const&, unsigned char) const
 .text._ZNK4sjsu7lpc17xx16SystemController25GetPeripheralClockDividerERKNS_16SystemController12PeripheralIDE
                0x0000000000003244       0x80 /home/will/SJSU-Dev2/library/static_libraries/lpc17xx/liblpc17xx.a(startup.cpp.o)
                0x0000000000003244                sjsu::lpc17xx::SystemController::GetPeripheralClockDivider(sjsu::SystemController::PeripheralID const&) const
 .text._ZNK4sjsu7lpc17xx16SystemController18GetSystemFrequencyEv
                0x00000000000032c4       0x1c /home/will/SJSU-Dev2/library/static_libraries/lpc17xx/liblpc17xx.a(startup.cpp.o)
                0x00000000000032c4                sjsu::lpc17xx::SystemController::GetSystemFrequency() const
 .text._ZNK4sjsu7lpc17xx16SystemController21IsPeripheralPoweredUpERKNS_16SystemController12PeripheralIDE
                0x00000000000032e0       0x2c /home/will/SJSU-Dev2/library/static_libraries/lpc17xx/liblpc17xx.a(startup.cpp.o)
                0x00000000000032e0                sjsu::lpc17xx::SystemController::IsPeripheralPoweredUp(sjsu::SystemController::PeripheralID const&) const
 .text._ZNK4sjsu7lpc17xx16SystemController17PowerUpPeripheralERKNS_16SystemController12PeripheralIDE
                0x000000000000330c       0x34 /home/will/SJSU-Dev2/library/static_libraries/lpc17xx/liblpc17xx.a(startup.cpp.o)
                0x000000000000330c                sjsu::lpc17xx::SystemController::PowerUpPeripheral(sjsu::SystemController::PeripheralID const&) const
 .text._ZNK4sjsu7lpc17xx16SystemController19PowerDownPeripheralERKNS_16SystemController12PeripheralIDE
                0x0000000000003340       0x34 /home/will/SJSU-Dev2/library/static_libraries/lpc17xx/liblpc17xx.a(startup.cpp.o)
                0x0000000000003340                sjsu::lpc17xx::SystemController::PowerDownPeripheral(sjsu::SystemController::PeripheralID const&) const
 .text._ZNK4sjsu7lpc17xx16SystemController22SelectOscillatorSourceENS1_16OscillatorSourceE
                0x0000000000003374       0x48 /home/will/SJSU-Dev2/library/static_libraries/lpc17xx/liblpc17xx.a(startup.cpp.o)
                0x0000000000003374                sjsu::lpc17xx::SystemController::SelectOscillatorSource(sjsu::lpc17xx::SystemController::OscillatorSource) const
 .text._ZNK5units6unit_tINS_4unitISt5ratioILx1ELx1EENS_9base_unitIS2_ILx0ELx1EES5_S2_ILxn1ELx1EES5_S5_S5_S5_S5_S5_EES5_S5_EEfNS_12linear_scaleEEgtIS8_fS9_EEbRKNS0_IT_T0_T1_EE
                0x00000000000033bc       0x38 /home/will/SJSU-Dev2/library/static_libraries/lpc17xx/liblpc17xx.a(startup.cpp.o)
                0x00000000000033bc                bool units::unit_t<units::unit<std::ratio<1ll, 1ll>, units::base_unit<std::ratio<0ll, 1ll>, std::ratio<0ll, 1ll>, std::ratio<-1ll, 1ll>, std::ratio<0ll, 1ll>, std::ratio<0ll, 1ll>, std::ratio<0ll, 1ll>, std::ratio<0ll, 1ll>, std::ratio<0ll, 1ll>, std::ratio<0ll, 1ll> >, std::ratio<0ll, 1ll>, std::ratio<0ll, 1ll> >, float, units::linear_scale>::operator><units::unit<std::ratio<1ll, 1ll>, units::base_unit<std::ratio<0ll, 1ll>, std::ratio<0ll, 1ll>, std::ratio<-1ll, 1ll>, std::ratio<0ll, 1ll>, std::ratio<0ll, 1ll>, std::ratio<0ll, 1ll>, std::ratio<0ll, 1ll>, std::ratio<0ll, 1ll>, std::ratio<0ll, 1ll> >, std::ratio<0ll, 1ll>, std::ratio<0ll, 1ll> >, float, units::linear_scale>(units::unit_t<units::unit<std::ratio<1ll, 1ll>, units::base_unit<std::ratio<0ll, 1ll>, std::ratio<0ll, 1ll>, std::ratio<-1ll, 1ll>, std::ratio<0ll, 1ll>, std::ratio<0ll, 1ll>, std::ratio<0ll, 1ll>, std::ratio<0ll, 1ll>, std::ratio<0ll, 1ll>, std::ratio<0ll, 1ll> >, std::ratio<0ll, 1ll>, std::ratio<0ll, 1ll> >, float, units::linear_scale> const&) const
 .text._ZNK5units6unit_tINS_4unitISt5ratioILx1ELx1EENS_9base_unitIS2_ILx0ELx1EES5_S2_ILxn1ELx1EES5_S5_S5_S5_S5_S5_EES5_S5_EEfNS_12linear_scaleEEltIS8_fS9_EEbRKNS0_IT_T0_T1_EE
                0x00000000000033f4       0x38 /home/will/SJSU-Dev2/library/static_libraries/lpc17xx/liblpc17xx.a(startup.cpp.o)
                0x00000000000033f4                bool units::unit_t<units::unit<std::ratio<1ll, 1ll>, units::base_unit<std::ratio<0ll, 1ll>, std::ratio<0ll, 1ll>, std::ratio<-1ll, 1ll>, std::ratio<0ll, 1ll>, std::ratio<0ll, 1ll>, std::ratio<0ll, 1ll>, std::ratio<0ll, 1ll>, std::ratio<0ll, 1ll>, std::ratio<0ll, 1ll> >, std::ratio<0ll, 1ll>, std::ratio<0ll, 1ll> >, float, units::linear_scale>::operator< <units::unit<std::ratio<1ll, 1ll>, units::base_unit<std::ratio<0ll, 1ll>, std::ratio<0ll, 1ll>, std::ratio<-1ll, 1ll>, std::ratio<0ll, 1ll>, std::ratio<0ll, 1ll>, std::ratio<0ll, 1ll>, std::ratio<0ll, 1ll>, std::ratio<0ll, 1ll>, std::ratio<0ll, 1ll> >, std::ratio<0ll, 1ll>, std::ratio<0ll, 1ll> >, float, units::linear_scale>(units::unit_t<units::unit<std::ratio<1ll, 1ll>, units::base_unit<std::ratio<0ll, 1ll>, std::ratio<0ll, 1ll>, std::ratio<-1ll, 1ll>, std::ratio<0ll, 1ll>, std::ratio<0ll, 1ll>, std::ratio<0ll, 1ll>, std::ratio<0ll, 1ll>, std::ratio<0ll, 1ll>, std::ratio<0ll, 1ll> >, std::ratio<0ll, 1ll>, std::ratio<0ll, 1ll> >, float, units::linear_scale> const&) const
 .text._ZNK4sjsu7lpc17xx16SystemController13CalculatePll0EN5units6unit_tINS2_4unitISt5ratioILx1ELx1EENS2_9base_unitIS5_ILx0ELx1EES8_S5_ILxn1ELx1EES8_S8_S8_S8_S8_S8_EES8_S8_EEfNS2_12linear_scaleEEESD_
                0x000000000000342c      0x220 /home/will/SJSU-Dev2/library/static_libraries/lpc17xx/liblpc17xx.a(startup.cpp.o)
                0x000000000000342c                sjsu::lpc17xx::SystemController::CalculatePll0(units::unit_t<units::unit<std::ratio<1ll, 1ll>, units::base_unit<std::ratio<0ll, 1ll>, std::ratio<0ll, 1ll>, std::ratio<-1ll, 1ll>, std::ratio<0ll, 1ll>, std::ratio<0ll, 1ll>, std::ratio<0ll, 1ll>, std::ratio<0ll, 1ll>, std::ratio<0ll, 1ll>, std::ratio<0ll, 1ll> >, std::ratio<0ll, 1ll>, std::ratio<0ll, 1ll> >, float, units::linear_scale>, units::unit_t<units::unit<std::ratio<1ll, 1ll>, units::base_unit<std::ratio<0ll, 1ll>, std::ratio<0ll, 1ll>, std::ratio<-1ll, 1ll>, std::ratio<0ll, 1ll>, std::ratio<0ll, 1ll>, std::ratio<0ll, 1ll>, std::ratio<0ll, 1ll>, std::ratio<0ll, 1ll>, std::ratio<0ll, 1ll> >, std::ratio<0ll, 1ll>, std::ratio<0ll, 1ll> >, float, units::linear_scale>) const
 .text._ZN4sjsu5ValueINS_7lpc17xx16SystemController9PllSelectEEEDaT_
                0x000000000000364c       0x16 /home/will/SJSU-Dev2/library/static_libraries/lpc17xx/liblpc17xx.a(startup.cpp.o)
                0x000000000000364c                auto sjsu::Value<sjsu::lpc17xx::SystemController::PllSelect>(sjsu::lpc17xx::SystemController::PllSelect)
 *fill*         0x0000000000003662        0x2 ff
 .text._ZNK4sjsu7lpc17xx16SystemController20WritePllFeedSequenceENS1_9PllSelectE
                0x0000000000003664       0x5c /home/will/SJSU-Dev2/library/static_libraries/lpc17xx/liblpc17xx.a(startup.cpp.o)
                0x0000000000003664                sjsu::lpc17xx::SystemController::WritePllFeedSequence(sjsu::lpc17xx::SystemController::PllSelect) const
 .text._ZNK4sjsu7lpc17xx16SystemController20WaitForPllLockStatusENS1_9PllSelectE
                0x00000000000036c0       0x84 /home/will/SJSU-Dev2/library/static_libraries/lpc17xx/liblpc17xx.a(startup.cpp.o)
                0x00000000000036c0                sjsu::lpc17xx::SystemController::WaitForPllLockStatus(sjsu::lpc17xx::SystemController::PllSelect) const
 .text._ZNK4sjsu7lpc17xx16SystemController26WaitForPllConnectionStatusENS1_9PllSelectE
                0x0000000000003744       0x84 /home/will/SJSU-Dev2/library/static_libraries/lpc17xx/liblpc17xx.a(startup.cpp.o)
                0x0000000000003744                sjsu::lpc17xx::SystemController::WaitForPllConnectionStatus(sjsu::lpc17xx::SystemController::PllSelect) const
 .text._ZNK4sjsu7lpc17xx16SystemController18SetCpuClockDividerEh
                0x00000000000037c8       0x48 /home/will/SJSU-Dev2/library/static_libraries/lpc17xx/liblpc17xx.a(startup.cpp.o)
                0x00000000000037c8                sjsu::lpc17xx::SystemController::SetCpuClockDivider(unsigned char) const
 .text._ZNK4sjsu7lpc17xx16SystemController32GetPeripheralClockSelectRegisterERKNS_16SystemController12PeripheralIDE
                0x0000000000003810       0x34 /home/will/SJSU-Dev2/library/static_libraries/lpc17xx/liblpc17xx.a(startup.cpp.o)
                0x0000000000003810                sjsu::lpc17xx::SystemController::GetPeripheralClockSelectRegister(sjsu::SystemController::PeripheralID const&) const
 .text._ZNK4sjsu7lpc17xx16SystemController35CalculatePeripheralClockDividerMaskERKNS_16SystemController12PeripheralIDE
                0x0000000000003844       0x48 /home/will/SJSU-Dev2/library/static_libraries/lpc17xx/liblpc17xx.a(startup.cpp.o)
                0x0000000000003844                sjsu::lpc17xx::SystemController::CalculatePeripheralClockDividerMask(sjsu::SystemController::PeripheralID const&) const
 .text._ZNK4sjsu3Pin7GetPortEv
                0x000000000000388c       0x16 /home/will/SJSU-Dev2/library/static_libraries/lpc17xx/liblpc17xx.a(startup.cpp.o)
                0x000000000000388c                sjsu::Pin::GetPort() const
 .text._ZNK4sjsu3Pin6GetPinEv
                0x00000000000038a2       0x16 /home/will/SJSU-Dev2/library/static_libraries/lpc17xx/liblpc17xx.a(startup.cpp.o)
                0x00000000000038a2                sjsu::Pin::GetPin() const
 .text._ZNK4sjsu7lpc17xx3Pin14SetPinFunctionEh
                0x00000000000038b8       0x48 /home/will/SJSU-Dev2/library/static_libraries/lpc17xx/liblpc17xx.a(startup.cpp.o)
                0x00000000000038b8                sjsu::lpc17xx::Pin::SetPinFunction(unsigned char) const
 .text._ZN4sjsu5ValueINS_3Pin8ResistorEEEDaT_
                0x0000000000003900       0x16 /home/will/SJSU-Dev2/library/static_libraries/lpc17xx/liblpc17xx.a(startup.cpp.o)
                0x0000000000003900                auto sjsu::Value<sjsu::Pin::Resistor>(sjsu::Pin::Resistor)
 *fill*         0x0000000000003916        0x2 ff
 .text._ZNK4sjsu7lpc17xx3Pin7SetPullENS_3Pin8ResistorE
                0x0000000000003918       0x5c /home/will/SJSU-Dev2/library/static_libraries/lpc17xx/liblpc17xx.a(startup.cpp.o)
                0x0000000000003918                sjsu::lpc17xx::Pin::SetPull(sjsu::Pin::Resistor) const
 .text._ZNK4sjsu7lpc17xx3Pin15SetAsAnalogModeEb
                0x0000000000003974       0x2c /home/will/SJSU-Dev2/library/static_libraries/lpc17xx/liblpc17xx.a(startup.cpp.o)
                0x0000000000003974                sjsu::lpc17xx::Pin::SetAsAnalogMode(bool) const
 .text._ZNK4sjsu7lpc17xx3Pin14SetAsOpenDrainEb
                0x00000000000039a0       0x48 /home/will/SJSU-Dev2/library/static_libraries/lpc17xx/liblpc17xx.a(startup.cpp.o)
                0x00000000000039a0                sjsu::lpc17xx::Pin::SetAsOpenDrain(bool) const
 .text._ZNK4sjsu7lpc17xx3Pin17PinRegisterLookupEv
                0x00000000000039e8       0x2e /home/will/SJSU-Dev2/library/static_libraries/lpc17xx/liblpc17xx.a(startup.cpp.o)
                0x00000000000039e8                sjsu::lpc17xx::Pin::PinRegisterLookup() const
 *fill*         0x0000000000003a16        0x2 ff
 .text._ZNK4sjsu7lpc40xx3Pin14SetPinFunctionEh
                0x0000000000003a18       0x34 /home/will/SJSU-Dev2/library/static_libraries/lpc17xx/liblpc17xx.a(startup.cpp.o)
                0x0000000000003a18                sjsu::lpc40xx::Pin::SetPinFunction(unsigned char) const
 .text._ZNK4sjsu7lpc40xx3Pin7SetPullENS_3Pin8ResistorE
                0x0000000000003a4c       0x34 /home/will/SJSU-Dev2/library/static_libraries/lpc17xx/liblpc17xx.a(startup.cpp.o)
                0x0000000000003a4c                sjsu::lpc40xx::Pin::SetPull(sjsu::Pin::Resistor) const
 .text._ZNK4sjsu7lpc40xx3Pin15SetAsAnalogModeEb
                0x0000000000003a80       0x3c /home/will/SJSU-Dev2/library/static_libraries/lpc17xx/liblpc17xx.a(startup.cpp.o)
                0x0000000000003a80                sjsu::lpc40xx::Pin::SetAsAnalogMode(bool) const
 .text._ZNK4sjsu7lpc40xx3Pin14SetAsOpenDrainEb
                0x0000000000003abc       0x34 /home/will/SJSU-Dev2/library/static_libraries/lpc17xx/liblpc17xx.a(startup.cpp.o)
                0x0000000000003abc                sjsu::lpc40xx::Pin::SetAsOpenDrain(bool) const
 .text._ZNK4sjsu7lpc40xx3Pin14SetPinRegisterEhNS_3bit4MaskE
                0x0000000000003af0       0x7c /home/will/SJSU-Dev2/library/static_libraries/lpc17xx/liblpc17xx.a(startup.cpp.o)
                0x0000000000003af0                sjsu::lpc40xx::Pin::SetPinRegister(unsigned char, sjsu::bit::Mask) const
 .text._ZN4sjsu7lpc40xx4uart21FindClosestFractionalEf
                0x0000000000003b6c       0xcc /home/will/SJSU-Dev2/library/static_libraries/lpc17xx/liblpc17xx.a(startup.cpp.o)
                0x0000000000003b6c                sjsu::lpc40xx::uart::FindClosestFractional(float)
 .text._ZN4sjsu7lpc40xx4uart15DividerEstimateEffm
                0x0000000000003c38       0x3e /home/will/SJSU-Dev2/library/static_libraries/lpc17xx/liblpc17xx.a(startup.cpp.o)
                0x0000000000003c38                sjsu::lpc40xx::uart::DividerEstimate(float, float, unsigned long)
 .text._ZN4sjsu7lpc40xx4uart18FractionalEstimateEffm
                0x0000000000003c76       0x3e /home/will/SJSU-Dev2/library/static_libraries/lpc17xx/liblpc17xx.a(startup.cpp.o)
                0x0000000000003c76                sjsu::lpc40xx::uart::FractionalEstimate(float, float, unsigned long)
 .text._ZN4sjsu7lpc40xx4uart10RoundFloatEf
                0x0000000000003cb4       0x2c /home/will/SJSU-Dev2/library/static_libraries/lpc17xx/liblpc17xx.a(startup.cpp.o)
                0x0000000000003cb4                sjsu::lpc40xx::uart::RoundFloat(float)
 .text._ZN4sjsu7lpc40xx4uart9IsDecmialEf
                0x0000000000003ce0       0x54 /home/will/SJSU-Dev2/library/static_libraries/lpc17xx/liblpc17xx.a(startup.cpp.o)
                0x0000000000003ce0                sjsu::lpc40xx::uart::IsDecmial(float)
 .text._ZN4sjsu7lpc40xx4uartL23GenerateUartCalibrationEmN5units6unit_tINS2_4unitISt5ratioILx1ELx1EENS2_9base_unitIS5_ILx0ELx1EES8_S5_ILxn1ELx1EES8_S8_S8_S8_S8_S8_EES8_S8_EEfNS2_12linear_scaleEEE
                0x0000000000003d34      0x1b0 /home/will/SJSU-Dev2/library/static_libraries/lpc17xx/liblpc17xx.a(startup.cpp.o)
 .text._ZNK4sjsu7lpc40xx4Uart10InitializeEm
                0x0000000000003ee4       0xc0 /home/will/SJSU-Dev2/library/static_libraries/lpc17xx/liblpc17xx.a(startup.cpp.o)
                0x0000000000003ee4                sjsu::lpc40xx::Uart::Initialize(unsigned long) const
 .text._ZNK4sjsu7lpc40xx4Uart11SetBaudRateEm
                0x0000000000003fa4       0x8c /home/will/SJSU-Dev2/library/static_libraries/lpc17xx/liblpc17xx.a(startup.cpp.o)
                0x0000000000003fa4                sjsu::lpc40xx::Uart::SetBaudRate(unsigned long) const
 .text._ZNK4sjsu7lpc40xx4Uart5WriteEPKhj
                0x0000000000004030       0x4e /home/will/SJSU-Dev2/library/static_libraries/lpc17xx/liblpc17xx.a(startup.cpp.o)
                0x0000000000004030                sjsu::lpc40xx::Uart::Write(unsigned char const*, unsigned int) const
 .text._ZZNK4sjsu7lpc40xx4Uart4ReadEPhjNSt6chrono8durationIxSt5ratioILx1ELx1000000EEEEENKUlvE_clEv
                0x000000000000407e       0x56 /home/will/SJSU-Dev2/library/static_libraries/lpc17xx/liblpc17xx.a(startup.cpp.o)
                0x000000000000407e                sjsu::lpc40xx::Uart::Read(unsigned char*, unsigned int, std::chrono::duration<long long, std::ratio<1ll, 1000000ll> >) const::{lambda()#1}::operator()() const
 .text._ZNK4sjsu7lpc40xx4Uart4ReadEPhjNSt6chrono8durationIxSt5ratioILx1ELx1000000EEEE
                0x00000000000040d4       0xd0 /home/will/SJSU-Dev2/library/static_libraries/lpc17xx/liblpc17xx.a(startup.cpp.o)
                0x00000000000040d4                sjsu::lpc40xx::Uart::Read(unsigned char*, unsigned int, std::chrono::duration<long long, std::ratio<1ll, 1000000ll> >) const
 .text._ZNK4sjsu7lpc40xx4Uart7HasDataEv
                0x00000000000041a4       0x24 /home/will/SJSU-Dev2/library/static_libraries/lpc17xx/liblpc17xx.a(startup.cpp.o)
                0x00000000000041a4                sjsu::lpc40xx::Uart::HasData() const
 .text._ZNK4sjsu7lpc40xx4Uart20TransmissionCompleteEv
                0x00000000000041c8       0x24 /home/will/SJSU-Dev2/library/static_libraries/lpc17xx/liblpc17xx.a(startup.cpp.o)
                0x00000000000041c8                sjsu::lpc40xx::Uart::TransmissionComplete() const
 .text._ZN12_GLOBAL__N_113Lpc17xxStdOutEPKcj
                0x00000000000041ec       0x24 /home/will/SJSU-Dev2/library/static_libraries/lpc17xx/liblpc17xx.a(startup.cpp.o)
 .text._ZN12_GLOBAL__N_112Lpc17xxStdInEPcj
                0x0000000000004210       0x34 /home/will/SJSU-Dev2/library/static_libraries/lpc17xx/liblpc17xx.a(startup.cpp.o)
 .text.ThreadRuntimeCounter
                0x0000000000004244       0x14 /home/will/SJSU-Dev2/library/static_libraries/lpc17xx/liblpc17xx.a(startup.cpp.o)
                0x0000000000004244                ThreadRuntimeCounter
 .text._ZN4sjsu18InitializePlatformEv
                0x0000000000004258       0xb0 /home/will/SJSU-Dev2/library/static_libraries/lpc17xx/liblpc17xx.a(startup.cpp.o)
                0x0000000000004258                sjsu::InitializePlatform()
 .text._ZN5unitsdvINS_6unit_tINS_4unitISt5ratioILx1ELx1EENS_9base_unitIS3_ILx0ELx1EES6_S3_ILxn1ELx1EES6_S6_S6_S6_S6_S6_EES6_S6_EEfNS_12linear_scaleEEEmLi0EEET_RKSC_T0_
                0x0000000000004308       0x3e /home/will/SJSU-Dev2/library/static_libraries/lpc17xx/liblpc17xx.a(startup.cpp.o)
                0x0000000000004308                units::unit_t<units::unit<std::ratio<1ll, 1ll>, units::base_unit<std::ratio<0ll, 1ll>, std::ratio<0ll, 1ll>, std::ratio<-1ll, 1ll>, std::ratio<0ll, 1ll>, std::ratio<0ll, 1ll>, std::ratio<0ll, 1ll>, std::ratio<0ll, 1ll>, std::ratio<0ll, 1ll>, std::ratio<0ll, 1ll> >, std::ratio<0ll, 1ll>, std::ratio<0ll, 1ll> >, float, units::linear_scale> units::operator/<units::unit_t<units::unit<std::ratio<1ll, 1ll>, units::base_unit<std::ratio<0ll, 1ll>, std::ratio<0ll, 1ll>, std::ratio<-1ll, 1ll>, std::ratio<0ll, 1ll>, std::ratio<0ll, 1ll>, std::ratio<0ll, 1ll>, std::ratio<0ll, 1ll>, std::ratio<0ll, 1ll>, std::ratio<0ll, 1ll> >, std::ratio<0ll, 1ll>, std::ratio<0ll, 1ll> >, float, units::linear_scale>, unsigned long, 0>(units::unit_t<units::unit<std::ratio<1ll, 1ll>, units::base_unit<std::ratio<0ll, 1ll>, std::ratio<0ll, 1ll>, std::ratio<-1ll, 1ll>, std::ratio<0ll, 1ll>, std::ratio<0ll, 1ll>, std::ratio<0ll, 1ll>, std::ratio<0ll, 1ll>, std::ratio<0ll, 1ll>, std::ratio<0ll, 1ll> >, std::ratio<0ll, 1ll>, std::ratio<0ll, 1ll> >, float, units::linear_scale> const&, unsigned long)
 .text._ZNSt6chrono8durationIxSt5ratioILx1ELx1000000EEEpLERKS3_
                0x0000000000004346       0x30 /home/will/SJSU-Dev2/library/static_libraries/lpc17xx/liblpc17xx.a(startup.cpp.o)
                0x0000000000004346                std::chrono::duration<long long, std::ratio<1ll, 1000000ll> >::operator+=(std::chrono::duration<long long, std::ratio<1ll, 1000000ll> > const&)
 .text._ZNK5units6unit_tINS_4unitISt5ratioILx1ELx1EENS_9base_unitIS2_ILx0ELx1EES5_S5_S5_S5_S5_S5_S5_S5_EES5_S5_EEfNS_12linear_scaleEEcvT_ImLi0EEEv
                0x0000000000004376       0x30 /home/will/SJSU-Dev2/library/static_libraries/lpc17xx/liblpc17xx.a(startup.cpp.o)
                0x0000000000004376                units::unit_t<units::unit<std::ratio<1ll, 1ll>, units::base_unit<std::ratio<0ll, 1ll>, std::ratio<0ll, 1ll>, std::ratio<0ll, 1ll>, std::ratio<0ll, 1ll>, std::ratio<0ll, 1ll>, std::ratio<0ll, 1ll>, std::ratio<0ll, 1ll>, std::ratio<0ll, 1ll>, std::ratio<0ll, 1ll> >, std::ratio<0ll, 1ll>, std::ratio<0ll, 1ll> >, float, units::linear_scale>::operator unsigned long<unsigned long, 0>() const
 .text._ZN4sjsu3bit5ClearImEET_S2_m
                0x00000000000043a6       0x24 /home/will/SJSU-Dev2/library/static_libraries/lpc17xx/liblpc17xx.a(startup.cpp.o)
                0x00000000000043a6                unsigned long sjsu::bit::Clear<unsigned long>(unsigned long, unsigned long)
 .text._ZN4sjsu3bit6InsertImtEET_S2_T0_NS0_4MaskE
                0x00000000000043ca       0x26 /home/will/SJSU-Dev2/library/static_libraries/lpc17xx/liblpc17xx.a(startup.cpp.o)
                0x00000000000043ca                unsigned long sjsu::bit::Insert<unsigned long, unsigned short>(unsigned long, unsigned short, sjsu::bit::Mask)
 .text._ZN4sjsu3bit6InsertImhEET_S2_T0_NS0_4MaskE
                0x00000000000043f0       0x26 /home/will/SJSU-Dev2/library/static_libraries/lpc17xx/liblpc17xx.a(startup.cpp.o)
                0x00000000000043f0                unsigned long sjsu::bit::Insert<unsigned long, unsigned char>(unsigned long, unsigned char, sjsu::bit::Mask)
 .text._ZN4sjsu3bit3SetImEET_S2_m
                0x0000000000004416       0x22 /home/will/SJSU-Dev2/library/static_libraries/lpc17xx/liblpc17xx.a(startup.cpp.o)
                0x0000000000004416                unsigned long sjsu::bit::Set<unsigned long>(unsigned long, unsigned long)
 .text._ZN5units6unit_tINS_4unitISt5ratioILx1ELx1EENS_9base_unitIS2_ILx0ELx1EES5_S2_ILxn1ELx1EES5_S5_S5_S5_S5_S5_EES5_S5_EEfNS_12linear_scaleEEaSINS1_IS2_ILx1000000ELx1EES8_S5_S5_EEfS9_EERSA_RKNS0_IT_T0_T1_EE
                0x0000000000004438       0x22 /home/will/SJSU-Dev2/library/static_libraries/lpc17xx/liblpc17xx.a(startup.cpp.o)
                0x0000000000004438                units::unit_t<units::unit<std::ratio<1ll, 1ll>, units::base_unit<std::ratio<0ll, 1ll>, std::ratio<0ll, 1ll>, std::ratio<-1ll, 1ll>, std::ratio<0ll, 1ll>, std::ratio<0ll, 1ll>, std::ratio<0ll, 1ll>, std::ratio<0ll, 1ll>, std::ratio<0ll, 1ll>, std::ratio<0ll, 1ll> >, std::ratio<0ll, 1ll>, std::ratio<0ll, 1ll> >, float, units::linear_scale>& units::unit_t<units::unit<std::ratio<1ll, 1ll>, units::base_unit<std::ratio<0ll, 1ll>, std::ratio<0ll, 1ll>, std::ratio<-1ll, 1ll>, std::ratio<0ll, 1ll>, std::ratio<0ll, 1ll>, std::ratio<0ll, 1ll>, std::ratio<0ll, 1ll>, std::ratio<0ll, 1ll>, std::ratio<0ll, 1ll> >, std::ratio<0ll, 1ll>, std::ratio<0ll, 1ll> >, float, units::linear_scale>::operator=<units::unit<std::ratio<1000000ll, 1ll>, units::unit<std::ratio<1ll, 1ll>, units::base_unit<std::ratio<0ll, 1ll>, std::ratio<0ll, 1ll>, std::ratio<-1ll, 1ll>, std::ratio<0ll, 1ll>, std::ratio<0ll, 1ll>, std::ratio<0ll, 1ll>, std::ratio<0ll, 1ll>, std::ratio<0ll, 1ll>, std::ratio<0ll, 1ll> >, std::ratio<0ll, 1ll>, std::ratio<0ll, 1ll> >, std::ratio<0ll, 1ll>, std::ratio<0ll, 1ll> >, float, units::linear_scale>(units::unit_t<units::unit<std::ratio<1000000ll, 1ll>, units::unit<std::ratio<1ll, 1ll>, units::base_unit<std::ratio<0ll, 1ll>, std::ratio<0ll, 1ll>, std::ratio<-1ll, 1ll>, std::ratio<0ll, 1ll>, std::ratio<0ll, 1ll>, std::ratio<0ll, 1ll>, std::ratio<0ll, 1ll>, std::ratio<0ll, 1ll>, std::ratio<0ll, 1ll> >, std::ratio<0ll, 1ll>, std::ratio<0ll, 1ll> >, std::ratio<0ll, 1ll>, std::ratio<0ll, 1ll> >, float, units::linear_scale> const&)
 .text._ZN4sjsu3bit7ExtractImEET_S2_NS0_4MaskE
                0x000000000000445a       0x22 /home/will/SJSU-Dev2/library/static_libraries/lpc17xx/liblpc17xx.a(startup.cpp.o)
                0x000000000000445a                unsigned long sjsu::bit::Extract<unsigned long>(unsigned long, sjsu::bit::Mask)
 .text._ZN4sjsu3bit4ReadImEEbT_m
                0x000000000000447c       0x2c /home/will/SJSU-Dev2/library/static_libraries/lpc17xx/liblpc17xx.a(startup.cpp.o)
                0x000000000000447c                bool sjsu::bit::Read<unsigned long>(unsigned long, unsigned long)
 .text._ZN4sjsu3bit6InsertImmEET_S2_T0_NS0_4MaskE
                0x00000000000044a8       0x24 /home/will/SJSU-Dev2/library/static_libraries/lpc17xx/liblpc17xx.a(startup.cpp.o)
                0x00000000000044a8                unsigned long sjsu::bit::Insert<unsigned long, unsigned long>(unsigned long, unsigned long, sjsu::bit::Mask)
 .text._ZN5unitsmlINS_6unit_tINS_4unitISt5ratioILx1ELx1EENS_9base_unitIS3_ILx0ELx1EES6_S3_ILxn1ELx1EES6_S6_S6_S6_S6_S6_EES6_S6_EEfNS_12linear_scaleEEEiLi0EEET_T0_RKSC_
                0x00000000000044cc       0x3e /home/will/SJSU-Dev2/library/static_libraries/lpc17xx/liblpc17xx.a(startup.cpp.o)
                0x00000000000044cc                units::unit_t<units::unit<std::ratio<1ll, 1ll>, units::base_unit<std::ratio<0ll, 1ll>, std::ratio<0ll, 1ll>, std::ratio<-1ll, 1ll>, std::ratio<0ll, 1ll>, std::ratio<0ll, 1ll>, std::ratio<0ll, 1ll>, std::ratio<0ll, 1ll>, std::ratio<0ll, 1ll>, std::ratio<0ll, 1ll> >, std::ratio<0ll, 1ll>, std::ratio<0ll, 1ll> >, float, units::linear_scale> units::operator*<units::unit_t<units::unit<std::ratio<1ll, 1ll>, units::base_unit<std::ratio<0ll, 1ll>, std::ratio<0ll, 1ll>, std::ratio<-1ll, 1ll>, std::ratio<0ll, 1ll>, std::ratio<0ll, 1ll>, std::ratio<0ll, 1ll>, std::ratio<0ll, 1ll>, std::ratio<0ll, 1ll>, std::ratio<0ll, 1ll> >, std::ratio<0ll, 1ll>, std::ratio<0ll, 1ll> >, float, units::linear_scale>, int, 0>(int, units::unit_t<units::unit<std::ratio<1ll, 1ll>, units::base_unit<std::ratio<0ll, 1ll>, std::ratio<0ll, 1ll>, std::ratio<-1ll, 1ll>, std::ratio<0ll, 1ll>, std::ratio<0ll, 1ll>, std::ratio<0ll, 1ll>, std::ratio<0ll, 1ll>, std::ratio<0ll, 1ll>, std::ratio<0ll, 1ll> >, std::ratio<0ll, 1ll>, std::ratio<0ll, 1ll> >, float, units::linear_scale> const&)
 .text._ZN5unitsdvINS_6unit_tINS_4unitISt5ratioILx1ELx1EENS_9base_unitIS3_ILx0ELx1EES6_S3_ILxn1ELx1EES6_S6_S6_S6_S6_S6_EES6_S6_EEfNS_12linear_scaleEEEiLi0EEET_RKSC_T0_
                0x000000000000450a       0x3e /home/will/SJSU-Dev2/library/static_libraries/lpc17xx/liblpc17xx.a(startup.cpp.o)
                0x000000000000450a                units::unit_t<units::unit<std::ratio<1ll, 1ll>, units::base_unit<std::ratio<0ll, 1ll>, std::ratio<0ll, 1ll>, std::ratio<-1ll, 1ll>, std::ratio<0ll, 1ll>, std::ratio<0ll, 1ll>, std::ratio<0ll, 1ll>, std::ratio<0ll, 1ll>, std::ratio<0ll, 1ll>, std::ratio<0ll, 1ll> >, std::ratio<0ll, 1ll>, std::ratio<0ll, 1ll> >, float, units::linear_scale> units::operator/<units::unit_t<units::unit<std::ratio<1ll, 1ll>, units::base_unit<std::ratio<0ll, 1ll>, std::ratio<0ll, 1ll>, std::ratio<-1ll, 1ll>, std::ratio<0ll, 1ll>, std::ratio<0ll, 1ll>, std::ratio<0ll, 1ll>, std::ratio<0ll, 1ll>, std::ratio<0ll, 1ll>, std::ratio<0ll, 1ll> >, std::ratio<0ll, 1ll>, std::ratio<0ll, 1ll> >, float, units::linear_scale>, int, 0>(units::unit_t<units::unit<std::ratio<1ll, 1ll>, units::base_unit<std::ratio<0ll, 1ll>, std::ratio<0ll, 1ll>, std::ratio<-1ll, 1ll>, std::ratio<0ll, 1ll>, std::ratio<0ll, 1ll>, std::ratio<0ll, 1ll>, std::ratio<0ll, 1ll>, std::ratio<0ll, 1ll>, std::ratio<0ll, 1ll> >, std::ratio<0ll, 1ll>, std::ratio<0ll, 1ll> >, float, units::linear_scale> const&, int)
 .text._ZN4sjsu3bit6InsertImbEET_S2_T0_NS0_4MaskE
                0x0000000000004548       0x26 /home/will/SJSU-Dev2/library/static_libraries/lpc17xx/liblpc17xx.a(startup.cpp.o)
                0x0000000000004548                unsigned long sjsu::bit::Insert<unsigned long, bool>(unsigned long, bool, sjsu::bit::Mask)
 .text._ZN4sjsu3bit4ReadIhEEbT_m
                0x000000000000456e       0x2c /home/will/SJSU-Dev2/library/static_libraries/lpc17xx/liblpc17xx.a(startup.cpp.o)
                0x000000000000456e                bool sjsu::bit::Read<unsigned char>(unsigned char, unsigned long)
 .text._ZN5unitsL7convertINS_4unitISt5ratioILx1ELx1EENS_9base_unitIS2_ILx0ELx1EES5_S5_S5_S5_S5_S5_S5_S5_EES5_S5_EES7_fEET1_RKS8_
                0x000000000000459a       0x18 /home/will/SJSU-Dev2/library/static_libraries/lpc17xx/liblpc17xx.a(startup.cpp.o)
 .text._ZN4sjsu3bit6InsertImtEET_S2_T0_mm
                0x00000000000045b2       0x58 /home/will/SJSU-Dev2/library/static_libraries/lpc17xx/liblpc17xx.a(startup.cpp.o)
                0x00000000000045b2                unsigned long sjsu::bit::Insert<unsigned long, unsigned short>(unsigned long, unsigned short, unsigned long, unsigned long)
 .text._ZN4sjsu3bit6InsertImhEET_S2_T0_mm
                0x000000000000460a       0x58 /home/will/SJSU-Dev2/library/static_libraries/lpc17xx/liblpc17xx.a(startup.cpp.o)
                0x000000000000460a                unsigned long sjsu::bit::Insert<unsigned long, unsigned char>(unsigned long, unsigned char, unsigned long, unsigned long)
 .text._ZN4sjsu3bit7ExtractImEET_S2_mm
                0x0000000000004662       0x3a /home/will/SJSU-Dev2/library/static_libraries/lpc17xx/liblpc17xx.a(startup.cpp.o)
                0x0000000000004662                unsigned long sjsu::bit::Extract<unsigned long>(unsigned long, unsigned long, unsigned long)
 .text._ZN4sjsu3bit6InsertImmEET_S2_T0_mm
                0x000000000000469c       0x56 /home/will/SJSU-Dev2/library/static_libraries/lpc17xx/liblpc17xx.a(startup.cpp.o)
                0x000000000000469c                unsigned long sjsu::bit::Insert<unsigned long, unsigned long>(unsigned long, unsigned long, unsigned long, unsigned long)
 .text._ZN4sjsu3bit6InsertImbEET_S2_T0_mm
                0x00000000000046f2       0x58 /home/will/SJSU-Dev2/library/static_libraries/lpc17xx/liblpc17xx.a(startup.cpp.o)
                0x00000000000046f2                unsigned long sjsu::bit::Insert<unsigned long, bool>(unsigned long, bool, unsigned long, unsigned long)
 .text._ZN5units6detailL7convertINS_4unitISt5ratioILx1ELx1EENS_9base_unitIS3_ILx0ELx1EES6_S6_S6_S6_S6_S6_S6_S6_EES6_S6_EES8_S4_S6_S6_fEET4_RKS9_St17integral_constantIbLb1EESC_IbLb0EESE_
                0x000000000000474a       0x1c /home/will/SJSU-Dev2/library/static_libraries/lpc17xx/liblpc17xx.a(startup.cpp.o)
 *fill*         0x0000000000004766        0x2 ff
 .text._Z41__static_initialization_and_destruction_0ii
                0x0000000000004768      0x1e8 /home/will/SJSU-Dev2/library/static_libraries/lpc17xx/liblpc17xx.a(startup.cpp.o)
 .text._GLOBAL__sub_I_ThreadRuntimeCounter
                0x0000000000004950       0x10 /home/will/SJSU-Dev2/library/static_libraries/lpc17xx/liblpc17xx.a(startup.cpp.o)
 .text.vPortSVCHandler
                0x0000000000004960       0x28 /home/will/SJSU-Dev2/library/static_libraries/lpc17xx/liblpc17xx.a(port.c.o)
                0x0000000000004960                vPortSVCHandler
 *fill*         0x0000000000004988        0x8 ff
 .text.xPortPendSVHandler
                0x0000000000004990       0x48 /home/will/SJSU-Dev2/library/static_libraries/lpc17xx/liblpc17xx.a(port.c.o)
                0x0000000000004990                xPortPendSVHandler
 .text._ZN4sjsu6newlib15DoNothingStdOutEPKcj
                0x00000000000049d8       0x16 /home/will/SJSU-Dev2/library/static_libraries/lpc17xx/libnewlib.a(stdio.cpp.o)
                0x00000000000049d8                sjsu::newlib::DoNothingStdOut(char const*, unsigned int)
 .text._ZN4sjsu6newlib14DoNothingStdInEPcj
                0x00000000000049ee       0x16 /home/will/SJSU-Dev2/library/static_libraries/lpc17xx/libnewlib.a(stdio.cpp.o)
                0x00000000000049ee                sjsu::newlib::DoNothingStdIn(char*, unsigned int)
 .text._ZN4sjsu6newlib9SetStdoutEPFiPKcjE
                0x0000000000004a04       0x1c /home/will/SJSU-Dev2/library/static_libraries/lpc17xx/libnewlib.a(stdio.cpp.o)
                0x0000000000004a04                sjsu::newlib::SetStdout(int (*)(char const*, unsigned int))
 .text._ZN4sjsu6newlib8SetStdinEPFiPcjE
                0x0000000000004a20       0x1c /home/will/SJSU-Dev2/library/static_libraries/lpc17xx/libnewlib.a(stdio.cpp.o)
                0x0000000000004a20                sjsu::newlib::SetStdin(int (*)(char*, unsigned int))
 .text.__cxa_pure_virtual
                0x0000000000004a3c        0x6 /home/will/SJSU-Dev2/tools/gcc-arm-none-eabi-7-2017-q4-major/bin/../lib/gcc/arm-none-eabi/7.2.1/../../../../arm-none-eabi/lib/thumb/v7-m/libstdc++_nano.a(pure.o)
                0x0000000000004a3c                __cxa_pure_virtual
 .text._ZN10__cxxabiv111__terminateEPFvvE
                0x0000000000004a42        0x8 /home/will/SJSU-Dev2/tools/gcc-arm-none-eabi-7-2017-q4-major/bin/../lib/gcc/arm-none-eabi/7.2.1/../../../../arm-none-eabi/lib/thumb/v7-m/libstdc++_nano.a(eh_terminate.o)
                0x0000000000004a42                __cxxabiv1::__terminate(void (*)())
 *fill*         0x0000000000004a4a        0x2 ff
 .text._ZSt13get_terminatev
                0x0000000000004a4c       0x10 /home/will/SJSU-Dev2/tools/gcc-arm-none-eabi-7-2017-q4-major/bin/../lib/gcc/arm-none-eabi/7.2.1/../../../../arm-none-eabi/lib/thumb/v7-m/libstdc++_nano.a(eh_terminate.o)
                0x0000000000004a4c                std::get_terminate()
 .text._ZSt9terminatev
                0x0000000000004a5c        0xa /home/will/SJSU-Dev2/tools/gcc-arm-none-eabi-7-2017-q4-major/bin/../lib/gcc/arm-none-eabi/7.2.1/../../../../arm-none-eabi/lib/thumb/v7-m/libstdc++_nano.a(eh_terminate.o)
                0x0000000000004a5c                std::terminate()
 *fill*         0x0000000000004a66        0x2 ff
 .text          0x0000000000004a68       0xa0 /home/will/SJSU-Dev2/tools/gcc-arm-none-eabi-7-2017-q4-major/bin/../lib/gcc/arm-none-eabi/7.2.1/thumb/v7-m/libgcc.a(_arm_truncdfsf2.o)
                0x0000000000004a68                __aeabi_d2f
                0x0000000000004a68                __truncdfsf2
 .text          0x0000000000004b08      0x21c /home/will/SJSU-Dev2/tools/gcc-arm-none-eabi-7-2017-q4-major/bin/../lib/gcc/arm-none-eabi/7.2.1/thumb/v7-m/libgcc.a(_arm_addsubsf3.o)
                0x0000000000004b08                __aeabi_frsub
                0x0000000000004b10                __subsf3
                0x0000000000004b10                __aeabi_fsub
                0x0000000000004b14                __aeabi_fadd
                0x0000000000004b14                __addsf3
                0x0000000000004c74                __aeabi_ui2f
                0x0000000000004c74                __floatunsisf
                0x0000000000004c7c                __aeabi_i2f
                0x0000000000004c7c                __floatsisf
                0x0000000000004c98                __floatundisf
                0x0000000000004c98                __aeabi_ul2f
                0x0000000000004ca8                __floatdisf
                0x0000000000004ca8                __aeabi_l2f
 .text          0x0000000000004d24      0x2a0 /home/will/SJSU-Dev2/tools/gcc-arm-none-eabi-7-2017-q4-major/bin/../lib/gcc/arm-none-eabi/7.2.1/thumb/v7-m/libgcc.a(_arm_muldivsf3.o)
                0x0000000000004d24                __mulsf3
                0x0000000000004d24                __aeabi_fmul
                0x0000000000004e8c                __divsf3
                0x0000000000004e8c                __aeabi_fdiv
 .text          0x0000000000004fc4       0xec /home/will/SJSU-Dev2/tools/gcc-arm-none-eabi-7-2017-q4-major/bin/../lib/gcc/arm-none-eabi/7.2.1/thumb/v7-m/libgcc.a(_arm_cmpsf2.o)
                0x0000000000004fc4                __gtsf2
                0x0000000000004fc4                __gesf2
                0x0000000000004fcc                __lesf2
                0x0000000000004fcc                __ltsf2
                0x0000000000004fd4                __nesf2
                0x0000000000004fd4                __eqsf2
                0x0000000000004fd4                __cmpsf2
                0x0000000000005034                __aeabi_cfrcmple
                0x000000000000503c                __aeabi_cfcmple
                0x000000000000503c                __aeabi_cfcmpeq
                0x000000000000504c                __aeabi_fcmpeq
                0x0000000000005060                __aeabi_fcmplt
                0x0000000000005074                __aeabi_fcmple
                0x0000000000005088                __aeabi_fcmpge
                0x000000000000509c                __aeabi_fcmpgt
 .text          0x00000000000050b0       0x4c /home/will/SJSU-Dev2/tools/gcc-arm-none-eabi-7-2017-q4-major/bin/../lib/gcc/arm-none-eabi/7.2.1/thumb/v7-m/libgcc.a(_arm_fixsfsi.o)
                0x00000000000050b0                __fixsfsi
                0x00000000000050b0                __aeabi_f2iz
 .text          0x00000000000050fc       0x40 /home/will/SJSU-Dev2/tools/gcc-arm-none-eabi-7-2017-q4-major/bin/../lib/gcc/arm-none-eabi/7.2.1/thumb/v7-m/libgcc.a(_arm_fixunssfsi.o)
                0x00000000000050fc                __aeabi_f2uiz
                0x00000000000050fc                __fixunssfsi
 .text          0x000000000000513c       0x30 /home/will/SJSU-Dev2/tools/gcc-arm-none-eabi-7-2017-q4-major/bin/../lib/gcc/arm-none-eabi/7.2.1/thumb/v7-m/libgcc.a(_aeabi_uldivmod.o)
                0x000000000000513c                __aeabi_uldivmod
 .text          0x000000000000516c      0x2d0 /home/will/SJSU-Dev2/tools/gcc-arm-none-eabi-7-2017-q4-major/bin/../lib/gcc/arm-none-eabi/7.2.1/thumb/v7-m/libgcc.a(_udivmoddi4.o)
                0x000000000000516c                __udivmoddi4
 .text          0x000000000000543c      0xa00 /home/will/SJSU-Dev2/tools/gcc-arm-none-eabi-7-2017-q4-major/bin/../lib/gcc/arm-none-eabi/7.2.1/thumb/v7-m/libgcc.a(unwind-arm.o)
                0x00000000000056f8                _Unwind_GetCFA
                0x00000000000056fc                __gnu_Unwind_RaiseException
                0x000000000000575c                __gnu_Unwind_ForcedUnwind
                0x0000000000005770                __gnu_Unwind_Resume
                0x00000000000057b4                __gnu_Unwind_Resume_or_Rethrow
                0x00000000000057c8                _Unwind_Complete
                0x00000000000057cc                _Unwind_DeleteException
                0x00000000000057d8                _Unwind_VRS_Get
                0x000000000000581c                _Unwind_VRS_Set
                0x0000000000005864                __gnu_Unwind_Backtrace
                0x0000000000005bac                __aeabi_unwind_cpp_pr0
                0x0000000000005bb0                __aeabi_unwind_cpp_pr1
                0x0000000000005bb4                __aeabi_unwind_cpp_pr2
                0x0000000000005bb8                _Unwind_VRS_Pop
 .text          0x0000000000005e3c      0x1ac /home/will/SJSU-Dev2/tools/gcc-arm-none-eabi-7-2017-q4-major/bin/../lib/gcc/arm-none-eabi/7.2.1/thumb/v7-m/libgcc.a(libunwind.o)
                0x0000000000005e3c                __restore_core_regs
                0x0000000000005e3c                restore_core_regs
                0x0000000000005e54                __gnu_Unwind_Restore_VFP
                0x0000000000005e5c                __gnu_Unwind_Save_VFP
                0x0000000000005e64                __gnu_Unwind_Restore_VFP_D
                0x0000000000005e6c                __gnu_Unwind_Save_VFP_D
                0x0000000000005e74                __gnu_Unwind_Restore_VFP_D_16_to_31
                0x0000000000005e7c                __gnu_Unwind_Save_VFP_D_16_to_31
                0x0000000000005e84                __gnu_Unwind_Restore_WMMXD
                0x0000000000005ec8                __gnu_Unwind_Save_WMMXD
                0x0000000000005f0c                __gnu_Unwind_Restore_WMMXC
                0x0000000000005f20                __gnu_Unwind_Save_WMMXC
                0x0000000000005f34                ___Unwind_RaiseException
                0x0000000000005f34                _Unwind_RaiseException
                0x0000000000005f58                ___Unwind_Resume
                0x0000000000005f58                _Unwind_Resume
                0x0000000000005f7c                _Unwind_Resume_or_Rethrow
                0x0000000000005f7c                ___Unwind_Resume_or_Rethrow
                0x0000000000005fa0                ___Unwind_ForcedUnwind
                0x0000000000005fa0                _Unwind_ForcedUnwind
                0x0000000000005fc4                _Unwind_Backtrace
                0x0000000000005fc4                ___Unwind_Backtrace
 .text          0x0000000000005fe8      0x378 /home/will/SJSU-Dev2/tools/gcc-arm-none-eabi-7-2017-q4-major/bin/../lib/gcc/arm-none-eabi/7.2.1/thumb/v7-m/libgcc.a(pr-support.o)
                0x0000000000006040                __gnu_unwind_execute
                0x0000000000006304                __gnu_unwind_frame
                0x0000000000006330                _Unwind_GetRegionStart
                0x000000000000633c                _Unwind_GetLanguageSpecificData
                0x0000000000006350                _Unwind_GetDataRelBase
                0x0000000000006358                _Unwind_GetTextRelBase
 .text          0x0000000000006360        0x4 /home/will/SJSU-Dev2/tools/gcc-arm-none-eabi-7-2017-q4-major/bin/../lib/gcc/arm-none-eabi/7.2.1/thumb/v7-m/libgcc.a(_dvmd_tls.o)
                0x0000000000006360                __aeabi_ldiv0
                0x0000000000006360                __aeabi_idiv0
 .text.abort    0x0000000000006364        0xe /home/will/SJSU-Dev2/tools/gcc-arm-none-eabi-7-2017-q4-major/bin/../lib/gcc/arm-none-eabi/7.2.1/../../../../arm-none-eabi/lib/thumb/v7-m/libg_nano.a(lib_a-abort.o)
                0x0000000000006364                abort
 *fill*         0x0000000000006372        0x2 ff
 .text.__libc_init_array
                0x0000000000006374       0x48 /home/will/SJSU-Dev2/tools/gcc-arm-none-eabi-7-2017-q4-major/bin/../lib/gcc/arm-none-eabi/7.2.1/../../../../arm-none-eabi/lib/thumb/v7-m/libg_nano.a(lib_a-init.o)
                0x0000000000006374                __libc_init_array
 .text.memcpy   0x00000000000063bc       0x16 /home/will/SJSU-Dev2/tools/gcc-arm-none-eabi-7-2017-q4-major/bin/../lib/gcc/arm-none-eabi/7.2.1/../../../../arm-none-eabi/lib/thumb/v7-m/libg_nano.a(lib_a-memcpy-stub.o)
                0x00000000000063bc                memcpy
 .text.memset   0x00000000000063d2       0x10 /home/will/SJSU-Dev2/tools/gcc-arm-none-eabi-7-2017-q4-major/bin/../lib/gcc/arm-none-eabi/7.2.1/../../../../arm-none-eabi/lib/thumb/v7-m/libg_nano.a(lib_a-memset.o)
                0x00000000000063d2                memset
 .text._raise_r
                0x00000000000063e2       0x50 /home/will/SJSU-Dev2/tools/gcc-arm-none-eabi-7-2017-q4-major/bin/../lib/gcc/arm-none-eabi/7.2.1/../../../../arm-none-eabi/lib/thumb/v7-m/libg_nano.a(lib_a-signal.o)
                0x00000000000063e2                _raise_r
 *fill*         0x0000000000006432        0x2 ff
 .text.raise    0x0000000000006434       0x10 /home/will/SJSU-Dev2/tools/gcc-arm-none-eabi-7-2017-q4-major/bin/../lib/gcc/arm-none-eabi/7.2.1/../../../../arm-none-eabi/lib/thumb/v7-m/libg_nano.a(lib_a-signal.o)
                0x0000000000006434                raise
 .text._kill_r  0x0000000000006444       0x24 /home/will/SJSU-Dev2/tools/gcc-arm-none-eabi-7-2017-q4-major/bin/../lib/gcc/arm-none-eabi/7.2.1/../../../../arm-none-eabi/lib/thumb/v7-m/libg_nano.a(lib_a-signalr.o)
                0x0000000000006444                _kill_r
 .text._getpid_r
                0x0000000000006468        0x4 /home/will/SJSU-Dev2/tools/gcc-arm-none-eabi-7-2017-q4-major/bin/../lib/gcc/arm-none-eabi/7.2.1/../../../../arm-none-eabi/lib/thumb/v7-m/libg_nano.a(lib_a-signalr.o)
                0x0000000000006468                _getpid_r
 .text          0x000000000000646c       0x10 /home/will/SJSU-Dev2/tools/gcc-arm-none-eabi-7-2017-q4-major/bin/../lib/gcc/arm-none-eabi/7.2.1/../../../../arm-none-eabi/lib/thumb/v7-m/libg_nano.a(lib_a-strlen.o)
                0x000000000000646c                strlen
 *(.rodata .rodata.*)
 .rodata._ZTVN4sjsu7LabGPIOE
                0x000000000000647c       0x24 build/application/lpc17xx/compiled/source/LabGPIO.cpp.o
                0x000000000000647c                vtable for sjsu::LabGPIO
 .rodata._ZTVN4sjsu4GpioE
                0x00000000000064a0       0x24 build/application/lpc17xx/compiled/source/LabGPIO.cpp.o