Archive member included to satisfy reference by file (symbol)

/home/will/SJSU-Dev2/library/static_libraries/lpc17xx/liblpc17xx.a(exceptions.cpp.o)
                              (ArmResetHandler)
/home/will/SJSU-Dev2/library/static_libraries/lpc17xx/libfreertos.a(event_groups.c.o)
                              build/application/lpc17xx/compiled//home/will/SJSU-Dev2/library/L3_Application/task_scheduler.cpp.o (xEventGroupCreateStatic)
/home/will/SJSU-Dev2/library/static_libraries/lpc17xx/libfreertos.a(list.c.o)
                              /home/will/SJSU-Dev2/library/static_libraries/lpc17xx/libfreertos.a(event_groups.c.o) (vListInitialise)
/home/will/SJSU-Dev2/library/static_libraries/lpc17xx/libfreertos.a(tasks.c.o)
                              build/application/lpc17xx/compiled//home/will/SJSU-Dev2/library/L3_Application/task_scheduler.cpp.o (xTaskCreateStatic)
/home/will/SJSU-Dev2/library/static_libraries/lpc17xx/libfreertos.a(heap_3.c.o)
                              /home/will/SJSU-Dev2/library/static_libraries/lpc17xx/libfreertos.a(event_groups.c.o) (pvPortMalloc)
/home/will/SJSU-Dev2/library/static_libraries/lpc17xx/libnewlib.a(newlib.cpp.o)
                              build/application/lpc17xx/compiled/source/main.cpp.o (puts)
/home/will/SJSU-Dev2/library/static_libraries/lpc17xx/libprintf.a(printf.cpp.o)
                              build/application/lpc17xx/compiled/source/main.cpp.o (printf)
/home/will/SJSU-Dev2/library/static_libraries/lpc17xx/libsemihost.a(trace_impl.cpp.o)
                              /home/will/SJSU-Dev2/library/static_libraries/lpc17xx/liblpc17xx.a(exceptions.cpp.o) (trace_initialize)
/home/will/SJSU-Dev2/library/static_libraries/lpc17xx/liblpc17xx.a(startup.cpp.o)
                              /home/will/SJSU-Dev2/library/static_libraries/lpc17xx/libfreertos.a(tasks.c.o) (ThreadRuntimeCounter)
/home/will/SJSU-Dev2/library/static_libraries/lpc17xx/liblpc17xx.a(port.c.o)
                              /home/will/SJSU-Dev2/library/static_libraries/lpc17xx/libfreertos.a(tasks.c.o) (pxPortInitialiseStack)
/home/will/SJSU-Dev2/library/static_libraries/lpc17xx/libfreertoscommon.a(freertos_common.cpp.o)
                              /home/will/SJSU-Dev2/library/static_libraries/lpc17xx/libfreertos.a(tasks.c.o) (vApplicationGetIdleTaskMemory)
/home/will/SJSU-Dev2/library/static_libraries/lpc17xx/libfreertos.a(timers.c.o)
                              /home/will/SJSU-Dev2/library/static_libraries/lpc17xx/libfreertos.a(tasks.c.o) (xTimerCreateTimerTask)
/home/will/SJSU-Dev2/library/static_libraries/lpc17xx/libfreertos.a(queue.c.o)
                              /home/will/SJSU-Dev2/library/static_libraries/lpc17xx/libfreertos.a(timers.c.o) (xQueueGenericCreateStatic)
/home/will/SJSU-Dev2/library/static_libraries/lpc17xx/libnewlib.a(stdio.cpp.o)
                              /home/will/SJSU-Dev2/library/static_libraries/lpc17xx/libnewlib.a(newlib.cpp.o) (sjsu::newlib::DoNothingStdOut(char const*, unsigned int))
/home/will/SJSU-Dev2/tools/gcc-arm-none-eabi-7-2017-q4-major/bin/../lib/gcc/arm-none-eabi/7.2.1/../../../../arm-none-eabi/lib/thumb/v7-m/libstdc++_nano.a(pure.o)
                              build/application/lpc17xx/compiled/source/LabGPIO.cpp.o (__cxa_pure_virtual)
/home/will/SJSU-Dev2/tools/gcc-arm-none-eabi-7-2017-q4-major/bin/../lib/gcc/arm-none-eabi/7.2.1/../../../../arm-none-eabi/lib/thumb/v7-m/libstdc++_nano.a(eh_terminate.o)
                              /home/will/SJSU-Dev2/tools/gcc-arm-none-eabi-7-2017-q4-major/bin/../lib/gcc/arm-none-eabi/7.2.1/../../../../arm-none-eabi/lib/thumb/v7-m/libstdc++_nano.a(pure.o) (std::terminate())
/home/will/SJSU-Dev2/tools/gcc-arm-none-eabi-7-2017-q4-major/bin/../lib/gcc/arm-none-eabi/7.2.1/../../../../arm-none-eabi/lib/thumb/v7-m/libstdc++_nano.a(eh_term_handler.o)
                              /home/will/SJSU-Dev2/tools/gcc-arm-none-eabi-7-2017-q4-major/bin/../lib/gcc/arm-none-eabi/7.2.1/../../../../arm-none-eabi/lib/thumb/v7-m/libstdc++_nano.a(eh_terminate.o) (__cxxabiv1::__terminate_handler)
/home/will/SJSU-Dev2/tools/gcc-arm-none-eabi-7-2017-q4-major/bin/../lib/gcc/arm-none-eabi/7.2.1/../../../../arm-none-eabi/lib/thumb/v7-m/libstdc++_nano.a(eh_unex_handler.o)
                              /home/will/SJSU-Dev2/tools/gcc-arm-none-eabi-7-2017-q4-major/bin/../lib/gcc/arm-none-eabi/7.2.1/../../../../arm-none-eabi/lib/thumb/v7-m/libstdc++_nano.a(eh_terminate.o) (__cxxabiv1::__unexpected_handler)
/home/will/SJSU-Dev2/tools/gcc-arm-none-eabi-7-2017-q4-major/bin/../lib/gcc/arm-none-eabi/7.2.1/thumb/v7-m/libgcc.a(_arm_truncdfsf2.o)
                              /home/will/SJSU-Dev2/library/static_libraries/lpc17xx/libprintf.a(printf.cpp.o) (__aeabi_d2f)
/home/will/SJSU-Dev2/tools/gcc-arm-none-eabi-7-2017-q4-major/bin/../lib/gcc/arm-none-eabi/7.2.1/thumb/v7-m/libgcc.a(_arm_addsubsf3.o)
                              /home/will/SJSU-Dev2/library/static_libraries/lpc17xx/libprintf.a(printf.cpp.o) (__aeabi_fsub)
[...]
Memory Configuration

Name             Origin             Length             Attributes
FLASH            0x0000000000000000 0x0000000000080000 xr
SRAM             0x0000000010000000 0x0000000000008000 xrw
SRAM_AHB         0x000000002007c000 0x0000000000008000 xrw
*default*        0x0000000000000000 0xffffffffffffffff

Linker script and memory map

LOAD /home/will/SJSU-Dev2/tools/gcc-arm-none-eabi-7-2017-q4-major/bin/../lib/gcc/arm-none-eabi/7.2.1/thumb/v7-m/crti.o
LOAD /home/will/SJSU-Dev2/tools/gcc-arm-none-eabi-7-2017-q4-major/bin/../lib/gcc/arm-none-eabi/7.2.1/thumb/v7-m/crtbegin.o
LOAD /home/will/SJSU-Dev2/tools/gcc-arm-none-eabi-7-2017-q4-major/bin/../lib/gcc/arm-none-eabi/7.2.1/../../../../arm-none-eabi/lib/thumb/v7-m/rdimon-crt0.o
LOAD build/application/lpc17xx/compiled/source/LabGPIO.cpp.o
LOAD build/application/lpc17xx/compiled/source/main.cpp.o
LOAD build/application/lpc17xx/compiled//home/will/SJSU-Dev2/library/L3_Application/task_scheduler.cpp.o
LOAD build/application/lpc17xx/compiled/libsjsudev2.a
LOAD /home/will/SJSU-Dev2/tools/gcc-arm-none-eabi-7-2017-q4-major/bin/../lib/gcc/arm-none-eabi/7.2.1/../../../../arm-none-eabi/lib/thumb/v7-m/libstdc++_nano.a
LOAD /home/will/SJSU-Dev2/tools/gcc-arm-none-eabi-7-2017-q4-major/bin/../lib/gcc/arm-none-eabi/7.2.1/../../../../arm-none-eabi/lib/thumb/v7-m/libm.a
START GROUP
LOAD /home/will/SJSU-Dev2/tools/gcc-arm-none-eabi-7-2017-q4-major/bin/../lib/gcc/arm-none-eabi/7.2.1/thumb/v7-m/libgcc.a
LOAD /home/will/SJSU-Dev2/tools/gcc-arm-none-eabi-7-2017-q4-major/bin/../lib/gcc/arm-none-eabi/7.2.1/../../../../arm-none-eabi/lib/thumb/v7-m/libg_nano.a
LOAD /home/will/SJSU-Dev2/tools/gcc-arm-none-eabi-7-2017-q4-major/bin/../lib/gcc/arm-none-eabi/7.2.1/../../../../arm-none-eabi/lib/thumb/v7-m/libc_nano.a
END GROUP
START GROUP
LOAD /home/will/SJSU-Dev2/tools/gcc-arm-none-eabi-7-2017-q4-major/bin/../lib/gcc/arm-none-eabi/7.2.1/thumb/v7-m/libgcc.a
LOAD /home/will/SJSU-Dev2/tools/gcc-arm-none-eabi-7-2017-q4-major/bin/../lib/gcc/arm-none-eabi/7.2.1/../../../../arm-none-eabi/lib/thumb/v7-m/libc_nano.a
LOAD /home/will/SJSU-Dev2/tools/gcc-arm-none-eabi-7-2017-q4-major/bin/../lib/gcc/arm-none-eabi/7.2.1/../../../../arm-none-eabi/lib/thumb/v7-m/librdimon_nano.a
END GROUP
START GROUP
LOAD /home/will/SJSU-Dev2/tools/gcc-arm-none-eabi-7-2017-q4-major/bin/../lib/gcc/arm-none-eabi/7.2.1/thumb/v7-m/libgcc.a
LOAD /home/will/SJSU-Dev2/tools/gcc-arm-none-eabi-7-2017-q4-major/bin/../lib/gcc/arm-none-eabi/7.2.1/../../../../arm-none-eabi/lib/thumb/v7-m/libc_nano.a
LOAD /home/will/SJSU-Dev2/tools/gcc-arm-none-eabi-7-2017-q4-major/bin/../lib/gcc/arm-none-eabi/7.2.1/../../../../arm-none-eabi/lib/thumb/v7-m/librdimon_nano.a
END GROUP
LOAD /home/will/SJSU-Dev2/tools/gcc-arm-none-eabi-7-2017-q4-major/bin/../lib/gcc/arm-none-eabi/7.2.1/thumb/v7-m/crtend.o
LOAD /home/will/SJSU-Dev2/tools/gcc-arm-none-eabi-7-2017-q4-major/bin/../lib/gcc/arm-none-eabi/7.2.1/thumb/v7-m/crtn.o
                0x0000000000000000                __base_MFlash512 = 0x0
                0x0000000000000000                __base_Flash = 0x0
                0x0000000000080000                __top_MFlash512 = 0x80000
                0x0000000000080000                __top_Flash = 0x80000
                0x0000000010000000                __base_RamLoc64 = 0x10000000
                0x0000000010000000                __base_RAM = 0x10000000
                0x0000000010008000                __top_RamLoc64 = 0x10008000
                0x0000000010008000                __top_RAM = 0x10008000
                0x000000002007c000                __base_RamPeriph32 = 0x2007c000
                0x000000002007c000                __base_RAM2 = 0x2007c000
                0x0000000020084000                __top_RamPeriph32 = 0x20084000
                0x0000000020084000                __top_RAM2 = 0x20084000
                0x000000002007c000                __user_heap_base = __base_RAM2

.text           0x0000000000000000     0x79a0
 FILL mask 0xff
 *(.isr_vector)
 .isr_vector    0x0000000000000000       0xcc /home/will/SJSU-Dev2/library/static_libraries/lpc17xx/liblpc17xx.a(startup.cpp.o)
                0x00000000000000cc                . = ALIGN (0x4)
                0x00000000000000cc                section_table_start = .
                0x00000000000000cc                data_section_table = .
                0x00000000000000cc        0x4 LONG 0x7a70 LOADADDR (.data)
                0x00000000000000d0        0x4 LONG 0x2007c000 ADDR (.data)
                0x00000000000000d4        0x4 LONG 0x120 SIZEOF (.data)
                0x00000000000000d8                data_section_table_end = .
                0x00000000000000d8                bss_section_table = .
                0x00000000000000d8        0x4 LONG 0x2007c120 ADDR (.bss)
                0x00000000000000dc        0x4 LONG 0x208 SIZEOF (.bss)
                0x00000000000000e0                bss_section_table_end = .
                0x00000000000000e0                section_table_end = .
 *(.after_vectors*)
 *(.text*)
 .text          0x00000000000000e0       0x40 /home/will/SJSU-Dev2/tools/gcc-arm-none-eabi-7-2017-q4-major/bin/../lib/gcc/arm-none-eabi/7.2.1/thumb/v7-m/crtbegin.o
 .text._ZN4sjsu4GpioC2Ev
                0x0000000000000120       0x20 build/application/lpc17xx/compiled/source/LabGPIO.cpp.o
                0x0000000000000120                sjsu::Gpio::Gpio()
                0x0000000000000120                sjsu::Gpio::Gpio()
 .text._ZN4sjsu7LabGPIOC2Ehh
                0x0000000000000140       0x38 build/application/lpc17xx/compiled/source/LabGPIO.cpp.o
                0x0000000000000140                sjsu::LabGPIO::LabGPIO(unsigned char, unsigned char)
                0x0000000000000140                sjsu::LabGPIO::LabGPIO(unsigned char, unsigned char)
 .text._ZNK4sjsu7LabGPIO12SetDirectionENS_4Gpio9DirectionE
                0x0000000000000178       0xf0 build/application/lpc17xx/compiled/source/LabGPIO.cpp.o
                0x0000000000000178                sjsu::LabGPIO::SetDirection(sjsu::Gpio::Direction) const
 .text._ZNK4sjsu7LabGPIO3SetENS_4Gpio5StateE
                0x0000000000000268       0xf0 build/application/lpc17xx/compiled/source/LabGPIO.cpp.o
                0x0000000000000268                sjsu::LabGPIO::Set(sjsu::Gpio::State) const
 .text._ZNK4sjsu7LabGPIO6ToggleEv
                0x0000000000000358       0x88 build/application/lpc17xx/compiled/source/LabGPIO.cpp.o
                0x0000000000000358                sjsu::LabGPIO::Toggle() const
 .text._ZNK4sjsu7LabGPIO4ReadEv
                0x00000000000003e0       0x8c build/application/lpc17xx/compiled/source/LabGPIO.cpp.o
                0x00000000000003e0                sjsu::LabGPIO::Read() const
 .text._ZNK4sjsu7LabGPIO6GetPinEv
                0x000000000000046c       0x14 build/application/lpc17xx/compiled/source/LabGPIO.cpp.o
                0x000000000000046c                sjsu::LabGPIO::GetPin() const
 .text._ZNK4sjsu7LabGPIO15AttachInterruptEPFvvENS_4Gpio4EdgeE
                0x0000000000000480       0x20 build/application/lpc17xx/compiled/source/LabGPIO.cpp.o
                0x0000000000000480                sjsu::LabGPIO::AttachInterrupt(void (*)(), sjsu::Gpio::Edge) const
 .text._ZNK4sjsu7LabGPIO15DetachInterruptEv
                0x00000000000004a0       0x12 build/application/lpc17xx/compiled/source/LabGPIO.cpp.o
                0x00000000000004a0                sjsu::LabGPIO::DetachInterrupt() const
 *fill*         0x00000000000004b2        0x2 ff
 .text._Z41__static_initialization_and_destruction_0ii
                0x00000000000004b4       0x48 build/application/lpc17xx/compiled/source/LabGPIO.cpp.o
 .text._GLOBAL__sub_I__ZN4sjsu7LabGPIOC2Ehh
                0x00000000000004fc       0x10 build/application/lpc17xx/compiled/source/LabGPIO.cpp.o
 .text.NVIC_EnableIRQ
                0x000000000000050c       0x2c build/application/lpc17xx/compiled/source/main.cpp.o
 .text.NVIC_DisableIRQ
                0x0000000000000538       0x30 build/application/lpc17xx/compiled/source/main.cpp.o
 .text.NVIC_SetPriority
                0x0000000000000568       0x50 build/application/lpc17xx/compiled/source/main.cpp.o
 .text._ZNSt14numeric_limitsIxE3maxEv
                0x00000000000005b8       0x16 build/application/lpc17xx/compiled/source/main.cpp.o
                0x00000000000005b8                std::numeric_limits<long long>::max()
 .text._ZNSt6chrono8durationIxSt5ratioILx1ELx1000000EEEC1IxvEERKT_
                0x00000000000005ce       0x20 build/application/lpc17xx/compiled/source/main.cpp.o
                0x00000000000005ce                std::chrono::duration<long long, std::ratio<1ll, 1000000ll> >::duration<long long, void>(long long const&)
 *fill*         0x00000000000005ee        0x2 ff
 .text._ZN4sjsu13DefaultUptimeEv
                0x00000000000005f0       0x20 build/application/lpc17xx/compiled/source/main.cpp.o
                0x00000000000005f0                sjsu::DefaultUptime()
 .text._ZZN4sjsu4WaitENSt6chrono8durationIxSt5ratioILx1ELx1000000EEEEENKUlvE_clEv
                0x0000000000000610       0x14 build/application/lpc17xx/compiled/source/main.cpp.o
                0x0000000000000610                sjsu::Wait(std::chrono::duration<long long, std::ratio<1ll, 1000000ll> >)::{lambda()#1}::operator()() const
 .text._ZZN4sjsu4WaitENSt6chrono8durationIxSt5ratioILx1ELx1000000EEEEENUlvE_4_FUNEv
                0x0000000000000624       0x10 build/application/lpc17xx/compiled/source/main.cpp.o
                0x0000000000000624                sjsu::Wait(std::chrono::duration<long long, std::ratio<1ll, 1000000ll> >)::{lambda()#1}::_FUN()
 .text._ZN4sjsu4WaitENSt6chrono8durationIxSt5ratioILx1ELx1000000EEEE
                0x0000000000000634       0xac build/application/lpc17xx/compiled/source/main.cpp.o
                0x0000000000000634                sjsu::Wait(std::chrono::duration<long long, std::ratio<1ll, 1000000ll> >)
 .text._ZN4sjsu5DelayENSt6chrono8durationIxSt5ratioILx1ELx1000000EEEE
                0x00000000000006e0       0x1a build/application/lpc17xx/compiled/source/main.cpp.o
                0x00000000000006e0                sjsu::Delay(std::chrono::duration<long long, std::ratio<1ll, 1000000ll> >)
 .text._ZN4sjsu6cortex19InterruptController25UnregisteredArmExceptionsEv
                0x00000000000006fa        0xc build/application/lpc17xx/compiled/source/main.cpp.o
                0x00000000000006fa                sjsu::cortex::InterruptController::UnregisteredArmExceptions()
 *fill*         0x0000000000000706        0x2 ff
 .text._ZN4sjsu6cortex19InterruptController28UnregisteredInterruptHandlerEv
                0x0000000000000708       0x3c build/application/lpc17xx/compiled/source/main.cpp.o
                0x0000000000000708                sjsu::cortex::InterruptController::UnregisteredInterruptHandler()
 .text._ZSt4sizeIPFvvELj64EEjRAT0__KT_
                0x0000000000000744       0x14 build/application/lpc17xx/compiled/source/main.cpp.o
                0x0000000000000744                unsigned int std::size<void (*)(), 64u>(void (* const (&) [64u])())
 .text._ZN4sjsu6cortex19InterruptController13VectorTable_t20GenerateDefaultTableEv
                0x0000000000000758       0x74 build/application/lpc17xx/compiled/source/main.cpp.o
                0x0000000000000758                sjsu::cortex::InterruptController::VectorTable_t::GenerateDefaultTable()
 .text._ZN4sjsu6cortex19InterruptController10IrqToIndexEi
                0x00000000000007cc       0x16 build/application/lpc17xx/compiled/source/main.cpp.o
                0x00000000000007cc                sjsu::cortex::InterruptController::IrqToIndex(int)
 *fill*         0x00000000000007e2        0x2 ff
 .text._ZN4sjsu6cortex19InterruptController9GetVectorEi
                0x00000000000007e4       0x24 build/application/lpc17xx/compiled/source/main.cpp.o
                0x00000000000007e4                sjsu::cortex::InterruptController::GetVector(int)
 .text._ZNK4sjsu6cortex19InterruptController8RegisterENS_19InterruptController18RegistrationInfo_tE
                0x0000000000000808       0x54 build/application/lpc17xx/compiled/source/main.cpp.o
                0x0000000000000808                sjsu::cortex::InterruptController::Register(sjsu::InterruptController::RegistrationInfo_t) const
 .text._ZNK4sjsu6cortex19InterruptController10DeregisterEi
                0x000000000000085c       0x28 build/application/lpc17xx/compiled/source/main.cpp.o
                0x000000000000085c                sjsu::cortex::InterruptController::Deregister(int) const
 .text._ZNSt8literals15chrono_literalsli2msIJLc49ELc48ELc48EEEENSt6chrono8durationIxSt5ratioILx1ELx1000EEEEv
                0x0000000000000884       0x18 build/application/lpc17xx/compiled/source/main.cpp.o
                0x0000000000000884                std::chrono::duration<long long, std::ratio<1ll, 1000ll> > std::literals::chrono_literals::operator"" ms<(char)49, (char)48, (char)48>()
 .text._ZNSt8literals15chrono_literals16__check_overflowINSt6chrono8durationIxSt5ratioILx1ELx1000EEEEJLc49ELc48ELc48EEEET_v
                0x000000000000089c       0x1c build/application/lpc17xx/compiled/source/main.cpp.o
                0x000000000000089c                std::chrono::duration<long long, std::ratio<1ll, 1000ll> > std::literals::chrono_literals::__check_overflow<std::chrono::duration<long long, std::ratio<1ll, 1000ll> >, (char)49, (char)48, (char)48>()
 .text._ZNSt6chrono8durationIxSt5ratioILx1ELx1000EEEC1IxvEERKT_
                0x00000000000008b8       0x20 build/application/lpc17xx/compiled/source/main.cpp.o
                0x00000000000008b8                std::chrono::duration<long long, std::ratio<1ll, 1000ll> >::duration<long long, void>(long long const&)
 .text._ZNSt6chrono13duration_castINS_8durationIxSt5ratioILx1ELx1000000EEEExS2_ILx1ELx1000EEEENSt9enable_ifIXsrNS_13__is_durationIT_EE5valueES8_E4typeERKNS1_IT0_T1_EE
                0x00000000000008d8       0x1c build/application/lpc17xx/compiled/source/main.cpp.o
                0x00000000000008d8                std::enable_if<std::chrono::__is_duration<std::chrono::duration<long long, std::ratio<1ll, 1000000ll> > >::value, std::chrono::duration<long long, std::ratio<1ll, 1000000ll> > >::type std::chrono::duration_cast<std::chrono::duration<long long, std::ratio<1ll, 1000000ll> >, long long, std::ratio<1ll, 1000ll> >(std::chrono::duration<long long, std::ratio<1ll, 1000ll> > const&)
 .text._ZNKSt6chrono8durationIxSt5ratioILx1ELx1000EEE5countEv
                0x00000000000008f4       0x18 build/application/lpc17xx/compiled/source/main.cpp.o
                0x00000000000008f4                std::chrono::duration<long long, std::ratio<1ll, 1000ll> >::count() const
 .text._ZNSt6chrono20__duration_cast_implINS_8durationIxSt5ratioILx1ELx1000000EEEES2_ILx1000ELx1EExLb0ELb1EE6__castIxS2_ILx1ELx1000EEEES4_RKNS1_IT_T0_EE
                0x000000000000090c       0x78 build/application/lpc17xx/compiled/source/main.cpp.o
                0x000000000000090c                std::chrono::duration<long long, std::ratio<1ll, 1000000ll> > std::chrono::__duration_cast_impl<std::chrono::duration<long long, std::ratio<1ll, 1000000ll> >, std::ratio<1000ll, 1ll>, long long, false, true>::__cast<long long, std::ratio<1ll, 1000ll> >(std::chrono::duration<long long, std::ratio<1ll, 1000ll> > const&)
 .text._ZNSt6chrono8durationIxSt5ratioILx1ELx1000000EEEC1IxS1_ILx1ELx1000EEvEERKNS0_IT_T0_EE
                0x0000000000000984       0x34 build/application/lpc17xx/compiled/source/main.cpp.o
                0x0000000000000984                std::chrono::duration<long long, std::ratio<1ll, 1000000ll> >::duration<long long, std::ratio<1ll, 1000ll>, void>(std::chrono::duration<long long, std::ratio<1ll, 1000ll> > const&)
 .text._ZNKSt6chrono8durationIxSt5ratioILx1ELx1000000EEE5countEv
                0x00000000000009b8       0x18 build/application/lpc17xx/compiled/source/main.cpp.o
                0x00000000000009b8                std::chrono::duration<long long, std::ratio<1ll, 1000000ll> >::count() const
 .text.main     0x00000000000009d0      0x198 build/application/lpc17xx/compiled/source/main.cpp.o
                0x00000000000009d0                main
 .text._Z21GpioInterruptCallbackv
                0x0000000000000b68       0x78 build/application/lpc17xx/compiled/source/main.cpp.o
                0x0000000000000b68                GpioInterruptCallback()
 .text._ZNSt6chrono8durationIxSt5ratioILx1ELx1000000EEEppEi
                0x0000000000000be0       0x34 build/application/lpc17xx/compiled/source/main.cpp.o
                0x0000000000000be0                std::chrono::duration<long long, std::ratio<1ll, 1000000ll> >::operator++(int)
 .text._ZNSt6chrono15duration_valuesIxE3maxEv
                0x0000000000000c14       0x12 build/application/lpc17xx/compiled/source/main.cpp.o
                0x0000000000000c14                std::chrono::duration_values<long long>::max()
 .text._ZNSt6chrono8durationIxSt5ratioILx1ELx1000000EEE3maxEv
                0x0000000000000c26       0x28 build/application/lpc17xx/compiled/source/main.cpp.o
                0x0000000000000c26                std::chrono::duration<long long, std::ratio<1ll, 1000000ll> >::max()
 .text._ZNSt6chronoeqIxSt5ratioILx1ELx1000000EExS2_EEbRKNS_8durationIT_T0_EERKNS3_IT1_T2_EE
                0x0000000000000c4e       0x4a build/application/lpc17xx/compiled/source/main.cpp.o
                0x0000000000000c4e                bool std::chrono::operator==<long long, std::ratio<1ll, 1000000ll>, long long, std::ratio<1ll, 1000000ll> >(std::chrono::duration<long long, std::ratio<1ll, 1000000ll> > const&, std::chrono::duration<long long, std::ratio<1ll, 1000000ll> > const&)
 .text._ZNSt6chronoplIxSt5ratioILx1ELx1000000EExS2_EENSt11common_typeIJNS_8durationIT_T0_EENS4_IT1_T2_EEEE4typeERKS7_RKSA_
                0x0000000000000c98       0x56 build/application/lpc17xx/compiled/source/main.cpp.o
                0x0000000000000c98                std::common_type<std::chrono::duration<long long, std::ratio<1ll, 1000000ll> >, std::chrono::duration<long long, std::ratio<1ll, 1000000ll> > >::type std::chrono::operator+<long long, std::ratio<1ll, 1000000ll>, long long, std::ratio<1ll, 1000000ll> >(std::chrono::duration<long long, std::ratio<1ll, 1000000ll> > const&, std::chrono::duration<long long, std::ratio<1ll, 1000000ll> > const&)
 .text._ZNSt6chronoltIxSt5ratioILx1ELx1000000EExS2_EEbRKNS_8durationIT_T0_EERKNS3_IT1_T2_EE
                0x0000000000000cee       0x4c build/application/lpc17xx/compiled/source/main.cpp.o
                0x0000000000000cee                bool std::chrono::operator< <long long, std::ratio<1ll, 1000000ll>, long long, std::ratio<1ll, 1000000ll> >(std::chrono::duration<long long, std::ratio<1ll, 1000000ll> > const&, std::chrono::duration<long long, std::ratio<1ll, 1000000ll> > const&)
 *fill*         0x0000000000000d3a        0x2 ff
 .text._Z41__static_initialization_and_destruction_0ii
                0x0000000000000d3c       0x68 build/application/lpc17xx/compiled/source/main.cpp.o
 .text._GLOBAL__sub_I_main
                0x0000000000000da4       0x10 build/application/lpc17xx/compiled/source/main.cpp.o
 .text._Unwind_GetGR
                0x0000000000000db4       0x26 build/application/lpc17xx/compiled//home/will/SJSU-Dev2/library/L3_Application/task_scheduler.cpp.o
 *fill*         0x0000000000000dda        0x2 ff
 .text._ZN4sjsu5build9StringifyENS0_6TargetE
                0x0000000000000ddc       0x3c build/application/lpc17xx/compiled//home/will/SJSU-Dev2/library/L3_Application/task_scheduler.cpp.o
                0x0000000000000ddc                sjsu::build::Stringify(sjsu::build::Target)
 .text._ZN4sjsu5debug18PrintAddressAsListEP15_Unwind_ContextPv
                0x0000000000000e18       0x48 build/application/lpc17xx/compiled//home/will/SJSU-Dev2/library/L3_Application/task_scheduler.cpp.o
                0x0000000000000e18                sjsu::debug::PrintAddressAsList(_Unwind_Context*, void*)
 .text._ZN4sjsu5debug17PrintAddressInRowEP15_Unwind_ContextPv
                0x0000000000000e60       0x44 build/application/lpc17xx/compiled//home/will/SJSU-Dev2/library/L3_Application/task_scheduler.cpp.o
                0x0000000000000e60                sjsu::debug::PrintAddressInRow(_Unwind_Context*, void*)
 .text._ZN4sjsu5debug14PrintBacktraceEbPv
                0x0000000000000ea4       0xa4 build/application/lpc17xx/compiled//home/will/SJSU-Dev2/library/L3_Application/task_scheduler.cpp.o
                0x0000000000000ea4                sjsu::debug::PrintBacktrace(bool, void*)
 .text._ZN4sjsu21InitializeDataSectionEv
                0x0000000000000f48       0x98 /home/will/SJSU-Dev2/library/static_libraries/lpc17xx/liblpc17xx.a(exceptions.cpp.o)
                0x0000000000000f48                sjsu::InitializeDataSection()
 .text._ZN4sjsu20InitializeBssSectionEv
                0x0000000000000fe0       0x68 /home/will/SJSU-Dev2/library/static_libraries/lpc17xx/liblpc17xx.a(exceptions.cpp.o)
                0x0000000000000fe0                sjsu::InitializeBssSection()
 .text._ZN4sjsu16SystemInitializeEv
                0x0000000000001048       0x14 /home/will/SJSU-Dev2/library/static_libraries/lpc17xx/liblpc17xx.a(exceptions.cpp.o)
                0x0000000000001048                sjsu::SystemInitialize()
 .text.GetRegistersFromStack
                0x000000000000105c       0x7c /home/will/SJSU-Dev2/library/static_libraries/lpc17xx/liblpc17xx.a(exceptions.cpp.o)
                0x000000000000105c                GetRegistersFromStack
 .text.ArmHardFaultHandler
                0x00000000000010d8       0x24 /home/will/SJSU-Dev2/library/static_libraries/lpc17xx/liblpc17xx.a(exceptions.cpp.o)
                0x00000000000010d8                ArmHardFaultHandler
 .text.ArmResetHandler
                0x00000000000010fc       0x70 /home/will/SJSU-Dev2/library/static_libraries/lpc17xx/liblpc17xx.a(exceptions.cpp.o)
                0x00000000000010fc                ArmResetHandler
 .text._Z41__static_initialization_and_destruction_0ii
                0x000000000000116c       0x44 /home/will/SJSU-Dev2/library/static_libraries/lpc17xx/liblpc17xx.a(exceptions.cpp.o)
 .text._GLOBAL__sub_I_GetRegistersFromStack
                0x00000000000011b0       0x10 /home/will/SJSU-Dev2/library/static_libraries/lpc17xx/liblpc17xx.a(exceptions.cpp.o)
 .text.vTaskSwitchContext
                0x00000000000011c0       0xc4 /home/will/SJSU-Dev2/library/static_libraries/lpc17xx/libfreertos.a(tasks.c.o)
                0x00000000000011c0                vTaskSwitchContext
 .text._getpid  0x0000000000001284        0xe /home/will/SJSU-Dev2/library/static_libraries/lpc17xx/libnewlib.a(newlib.cpp.o)
                0x0000000000001284                _getpid
 .text._kill    0x0000000000001292       0x18 /home/will/SJSU-Dev2/library/static_libraries/lpc17xx/libnewlib.a(newlib.cpp.o)
                0x0000000000001292                _kill
 *fill*         0x00000000000012aa        0x2 ff
 .text._write   0x00000000000012ac       0x30 /home/will/SJSU-Dev2/library/static_libraries/lpc17xx/libnewlib.a(newlib.cpp.o)
                0x00000000000012ac                _write
 .text.puts     0x00000000000012dc       0x48 /home/will/SJSU-Dev2/library/static_libraries/lpc17xx/libnewlib.a(newlib.cpp.o)
                0x00000000000012dc                puts
 .text._exit    0x0000000000001324        0xc /home/will/SJSU-Dev2/library/static_libraries/lpc17xx/libnewlib.a(newlib.cpp.o)
                0x0000000000001324                _exit
 .text._Z10_out_chunkcPvjj
                0x0000000000001330       0x70 /home/will/SJSU-Dev2/library/static_libraries/lpc17xx/libprintf.a(printf.cpp.o)
                0x0000000000001330                _out_chunk(char, void*, unsigned int, unsigned int)
 .text._ZL9_out_nullcPvjj
                0x00000000000013a0       0x1a /home/will/SJSU-Dev2/library/static_libraries/lpc17xx/libprintf.a(printf.cpp.o)
 .text._ZL7_strlenPKc
                0x00000000000013ba       0x2c /home/will/SJSU-Dev2/library/static_libraries/lpc17xx/libprintf.a(printf.cpp.o)
 .text._ZL9_is_digitc
                0x00000000000013e6       0x26 /home/will/SJSU-Dev2/library/static_libraries/lpc17xx/libprintf.a(printf.cpp.o)
 .text._ZL5_atoiPPKc
                0x000000000000140c       0x48 /home/will/SJSU-Dev2/library/static_libraries/lpc17xx/libprintf.a(printf.cpp.o)
 .text._ZL12_ntoa_formatPFvcPvjjEPcjjS2_jbjjjj
                0x0000000000001454      0x242 /home/will/SJSU-Dev2/library/static_libraries/lpc17xx/libprintf.a(printf.cpp.o)
 .text._ZL10_ntoa_longPFvcPvjjEPcjjmbmjjj
                0x0000000000001696       0xd0 /home/will/SJSU-Dev2/library/static_libraries/lpc17xx/libprintf.a(printf.cpp.o)
 .text._ZL15_ntoa_long_longPFvcPvjjEPcjjybyjjj
                0x0000000000001766       0xe0 /home/will/SJSU-Dev2/library/static_libraries/lpc17xx/libprintf.a(printf.cpp.o)
 *fill*         0x0000000000001846        0x2 ff
 .text._ZL5_ftoaPFvcPvjjEPcjjdjjj
                0x0000000000001848      0x41c /home/will/SJSU-Dev2/library/static_libraries/lpc17xx/libprintf.a(printf.cpp.o)
 .text._ZL10_vsnprintfPFvcPvjjEPcjPKcSt9__va_list
                0x0000000000001c64      0x8cc /home/will/SJSU-Dev2/library/static_libraries/lpc17xx/libprintf.a(printf.cpp.o)
 .text.printf   0x0000000000002530       0x44 /home/will/SJSU-Dev2/library/static_libraries/lpc17xx/libprintf.a(printf.cpp.o)
                0x0000000000002530                printf
 .text.trace_initialize
                0x0000000000002574        0xc /home/will/SJSU-Dev2/library/static_libraries/lpc17xx/libsemihost.a(trace_impl.cpp.o)
                0x0000000000002574                trace_initialize
 .text.trace_write
                0x0000000000002580       0x1c /home/will/SJSU-Dev2/library/static_libraries/lpc17xx/libsemihost.a(trace_impl.cpp.o)
                0x0000000000002580                trace_write
 .text._ZL31_trace_write_semihosting_stdoutPKcj
                0x000000000000259c       0xcc /home/will/SJSU-Dev2/library/static_libraries/lpc17xx/libsemihost.a(trace_impl.cpp.o)
 .text._ZNSt14numeric_limitsIfE3minEv
                0x0000000000002668       0x10 /home/will/SJSU-Dev2/library/static_libraries/lpc17xx/liblpc17xx.a(startup.cpp.o)
                0x0000000000002668                std::numeric_limits<float>::min()
 .text._ZNSt14numeric_limitsIfE7epsilonEv
                0x0000000000002678       0x10 /home/will/SJSU-Dev2/library/static_libraries/lpc17xx/liblpc17xx.a(startup.cpp.o)
                0x0000000000002678                std::numeric_limits<float>::epsilon()
 .text._ZN4sjsu6cortex10DwtCounter10InitializeEv
                0x0000000000002688       0x44 /home/will/SJSU-Dev2/library/static_libraries/lpc17xx/liblpc17xx.a(startup.cpp.o)
                0x0000000000002688                sjsu::cortex::DwtCounter::Initialize()
 .text._ZN4sjsu6cortex10DwtCounter8GetCountEv
                0x00000000000026cc       0x1c /home/will/SJSU-Dev2/library/static_libraries/lpc17xx/liblpc17xx.a(startup.cpp.o)
                0x00000000000026cc                sjsu::cortex::DwtCounter::GetCount()
 .text._ZN5units6detail3absEf
                0x00000000000026e8       0x2a /home/will/SJSU-Dev2/library/static_libraries/lpc17xx/liblpc17xx.a(startup.cpp.o)
                0x00000000000026e8                units::detail::abs(float)
 .text._ZN5units8literalsli3_HzEy
                0x0000000000002712       0x2a /home/will/SJSU-Dev2/library/static_libraries/lpc17xx/liblpc17xx.a(startup.cpp.o)
                0x0000000000002712                units::literals::operator"" _Hz(unsigned long long)
 .text._ZN5units12linear_scaleIfEC2IJEEERKfDpOT_
                0x000000000000273c       0x1e /home/will/SJSU-Dev2/library/static_libraries/lpc17xx/liblpc17xx.a(startup.cpp.o)
                0x000000000000273c                units::linear_scale<float>::linear_scale<>(float const&)
 .text._ZN5units6unit_tINS_4unitISt5ratioILx1ELx1EENS_9base_unitIS2_ILx0ELx1EES5_S2_ILxn1ELx1EES5_S5_S5_S5_S5_S5_EES5_S5_EEfNS_12linear_scaleEEC1IJEEEfDpRKT_
                0x000000000000275a       0x20 /home/will/SJSU-Dev2/library/static_libraries/lpc17xx/liblpc17xx.a(startup.cpp.o)
                0x000000000000275a                units::unit_t<units::unit<std::ratio<1ll, 1ll>, units::base_unit<std::ratio<0ll, 1ll>, std::ratio<0ll, 1ll>, std::ratio<-1ll, 1ll>, std::ratio<0ll, 1ll>, std::ratio<0ll, 1ll>, std::ratio<0ll, 1ll>, std::ratio<0ll, 1ll>, std::ratio<0ll, 1ll>, std::ratio<0ll, 1ll> >, std::ratio<0ll, 1ll>, std::ratio<0ll, 1ll> >, float, units::linear_scale>::unit_t<>(float)
 .text._ZNK5units6unit_tINS_4unitISt5ratioILx1ELx1EENS_9base_unitIS2_ILx0ELx1EES5_S2_ILxn1ELx1EES5_S5_S5_S5_S5_S5_EES5_S5_EEfNS_12linear_scaleEEeqIS8_fS9_Li0EEEbRKNS0_IT_T0_T1_EE
                0x000000000000277a       0xaa /home/will/SJSU-Dev2/library/static_libraries/lpc17xx/liblpc17xx.a(startup.cpp.o)
                0x000000000000277a                bool units::unit_t<units::unit<std::ratio<1ll, 1ll>, units::base_unit<std::ratio<0ll, 1ll>, std::ratio<0ll, 1ll>, std::ratio<-1ll, 1ll>, std::ratio<0ll, 1ll>, std::ratio<0ll, 1ll>, std::ratio<0ll, 1ll>, std::ratio<0ll, 1ll>, std::ratio<0ll, 1ll>, std::ratio<0ll, 1ll> >, std::ratio<0ll, 1ll>, std::ratio<0ll, 1ll> >, float, units::linear_scale>::operator==<units::unit<std::ratio<1ll, 1ll>, units::base_unit<std::ratio<0ll, 1ll>, std::ratio<0ll, 1ll>, std::ratio<-1ll, 1ll>, std::ratio<0ll, 1ll>, std::ratio<0ll, 1ll>, std::ratio<0ll, 1ll>, std::ratio<0ll, 1ll>, std::ratio<0ll, 1ll>, std::ratio<0ll, 1ll> >, std::ratio<0ll, 1ll>, std::ratio<0ll, 1ll> >, float, units::linear_scale, 0>(units::unit_t<units::unit<std::ratio<1ll, 1ll>, units::base_unit<std::ratio<0ll, 1ll>, std::ratio<0ll, 1ll>, std::ratio<-1ll, 1ll>, std::ratio<0ll, 1ll>, std::ratio<0ll, 1ll>, std::ratio<0ll, 1ll>, std::ratio<0ll, 1ll>, std::ratio<0ll, 1ll>, std::ratio<0ll, 1ll> >, std::ratio<0ll, 1ll>, std::ratio<0ll, 1ll> >, float, units::linear_scale> const&) const
 .text._ZN5unitsL7convertINS_4unitISt5ratioILx1ELx1EENS_9base_unitIS2_ILx0ELx1EES5_S2_ILxn1ELx1EES5_S5_S5_S5_S5_S5_EES5_S5_EES8_fEET1_RKS9_
                0x0000000000002824       0x18 /home/will/SJSU-Dev2/library/static_libraries/lpc17xx/liblpc17xx.a(startup.cpp.o)
 .text._ZN5units6detailL7convertINS_4unitISt5ratioILx1ELx1EENS_9base_unitIS3_ILx0ELx1EES6_S3_ILxn1ELx1EES6_S6_S6_S6_S6_S6_EES6_S6_EES9_S4_S6_S6_fEET4_RKSA_St17integral_constantIbLb1EESD_IbLb0EESF_
                0x000000000000283c       0x1c /home/will/SJSU-Dev2/library/static_libraries/lpc17xx/liblpc17xx.a(startup.cpp.o)
 .text._ZNK5units6unit_tINS_4unitISt5ratioILx1ELx1EENS_9base_unitIS2_ILx0ELx1EES5_S2_ILxn1ELx1EES5_S5_S5_S5_S5_S5_EES5_S5_EEfNS_12linear_scaleEEleIS8_fS9_EEbRKNS0_IT_T0_T1_EE
                0x0000000000002858       0x38 /home/will/SJSU-Dev2/library/static_libraries/lpc17xx/liblpc17xx.a(startup.cpp.o)
                0x0000000000002858                bool units::unit_t<units::unit<std::ratio<1ll, 1ll>, units::base_unit<std::ratio<0ll, 1ll>, std::ratio<0ll, 1ll>, std::ratio<-1ll, 1ll>, std::ratio<0ll, 1ll>, std::ratio<0ll, 1ll>, std::ratio<0ll, 1ll>, std::ratio<0ll, 1ll>, std::ratio<0ll, 1ll>, std::ratio<0ll, 1ll> >, std::ratio<0ll, 1ll>, std::ratio<0ll, 1ll> >, float, units::linear_scale>::operator<=<units::unit<std::ratio<1ll, 1ll>, units::base_unit<std::ratio<0ll, 1ll>, std::ratio<0ll, 1ll>, std::ratio<-1ll, 1ll>, std::ratio<0ll, 1ll>, std::ratio<0ll, 1ll>, std::ratio<0ll, 1ll>, std::ratio<0ll, 1ll>, std::ratio<0ll, 1ll>, std::ratio<0ll, 1ll> >, std::ratio<0ll, 1ll>, std::ratio<0ll, 1ll> >, float, units::linear_scale>(units::unit_t<units::unit<std::ratio<1ll, 1ll>, units::base_unit<std::ratio<0ll, 1ll>, std::ratio<0ll, 1ll>, std::ratio<-1ll, 1ll>, std::ratio<0ll, 1ll>, std::ratio<0ll, 1ll>, std::ratio<0ll, 1ll>, std::ratio<0ll, 1ll>, std::ratio<0ll, 1ll>, std::ratio<0ll, 1ll> >, std::ratio<0ll, 1ll>, std::ratio<0ll, 1ll> >, float, units::linear_scale> const&) const
 .text._ZN4sjsu17SetUptimeFunctionEPFNSt6chrono8durationIxSt5ratioILx1ELx1000000EEEEvE
                0x0000000000002890       0x1c /home/will/SJSU-Dev2/library/static_libraries/lpc17xx/liblpc17xx.a(startup.cpp.o)
                0x0000000000002890                sjsu::SetUptimeFunction(std::chrono::duration<long long, std::ratio<1ll, 1000000ll> > (*)())
 .text._ZN4sjsu6cortex19InterruptController13LookupHandlerEv
                0x00000000000028ac       0x38 /home/will/SJSU-Dev2/library/static_libraries/lpc17xx/liblpc17xx.a(startup.cpp.o)
                0x00000000000028ac                sjsu::cortex::InterruptController::LookupHandler()
 .text._ZNK4sjsu16SystemController22GetPeripheralFrequencyERKNS0_12PeripheralIDE
                0x00000000000028e4       0x50 /home/will/SJSU-Dev2/library/static_libraries/lpc17xx/liblpc17xx.a(startup.cpp.o)
                0x00000000000028e4                sjsu::SystemController::GetPeripheralFrequency(sjsu::SystemController::PeripheralID const&) const
 .text._ZNSt8literals15chrono_literalsli2msIJLc49EEEENSt6chrono8durationIxSt5ratioILx1ELx1000EEEEv
                0x0000000000002934       0x18 /home/will/SJSU-Dev2/library/static_libraries/lpc17xx/liblpc17xx.a(startup.cpp.o)
                0x0000000000002934                std::chrono::duration<long long, std::ratio<1ll, 1000ll> > std::literals::chrono_literals::operator"" ms<(char)49>()
 .text._ZNSt8literals15chrono_literals16__check_overflowINSt6chrono8durationIxSt5ratioILx1ELx1000EEEEJLc49EEEET_v
                0x000000000000294c       0x1c /home/will/SJSU-Dev2/library/static_libraries/lpc17xx/liblpc17xx.a(startup.cpp.o)
                0x000000000000294c                std::chrono::duration<long long, std::ratio<1ll, 1000ll> > std::literals::chrono_literals::__check_overflow<std::chrono::duration<long long, std::ratio<1ll, 1000ll> >, (char)49>()
 .text._ZN4sjsu6cortex11SystemTimer18SystemTimerHandlerEv
                0x0000000000002968       0x48 /home/will/SJSU-Dev2/library/static_libraries/lpc17xx/liblpc17xx.a(startup.cpp.o)
                0x0000000000002968                sjsu::cortex::SystemTimer::SystemTimerHandler()
 .text._ZN4sjsu6cortex11SystemTimer8GetCountEv
                0x00000000000029b0       0x20 /home/will/SJSU-Dev2/library/static_libraries/lpc17xx/liblpc17xx.a(startup.cpp.o)
                0x00000000000029b0                sjsu::cortex::SystemTimer::GetCount()
 .text._ZNK4sjsu6cortex11SystemTimer10InitializeEv
                0x00000000000029d0       0x12 /home/will/SJSU-Dev2/library/static_libraries/lpc17xx/liblpc17xx.a(startup.cpp.o)
                0x00000000000029d0                sjsu::cortex::SystemTimer::Initialize() const
 *fill*         0x00000000000029e2        0x2 ff
 .text._ZNK4sjsu6cortex11SystemTimer12SetInterruptEPFvvE
                0x00000000000029e4       0x20 /home/will/SJSU-Dev2/library/static_libraries/lpc17xx/liblpc17xx.a(startup.cpp.o)
                0x00000000000029e4                sjsu::cortex::SystemTimer::SetInterrupt(void (*)()) const
 .text._ZNK4sjsu6cortex11SystemTimer10StartTimerEv
                0x0000000000002a04       0x94 /home/will/SJSU-Dev2/library/static_libraries/lpc17xx/liblpc17xx.a(startup.cpp.o)
                0x0000000000002a04                sjsu::cortex::SystemTimer::StartTimer() const
 .text._ZNK5units12linear_scaleIfEclEv
                0x0000000000002a98       0x16 /home/will/SJSU-Dev2/library/static_libraries/lpc17xx/liblpc17xx.a(startup.cpp.o)
                0x0000000000002a98                units::linear_scale<float>::operator()() const
 .text._ZN5unitsdvINS_6unit_tINS_4unitISt5ratioILx1ELx1EENS_9base_unitIS3_ILx0ELx1EES6_S3_ILxn1ELx1EES6_S6_S6_S6_S6_S6_EES6_S6_EEfNS_12linear_scaleEEESB_Li0EEENS1_INS2_IS4_NS5_IS6_S6_S6_S6_S6_S6_S6_S6_S6_EES6_S6_EEfSA_EERKT_RKT0_
                0x0000000000002aae       0x4e /home/will/SJSU-Dev2/library/static_libraries/lpc17xx/liblpc17xx.a(startup.cpp.o)
                0x0000000000002aae                units::unit_t<units::unit<std::ratio<1ll, 1ll>, units::base_unit<std::ratio<0ll, 1ll>, std::ratio<0ll, 1ll>, std::ratio<0ll, 1ll>, std::ratio<0ll, 1ll>, std::ratio<0ll, 1ll>, std::ratio<0ll, 1ll>, std::ratio<0ll, 1ll>, std::ratio<0ll, 1ll>, std::ratio<0ll, 1ll> >, std::ratio<0ll, 1ll>, std::ratio<0ll, 1ll> >, float, units::linear_scale> units::operator/<units::unit_t<units::unit<std::ratio<1ll, 1ll>, units::base_unit<std::ratio<0ll, 1ll>, std::ratio<0ll, 1ll>, std::ratio<-1ll, 1ll>, std::ratio<0ll, 1ll>, std::ratio<0ll, 1ll>, std::ratio<0ll, 1ll>, std::ratio<0ll, 1ll>, std::ratio<0ll, 1ll>, std::ratio<0ll, 1ll> >, std::ratio<0ll, 1ll>, std::ratio<0ll, 1ll> >, float, units::linear_scale>, units::unit_t<units::unit<std::ratio<1ll, 1ll>, units::base_unit<std::ratio<0ll, 1ll>, std::ratio<0ll, 1ll>, std::ratio<-1ll, 1ll>, std::ratio<0ll, 1ll>, std::ratio<0ll, 1ll>, std::ratio<0ll, 1ll>, std::ratio<0ll, 1ll>, std::ratio<0ll, 1ll>, std::ratio<0ll, 1ll> >, std::ratio<0ll, 1ll>, std::ratio<0ll, 1ll> >, float, units::linear_scale>, 0>(units::unit_t<units::unit<std::ratio<1ll, 1ll>, units::base_unit<std::ratio<0ll, 1ll>, std::ratio<0ll, 1ll>, std::ratio<-1ll, 1ll>, std::ratio<0ll, 1ll>, std::ratio<0ll, 1ll>, std::ratio<0ll, 1ll>, std::ratio<0ll, 1ll>, std::ratio<0ll, 1ll>, std::ratio<0ll, 1ll> >, std::ratio<0ll, 1ll>, std::ratio<0ll, 1ll> >, float, units::linear_scale> const&, units::unit_t<units::unit<std::ratio<1ll, 1ll>, units::base_unit<std::ratio<0ll, 1ll>, std::ratio<0ll, 1ll>, std::ratio<-1ll, 1ll>, std::ratio<0ll, 1ll>, std::ratio<0ll, 1ll>, std::ratio<0ll, 1ll>, std::ratio<0ll, 1ll>, std::ratio<0ll, 1ll>, std::ratio<0ll, 1ll> >, std::ratio<0ll, 1ll>, std::ratio<0ll, 1ll> >, float, units::linear_scale> const&)
 .text._ZN5units6unit_tINS_4unitISt5ratioILx1ELx1EENS_9base_unitIS2_ILx0ELx1EES5_S5_S5_S5_S5_S5_S5_S5_EES5_S5_EEfNS_12linear_scaleEEC1IJEEEfDpRKT_
                0x0000000000002afc       0x20 /home/will/SJSU-Dev2/library/static_libraries/lpc17xx/liblpc17xx.a(startup.cpp.o)
                0x0000000000002afc                units::unit_t<units::unit<std::ratio<1ll, 1ll>, units::base_unit<std::ratio<0ll, 1ll>, std::ratio<0ll, 1ll>, std::ratio<0ll, 1ll>, std::ratio<0ll, 1ll>, std::ratio<0ll, 1ll>, std::ratio<0ll, 1ll>, std::ratio<0ll, 1ll>, std::ratio<0ll, 1ll>, std::ratio<0ll, 1ll> >, std::ratio<0ll, 1ll>, std::ratio<0ll, 1ll> >, float, units::linear_scale>::unit_t<>(float)
 .text._ZN5unitsmiIiLi0EEENS_6unit_tINS_4unitISt5ratioILx1ELx1EENS_9base_unitIS3_ILx0ELx1EES6_S6_S6_S6_S6_S6_S6_S6_EES6_S6_EEfNS_12linear_scaleEEERKSA_T_
                0x0000000000002b1c       0x3e /home/will/SJSU-Dev2/library/static_libraries/lpc17xx/liblpc17xx.a(startup.cpp.o)
                0x0000000000002b1c                units::unit_t<units::unit<std::ratio<1ll, 1ll>, units::base_unit<std::ratio<0ll, 1ll>, std::ratio<0ll, 1ll>, std::ratio<0ll, 1ll>, std::ratio<0ll, 1ll>, std::ratio<0ll, 1ll>, std::ratio<0ll, 1ll>, std::ratio<0ll, 1ll>, std::ratio<0ll, 1ll>, std::ratio<0ll, 1ll> >, std::ratio<0ll, 1ll>, std::ratio<0ll, 1ll> >, float, units::linear_scale> units::operator-<int, 0>(units::unit_t<units::unit<std::ratio<1ll, 1ll>, units::base_unit<std::ratio<0ll, 1ll>, std::ratio<0ll, 1ll>, std::ratio<0ll, 1ll>, std::ratio<0ll, 1ll>, std::ratio<0ll, 1ll>, std::ratio<0ll, 1ll>, std::ratio<0ll, 1ll>, std::ratio<0ll, 1ll>, std::ratio<0ll, 1ll> >, std::ratio<0ll, 1ll>, std::ratio<0ll, 1ll> >, float, units::linear_scale> const&, int)
 .text._ZN5units9unit_castImNS_6unit_tINS_4unitISt5ratioILx1ELx1EENS_9base_unitIS3_ILx0ELx1EES6_S6_S6_S6_S6_S6_S6_S6_EES6_S6_EEfNS_12linear_scaleEEEvEET_RKT0_
                0x0000000000002b5a       0x18 /home/will/SJSU-Dev2/library/static_libraries/lpc17xx/liblpc17xx.a(startup.cpp.o)
                0x0000000000002b5a                unsigned long units::unit_cast<unsigned long, units::unit_t<units::unit<std::ratio<1ll, 1ll>, units::base_unit<std::ratio<0ll, 1ll>, std::ratio<0ll, 1ll>, std::ratio<0ll, 1ll>, std::ratio<0ll, 1ll>, std::ratio<0ll, 1ll>, std::ratio<0ll, 1ll>, std::ratio<0ll, 1ll>, std::ratio<0ll, 1ll>, std::ratio<0ll, 1ll> >, std::ratio<0ll, 1ll>, std::ratio<0ll, 1ll> >, float, units::linear_scale>, void>(units::unit_t<units::unit<std::ratio<1ll, 1ll>, units::base_unit<std::ratio<0ll, 1ll>, std::ratio<0ll, 1ll>, std::ratio<0ll, 1ll>, std::ratio<0ll, 1ll>, std::ratio<0ll, 1ll>, std::ratio<0ll, 1ll>, std::ratio<0ll, 1ll>, std::ratio<0ll, 1ll>, std::ratio<0ll, 1ll> >, std::ratio<0ll, 1ll>, std::ratio<0ll, 1ll> >, float, units::linear_scale> const&)
 .text._ZN5units9unit_castImNS_6unit_tINS_4unitISt5ratioILx1ELx1EENS_9base_unitIS3_ILx0ELx1EES6_S3_ILxn1ELx1EES6_S6_S6_S6_S6_S6_EES6_S6_EEfNS_12linear_scaleEEEvEET_RKT0_
                0x0000000000002b72       0x18 /home/will/SJSU-Dev2/library/static_libraries/lpc17xx/liblpc17xx.a(startup.cpp.o)
                0x0000000000002b72                unsigned long units::unit_cast<unsigned long, units::unit_t<units::unit<std::ratio<1ll, 1ll>, units::base_unit<std::ratio<0ll, 1ll>, std::ratio<0ll, 1ll>, std::ratio<-1ll, 1ll>, std::ratio<0ll, 1ll>, std::ratio<0ll, 1ll>, std::ratio<0ll, 1ll>, std::ratio<0ll, 1ll>, std::ratio<0ll, 1ll>, std::ratio<0ll, 1ll> >, std::ratio<0ll, 1ll>, std::ratio<0ll, 1ll> >, float, units::linear_scale>, void>(units::unit_t<units::unit<std::ratio<1ll, 1ll>, units::base_unit<std::ratio<0ll, 1ll>, std::ratio<0ll, 1ll>, std::ratio<-1ll, 1ll>, std::ratio<0ll, 1ll>, std::ratio<0ll, 1ll>, std::ratio<0ll, 1ll>, std::ratio<0ll, 1ll>, std::ratio<0ll, 1ll>, std::ratio<0ll, 1ll> >, std::ratio<0ll, 1ll>, std::ratio<0ll, 1ll> >, float, units::linear_scale> const&)
 .text._ZNK5units6unit_tINS_4unitISt5ratioILx1ELx1EENS_9base_unitIS2_ILx0ELx1EES5_S2_ILxn1ELx1EES5_S5_S5_S5_S5_S5_EES5_S5_EEfNS_12linear_scaleEEcvT_ImLi0EEEv
                0x0000000000002b8a       0x22 /home/will/SJSU-Dev2/library/static_libraries/lpc17xx/liblpc17xx.a(startup.cpp.o)
                0x0000000000002b8a                units::unit_t<units::unit<std::ratio<1ll, 1ll>, units::base_unit<std::ratio<0ll, 1ll>, std::ratio<0ll, 1ll>, std::ratio<-1ll, 1ll>, std::ratio<0ll, 1ll>, std::ratio<0ll, 1ll>, std::ratio<0ll, 1ll>, std::ratio<0ll, 1ll>, std::ratio<0ll, 1ll>, std::ratio<0ll, 1ll> >, std::ratio<0ll, 1ll>, std::ratio<0ll, 1ll> >, float, units::linear_scale>::operator unsigned long<unsigned long, 0>() const
 .text._ZNK4sjsu6cortex11SystemTimer16SetTickFrequencyEN5units6unit_tINS2_4unitISt5ratioILx1ELx1EENS2_9base_unitIS5_ILx0ELx1EES8_S5_ILxn1ELx1EES8_S8_S8_S8_S8_S8_EES8_S8_EEfNS2_12linear_scaleEEE
                0x0000000000002bac       0xc4 /home/will/SJSU-Dev2/library/static_libraries/lpc17xx/liblpc17xx.a(startup.cpp.o)
                0x0000000000002bac                sjsu::cortex::SystemTimer::SetTickFrequency(units::unit_t<units::unit<std::ratio<1ll, 1ll>, units::base_unit<std::ratio<0ll, 1ll>, std::ratio<0ll, 1ll>, std::ratio<-1ll, 1ll>, std::ratio<0ll, 1ll>, std::ratio<0ll, 1ll>, std::ratio<0ll, 1ll>, std::ratio<0ll, 1ll>, std::ratio<0ll, 1ll>, std::ratio<0ll, 1ll> >, std::ratio<0ll, 1ll>, std::ratio<0ll, 1ll> >, float, units::linear_scale>) const
 .text._ZN4sjsu3bit19CreateMaskFromRangeEhh
                0x0000000000002c70       0x3a /home/will/SJSU-Dev2/library/static_libraries/lpc17xx/liblpc17xx.a(startup.cpp.o)
                0x0000000000002c70                sjsu::bit::CreateMaskFromRange(unsigned char, unsigned char)
 .text._ZN5unitsL7convertINS_4unitISt5ratioILx1000000ELx1EENS1_IS2_ILx1ELx1EENS_9base_unitIS2_ILx0ELx1EES6_S2_ILxn1ELx1EES6_S6_S6_S6_S6_S6_EES6_S6_EES6_S6_EES9_fEET1_RKSB_
                0x0000000000002caa       0x18 /home/will/SJSU-Dev2/library/static_libraries/lpc17xx/liblpc17xx.a(startup.cpp.o)
 *fill*         0x0000000000002cc2        0x2 ff
 .text._ZN5units6detailL7convertINS_4unitISt5ratioILx1000000ELx1EENS2_IS3_ILx1ELx1EENS_9base_unitIS3_ILx0ELx1EES7_S3_ILxn1ELx1EES7_S7_S7_S7_S7_S7_EES7_S7_EES7_S7_EESA_S4_S7_S7_fEET4_RKSC_St17integral_constantIbLb0EESG_SG_
                0x0000000000002cc4       0x28 /home/will/SJSU-Dev2/library/static_libraries/lpc17xx/liblpc17xx.a(startup.cpp.o)
 .text._ZN5units6unit_tINS_4unitISt5ratioILx1ELx1EENS_9base_unitIS2_ILx0ELx1EES5_S2_ILxn1ELx1EES5_S5_S5_S5_S5_S5_EES5_S5_EEfNS_12linear_scaleEEC1INS1_IS2_ILx1000000ELx1EES8_S5_S5_EEfS9_EERKNS0_IT_T0_T1_EE
                0x0000000000002cec       0x32 /home/will/SJSU-Dev2/library/static_libraries/lpc17xx/liblpc17xx.a(startup.cpp.o)
                0x0000000000002cec                units::unit_t<units::unit<std::ratio<1ll, 1ll>, units::base_unit<std::ratio<0ll, 1ll>, std::ratio<0ll, 1ll>, std::ratio<-1ll, 1ll>, std::ratio<0ll, 1ll>, std::ratio<0ll, 1ll>, std::ratio<0ll, 1ll>, std::ratio<0ll, 1ll>, std::ratio<0ll, 1ll>, std::ratio<0ll, 1ll> >, std::ratio<0ll, 1ll>, std::ratio<0ll, 1ll> >, float, units::linear_scale>::unit_t<units::unit<std::ratio<1000000ll, 1ll>, units::unit<std::ratio<1ll, 1ll>, units::base_unit<std::ratio<0ll, 1ll>, std::ratio<0ll, 1ll>, std::ratio<-1ll, 1ll>, std::ratio<0ll, 1ll>, std::ratio<0ll, 1ll>, std::ratio<0ll, 1ll>, std::ratio<0ll, 1ll>, std::ratio<0ll, 1ll>, std::ratio<0ll, 1ll> >, std::ratio<0ll, 1ll>, std::ratio<0ll, 1ll> >, std::ratio<0ll, 1ll>, std::ratio<0ll, 1ll> >, float, units::linear_scale>(units::unit_t<units::unit<std::ratio<1000000ll, 1ll>, units::unit<std::ratio<1ll, 1ll>, units::base_unit<std::ratio<0ll, 1ll>, std::ratio<0ll, 1ll>, std::ratio<-1ll, 1ll>, std::ratio<0ll, 1ll>, std::ratio<0ll, 1ll>, std::ratio<0ll, 1ll>, std::ratio<0ll, 1ll>, std::ratio<0ll, 1ll>, std::ratio<0ll, 1ll> >, std::ratio<0ll, 1ll>, std::ratio<0ll, 1ll> >, std::ratio<0ll, 1ll>, std::ratio<0ll, 1ll> >, float, units::linear_scale> const&)
 .text._ZN5units12linear_scaleIfEC2IJSt17integral_constantIbLb1EEEEERKfDpOT_
                0x0000000000002d1e       0x20 /home/will/SJSU-Dev2/library/static_libraries/lpc17xx/liblpc17xx.a(startup.cpp.o)
                0x0000000000002d1e                units::linear_scale<float>::linear_scale<std::integral_constant<bool, true> >(float const&, std::integral_constant<bool, true>&&)
 *fill*         0x0000000000002d3e        0x2 ff
 .text._ZNK4sjsu7lpc17xx16SystemController23SetSystemClockFrequencyEN5units6unit_tINS2_4unitISt5ratioILx1000000ELx1EENS4_IS5_ILx1ELx1EENS2_9base_unitIS5_ILx0ELx1EES9_S5_ILxn1ELx1EES9_S9_S9_S9_S9_S9_EES9_S9_EES9_S9_EEfNS2_12linear_scaleEEE
                0x0000000000002d40      0x1c4 /home/will/SJSU-Dev2/library/static_libraries/lpc17xx/liblpc17xx.a(startup.cpp.o)
                0x0000000000002d40                sjsu::lpc17xx::SystemController::SetSystemClockFrequency(units::unit_t<units::unit<std::ratio<1000000ll, 1ll>, units::unit<std::ratio<1ll, 1ll>, units::base_unit<std::ratio<0ll, 1ll>, std::ratio<0ll, 1ll>, std::ratio<-1ll, 1ll>, std::ratio<0ll, 1ll>, std::ratio<0ll, 1ll>, std::ratio<0ll, 1ll>, std::ratio<0ll, 1ll>, std::ratio<0ll, 1ll>, std::ratio<0ll, 1ll> >, std::ratio<0ll, 1ll>, std::ratio<0ll, 1ll> >, std::ratio<0ll, 1ll>, std::ratio<0ll, 1ll> >, float, units::linear_scale>) const
 .text._ZNK4sjsu7lpc17xx16SystemController25SetPeripheralClockDividerERKNS_16SystemController12PeripheralIDEh
                0x0000000000002f04      0x134 /home/will/SJSU-Dev2/library/static_libraries/lpc17xx/liblpc17xx.a(startup.cpp.o)
                0x0000000000002f04                sjsu::lpc17xx::SystemController::SetPeripheralClockDivider(sjsu::SystemController::PeripheralID const&, unsigned char) const
 .text._ZNK4sjsu7lpc17xx16SystemController25GetPeripheralClockDividerERKNS_16SystemController12PeripheralIDE
                0x0000000000003038       0x80 /home/will/SJSU-Dev2/library/static_libraries/lpc17xx/liblpc17xx.a(startup.cpp.o)
                0x0000000000003038                sjsu::lpc17xx::SystemController::GetPeripheralClockDivider(sjsu::SystemController::PeripheralID const&) const
 .text._ZNK4sjsu7lpc17xx16SystemController18GetSystemFrequencyEv
                0x00000000000030b8       0x1c /home/will/SJSU-Dev2/library/static_libraries/lpc17xx/liblpc17xx.a(startup.cpp.o)
                0x00000000000030b8                sjsu::lpc17xx::SystemController::GetSystemFrequency() const
 .text._ZNK4sjsu7lpc17xx16SystemController21IsPeripheralPoweredUpERKNS_16SystemController12PeripheralIDE
                0x00000000000030d4       0x2c /home/will/SJSU-Dev2/library/static_libraries/lpc17xx/liblpc17xx.a(startup.cpp.o)
                0x00000000000030d4                sjsu::lpc17xx::SystemController::IsPeripheralPoweredUp(sjsu::SystemController::PeripheralID const&) const
 .text._ZNK4sjsu7lpc17xx16SystemController17PowerUpPeripheralERKNS_16SystemController12PeripheralIDE
                0x0000000000003100       0x34 /home/will/SJSU-Dev2/library/static_libraries/lpc17xx/liblpc17xx.a(startup.cpp.o)
                0x0000000000003100                sjsu::lpc17xx::SystemController::PowerUpPeripheral(sjsu::SystemController::PeripheralID const&) const
 .text._ZNK4sjsu7lpc17xx16SystemController19PowerDownPeripheralERKNS_16SystemController12PeripheralIDE
                0x0000000000003134       0x34 /home/will/SJSU-Dev2/library/static_libraries/lpc17xx/liblpc17xx.a(startup.cpp.o)
                0x0000000000003134                sjsu::lpc17xx::SystemController::PowerDownPeripheral(sjsu::SystemController::PeripheralID const&) const
 .text._ZNK4sjsu7lpc17xx16SystemController22SelectOscillatorSourceENS1_16OscillatorSourceE
                0x0000000000003168       0x48 /home/will/SJSU-Dev2/library/static_libraries/lpc17xx/liblpc17xx.a(startup.cpp.o)
                0x0000000000003168                sjsu::lpc17xx::SystemController::SelectOscillatorSource(sjsu::lpc17xx::SystemController::OscillatorSource) const
 .text._ZNK5units6unit_tINS_4unitISt5ratioILx1ELx1EENS_9base_unitIS2_ILx0ELx1EES5_S2_ILxn1ELx1EES5_S5_S5_S5_S5_S5_EES5_S5_EEfNS_12linear_scaleEEgtIS8_fS9_EEbRKNS0_IT_T0_T1_EE
                0x00000000000031b0       0x38 /home/will/SJSU-Dev2/library/static_libraries/lpc17xx/liblpc17xx.a(startup.cpp.o)
                0x00000000000031b0                bool units::unit_t<units::unit<std::ratio<1ll, 1ll>, units::base_unit<std::ratio<0ll, 1ll>, std::ratio<0ll, 1ll>, std::ratio<-1ll, 1ll>, std::ratio<0ll, 1ll>, std::ratio<0ll, 1ll>, std::ratio<0ll, 1ll>, std::ratio<0ll, 1ll>, std::ratio<0ll, 1ll>, std::ratio<0ll, 1ll> >, std::ratio<0ll, 1ll>, std::ratio<0ll, 1ll> >, float, units::linear_scale>::operator><units::unit<std::ratio<1ll, 1ll>, units::base_unit<std::ratio<0ll, 1ll>, std::ratio<0ll, 1ll>, std::ratio<-1ll, 1ll>, std::ratio<0ll, 1ll>, std::ratio<0ll, 1ll>, std::ratio<0ll, 1ll>, std::ratio<0ll, 1ll>, std::ratio<0ll, 1ll>, std::ratio<0ll, 1ll> >, std::ratio<0ll, 1ll>, std::ratio<0ll, 1ll> >, float, units::linear_scale>(units::unit_t<units::unit<std::ratio<1ll, 1ll>, units::base_unit<std::ratio<0ll, 1ll>, std::ratio<0ll, 1ll>, std::ratio<-1ll, 1ll>, std::ratio<0ll, 1ll>, std::ratio<0ll, 1ll>, std::ratio<0ll, 1ll>, std::ratio<0ll, 1ll>, std::ratio<0ll, 1ll>, std::ratio<0ll, 1ll> >, std::ratio<0ll, 1ll>, std::ratio<0ll, 1ll> >, float, units::linear_scale> const&) const
 .text._ZNK5units6unit_tINS_4unitISt5ratioILx1ELx1EENS_9base_unitIS2_ILx0ELx1EES5_S2_ILxn1ELx1EES5_S5_S5_S5_S5_S5_EES5_S5_EEfNS_12linear_scaleEEltIS8_fS9_EEbRKNS0_IT_T0_T1_EE
                0x00000000000031e8       0x38 /home/will/SJSU-Dev2/library/static_libraries/lpc17xx/liblpc17xx.a(startup.cpp.o)
                0x00000000000031e8                bool units::unit_t<units::unit<std::ratio<1ll, 1ll>, units::base_unit<std::ratio<0ll, 1ll>, std::ratio<0ll, 1ll>, std::ratio<-1ll, 1ll>, std::ratio<0ll, 1ll>, std::ratio<0ll, 1ll>, std::ratio<0ll, 1ll>, std::ratio<0ll, 1ll>, std::ratio<0ll, 1ll>, std::ratio<0ll, 1ll> >, std::ratio<0ll, 1ll>, std::ratio<0ll, 1ll> >, float, units::linear_scale>::operator< <units::unit<std::ratio<1ll, 1ll>, units::base_unit<std::ratio<0ll, 1ll>, std::ratio<0ll, 1ll>, std::ratio<-1ll, 1ll>, std::ratio<0ll, 1ll>, std::ratio<0ll, 1ll>, std::ratio<0ll, 1ll>, std::ratio<0ll, 1ll>, std::ratio<0ll, 1ll>, std::ratio<0ll, 1ll> >, std::ratio<0ll, 1ll>, std::ratio<0ll, 1ll> >, float, units::linear_scale>(units::unit_t<units::unit<std::ratio<1ll, 1ll>, units::base_unit<std::ratio<0ll, 1ll>, std::ratio<0ll, 1ll>, std::ratio<-1ll, 1ll>, std::ratio<0ll, 1ll>, std::ratio<0ll, 1ll>, std::ratio<0ll, 1ll>, std::ratio<0ll, 1ll>, std::ratio<0ll, 1ll>, std::ratio<0ll, 1ll> >, std::ratio<0ll, 1ll>, std::ratio<0ll, 1ll> >, float, units::linear_scale> const&) const
 .text._ZNK4sjsu7lpc17xx16SystemController13CalculatePll0EN5units6unit_tINS2_4unitISt5ratioILx1ELx1EENS2_9base_unitIS5_ILx0ELx1EES8_S5_ILxn1ELx1EES8_S8_S8_S8_S8_S8_EES8_S8_EEfNS2_12linear_scaleEEESD_
                0x0000000000003220      0x220 /home/will/SJSU-Dev2/library/static_libraries/lpc17xx/liblpc17xx.a(startup.cpp.o)
                0x0000000000003220                sjsu::lpc17xx::SystemController::CalculatePll0(units::unit_t<units::unit<std::ratio<1ll, 1ll>, units::base_unit<std::ratio<0ll, 1ll>, std::ratio<0ll, 1ll>, std::ratio<-1ll, 1ll>, std::ratio<0ll, 1ll>, std::ratio<0ll, 1ll>, std::ratio<0ll, 1ll>, std::ratio<0ll, 1ll>, std::ratio<0ll, 1ll>, std::ratio<0ll, 1ll> >, std::ratio<0ll, 1ll>, std::ratio<0ll, 1ll> >, float, units::linear_scale>, units::unit_t<units::unit<std::ratio<1ll, 1ll>, units::base_unit<std::ratio<0ll, 1ll>, std::ratio<0ll, 1ll>, std::ratio<-1ll, 1ll>, std::ratio<0ll, 1ll>, std::ratio<0ll, 1ll>, std::ratio<0ll, 1ll>, std::ratio<0ll, 1ll>, std::ratio<0ll, 1ll>, std::ratio<0ll, 1ll> >, std::ratio<0ll, 1ll>, std::ratio<0ll, 1ll> >, float, units::linear_scale>) const
 .text._ZN4sjsu5ValueINS_7lpc17xx16SystemController9PllSelectEEEDaT_
                0x0000000000003440       0x16 /home/will/SJSU-Dev2/library/static_libraries/lpc17xx/liblpc17xx.a(startup.cpp.o)
                0x0000000000003440                auto sjsu::Value<sjsu::lpc17xx::SystemController::PllSelect>(sjsu::lpc17xx::SystemController::PllSelect)
 *fill*         0x0000000000003456        0x2 ff
 .text._ZNK4sjsu7lpc17xx16SystemController20WritePllFeedSequenceENS1_9PllSelectE
                0x0000000000003458       0x5c /home/will/SJSU-Dev2/library/static_libraries/lpc17xx/liblpc17xx.a(startup.cpp.o)
                0x0000000000003458                sjsu::lpc17xx::SystemController::WritePllFeedSequence(sjsu::lpc17xx::SystemController::PllSelect) const
 .text._ZNK4sjsu7lpc17xx16SystemController20WaitForPllLockStatusENS1_9PllSelectE
                0x00000000000034b4       0x84 /home/will/SJSU-Dev2/library/static_libraries/lpc17xx/liblpc17xx.a(startup.cpp.o)
                0x00000000000034b4                sjsu::lpc17xx::SystemController::WaitForPllLockStatus(sjsu::lpc17xx::SystemController::PllSelect) const
 .text._ZNK4sjsu7lpc17xx16SystemController26WaitForPllConnectionStatusENS1_9PllSelectE
                0x0000000000003538       0x84 /home/will/SJSU-Dev2/library/static_libraries/lpc17xx/liblpc17xx.a(startup.cpp.o)
                0x0000000000003538                sjsu::lpc17xx::SystemController::WaitForPllConnectionStatus(sjsu::lpc17xx::SystemController::PllSelect) const
 .text._ZNK4sjsu7lpc17xx16SystemController18SetCpuClockDividerEh
                0x00000000000035bc       0x48 /home/will/SJSU-Dev2/library/static_libraries/lpc17xx/liblpc17xx.a(startup.cpp.o)
                0x00000000000035bc                sjsu::lpc17xx::SystemController::SetCpuClockDivider(unsigned char) const
 .text._ZNK4sjsu7lpc17xx16SystemController32GetPeripheralClockSelectRegisterERKNS_16SystemController12PeripheralIDE
                0x0000000000003604       0x34 /home/will/SJSU-Dev2/library/static_libraries/lpc17xx/liblpc17xx.a(startup.cpp.o)
                0x0000000000003604                sjsu::lpc17xx::SystemController::GetPeripheralClockSelectRegister(sjsu::SystemController::PeripheralID const&) const
 .text._ZNK4sjsu7lpc17xx16SystemController35CalculatePeripheralClockDividerMaskERKNS_16SystemController12PeripheralIDE
                0x0000000000003638       0x48 /home/will/SJSU-Dev2/library/static_libraries/lpc17xx/liblpc17xx.a(startup.cpp.o)
                0x0000000000003638                sjsu::lpc17xx::SystemController::CalculatePeripheralClockDividerMask(sjsu::SystemController::PeripheralID const&) const
 .text._ZNK4sjsu3Pin7GetPortEv
                0x0000000000003680       0x16 /home/will/SJSU-Dev2/library/static_libraries/lpc17xx/liblpc17xx.a(startup.cpp.o)
                0x0000000000003680                sjsu::Pin::GetPort() const
 .text._ZNK4sjsu3Pin6GetPinEv
                0x0000000000003696       0x16 /home/will/SJSU-Dev2/library/static_libraries/lpc17xx/liblpc17xx.a(startup.cpp.o)
                0x0000000000003696                sjsu::Pin::GetPin() const
 .text._ZNK4sjsu7lpc17xx3Pin14SetPinFunctionEh
                0x00000000000036ac       0x48 /home/will/SJSU-Dev2/library/static_libraries/lpc17xx/liblpc17xx.a(startup.cpp.o)
                0x00000000000036ac                sjsu::lpc17xx::Pin::SetPinFunction(unsigned char) const
 .text._ZN4sjsu5ValueINS_3Pin8ResistorEEEDaT_
                0x00000000000036f4       0x16 /home/will/SJSU-Dev2/library/static_libraries/lpc17xx/liblpc17xx.a(startup.cpp.o)
                0x00000000000036f4                auto sjsu::Value<sjsu::Pin::Resistor>(sjsu::Pin::Resistor)
 *fill*         0x000000000000370a        0x2 ff
 .text._ZNK4sjsu7lpc17xx3Pin7SetPullENS_3Pin8ResistorE
                0x000000000000370c       0x5c /home/will/SJSU-Dev2/library/static_libraries/lpc17xx/liblpc17xx.a(startup.cpp.o)
                0x000000000000370c                sjsu::lpc17xx::Pin::SetPull(sjsu::Pin::Resistor) const
 .text._ZNK4sjsu7lpc17xx3Pin15SetAsAnalogModeEb
                0x0000000000003768       0x2c /home/will/SJSU-Dev2/library/static_libraries/lpc17xx/liblpc17xx.a(startup.cpp.o)
                0x0000000000003768                sjsu::lpc17xx::Pin::SetAsAnalogMode(bool) const
 .text._ZNK4sjsu7lpc17xx3Pin14SetAsOpenDrainEb
                0x0000000000003794       0x48 /home/will/SJSU-Dev2/library/static_libraries/lpc17xx/liblpc17xx.a(startup.cpp.o)
                0x0000000000003794                sjsu::lpc17xx::Pin::SetAsOpenDrain(bool) const
 .text._ZNK4sjsu7lpc17xx3Pin17PinRegisterLookupEv
                0x00000000000037dc       0x2e /home/will/SJSU-Dev2/library/static_libraries/lpc17xx/liblpc17xx.a(startup.cpp.o)
                0x00000000000037dc                sjsu::lpc17xx::Pin::PinRegisterLookup() const
 *fill*         0x000000000000380a        0x2 ff
 .text._ZNK4sjsu7lpc40xx3Pin14SetPinFunctionEh
                0x000000000000380c       0x34 /home/will/SJSU-Dev2/library/static_libraries/lpc17xx/liblpc17xx.a(startup.cpp.o)
                0x000000000000380c                sjsu::lpc40xx::Pin::SetPinFunction(unsigned char) const
 .text._ZNK4sjsu7lpc40xx3Pin7SetPullENS_3Pin8ResistorE
                0x0000000000003840       0x34 /home/will/SJSU-Dev2/library/static_libraries/lpc17xx/liblpc17xx.a(startup.cpp.o)
                0x0000000000003840                sjsu::lpc40xx::Pin::SetPull(sjsu::Pin::Resistor) const
 .text._ZNK4sjsu7lpc40xx3Pin15SetAsAnalogModeEb
                0x0000000000003874       0x3c /home/will/SJSU-Dev2/library/static_libraries/lpc17xx/liblpc17xx.a(startup.cpp.o)
                0x0000000000003874                sjsu::lpc40xx::Pin::SetAsAnalogMode(bool) const
 .text._ZNK4sjsu7lpc40xx3Pin14SetAsOpenDrainEb
                0x00000000000038b0       0x34 /home/will/SJSU-Dev2/library/static_libraries/lpc17xx/liblpc17xx.a(startup.cpp.o)
                0x00000000000038b0                sjsu::lpc40xx::Pin::SetAsOpenDrain(bool) const
 .text._ZNK4sjsu7lpc40xx3Pin14SetPinRegisterEhNS_3bit4MaskE
                0x00000000000038e4       0x7c /home/will/SJSU-Dev2/library/static_libraries/lpc17xx/liblpc17xx.a(startup.cpp.o)
                0x00000000000038e4                sjsu::lpc40xx::Pin::SetPinRegister(unsigned char, sjsu::bit::Mask) const
 .text._ZN4sjsu7lpc40xx4uart21FindClosestFractionalEf
                0x0000000000003960       0xcc /home/will/SJSU-Dev2/library/static_libraries/lpc17xx/liblpc17xx.a(startup.cpp.o)
                0x0000000000003960                sjsu::lpc40xx::uart::FindClosestFractional(float)
 .text._ZN4sjsu7lpc40xx4uart15DividerEstimateEffm
                0x0000000000003a2c       0x3e /home/will/SJSU-Dev2/library/static_libraries/lpc17xx/liblpc17xx.a(startup.cpp.o)
                0x0000000000003a2c                sjsu::lpc40xx::uart::DividerEstimate(float, float, unsigned long)
 .text._ZN4sjsu7lpc40xx4uart18FractionalEstimateEffm
                0x0000000000003a6a       0x3e /home/will/SJSU-Dev2/library/static_libraries/lpc17xx/liblpc17xx.a(startup.cpp.o)
                0x0000000000003a6a                sjsu::lpc40xx::uart::FractionalEstimate(float, float, unsigned long)
 .text._ZN4sjsu7lpc40xx4uart10RoundFloatEf
                0x0000000000003aa8       0x2c /home/will/SJSU-Dev2/library/static_libraries/lpc17xx/liblpc17xx.a(startup.cpp.o)
                0x0000000000003aa8                sjsu::lpc40xx::uart::RoundFloat(float)
 .text._ZN4sjsu7lpc40xx4uart9IsDecmialEf
                0x0000000000003ad4       0x54 /home/will/SJSU-Dev2/library/static_libraries/lpc17xx/liblpc17xx.a(startup.cpp.o)
                0x0000000000003ad4                sjsu::lpc40xx::uart::IsDecmial(float)
 .text._ZN4sjsu7lpc40xx4uartL23GenerateUartCalibrationEmN5units6unit_tINS2_4unitISt5ratioILx1ELx1EENS2_9base_unitIS5_ILx0ELx1EES8_S5_ILxn1ELx1EES8_S8_S8_S8_S8_S8_EES8_S8_EEfNS2_12linear_scaleEEE
                0x0000000000003b28      0x1b0 /home/will/SJSU-Dev2/library/static_libraries/lpc17xx/liblpc17xx.a(startup.cpp.o)
 .text._ZNK4sjsu7lpc40xx4Uart10InitializeEm
                0x0000000000003cd8       0xc0 /home/will/SJSU-Dev2/library/static_libraries/lpc17xx/liblpc17xx.a(startup.cpp.o)
                0x0000000000003cd8                sjsu::lpc40xx::Uart::Initialize(unsigned long) const
 .text._ZNK4sjsu7lpc40xx4Uart11SetBaudRateEm
                0x0000000000003d98       0x8c /home/will/SJSU-Dev2/library/static_libraries/lpc17xx/liblpc17xx.a(startup.cpp.o)
                0x0000000000003d98                sjsu::lpc40xx::Uart::SetBaudRate(unsigned long) const
 .text._ZNK4sjsu7lpc40xx4Uart5WriteEPKhj
                0x0000000000003e24       0x4e /home/will/SJSU-Dev2/library/static_libraries/lpc17xx/liblpc17xx.a(startup.cpp.o)
                0x0000000000003e24                sjsu::lpc40xx::Uart::Write(unsigned char const*, unsigned int) const
 .text._ZZNK4sjsu7lpc40xx4Uart4ReadEPhjNSt6chrono8durationIxSt5ratioILx1ELx1000000EEEEENKUlvE_clEv
                0x0000000000003e72       0x56 /home/will/SJSU-Dev2/library/static_libraries/lpc17xx/liblpc17xx.a(startup.cpp.o)
                0x0000000000003e72                sjsu::lpc40xx::Uart::Read(unsigned char*, unsigned int, std::chrono::duration<long long, std::ratio<1ll, 1000000ll> >) const::{lambda()#1}::operator()() const
 .text._ZNK4sjsu7lpc40xx4Uart4ReadEPhjNSt6chrono8durationIxSt5ratioILx1ELx1000000EEEE
                0x0000000000003ec8       0xd0 /home/will/SJSU-Dev2/library/static_libraries/lpc17xx/liblpc17xx.a(startup.cpp.o)
                0x0000000000003ec8                sjsu::lpc40xx::Uart::Read(unsigned char*, unsigned int, std::chrono::duration<long long, std::ratio<1ll, 1000000ll> >) const
 .text._ZNK4sjsu7lpc40xx4Uart7HasDataEv
                0x0000000000003f98       0x24 /home/will/SJSU-Dev2/library/static_libraries/lpc17xx/liblpc17xx.a(startup.cpp.o)
                0x0000000000003f98                sjsu::lpc40xx::Uart::HasData() const
 .text._ZNK4sjsu7lpc40xx4Uart20TransmissionCompleteEv
                0x0000000000003fbc       0x24 /home/will/SJSU-Dev2/library/static_libraries/lpc17xx/liblpc17xx.a(startup.cpp.o)
                0x0000000000003fbc                sjsu::lpc40xx::Uart::TransmissionComplete() const
 .text._ZN12_GLOBAL__N_113Lpc17xxStdOutEPKcj
                0x0000000000003fe0       0x24 /home/will/SJSU-Dev2/library/static_libraries/lpc17xx/liblpc17xx.a(startup.cpp.o)
 .text._ZN12_GLOBAL__N_112Lpc17xxStdInEPcj
                0x0000000000004004       0x34 /home/will/SJSU-Dev2/library/static_libraries/lpc17xx/liblpc17xx.a(startup.cpp.o)
 .text.ThreadRuntimeCounter
                0x0000000000004038       0x14 /home/will/SJSU-Dev2/library/static_libraries/lpc17xx/liblpc17xx.a(startup.cpp.o)
                0x0000000000004038                ThreadRuntimeCounter
 .text._ZN4sjsu18InitializePlatformEv
                0x000000000000404c       0xb0 /home/will/SJSU-Dev2/library/static_libraries/lpc17xx/liblpc17xx.a(startup.cpp.o)
                0x000000000000404c                sjsu::InitializePlatform()
 .text._ZN5unitsdvINS_6unit_tINS_4unitISt5ratioILx1ELx1EENS_9base_unitIS3_ILx0ELx1EES6_S3_ILxn1ELx1EES6_S6_S6_S6_S6_S6_EES6_S6_EEfNS_12linear_scaleEEEmLi0EEET_RKSC_T0_
                0x00000000000040fc       0x3e /home/will/SJSU-Dev2/library/static_libraries/lpc17xx/liblpc17xx.a(startup.cpp.o)
                0x00000000000040fc                units::unit_t<units::unit<std::ratio<1ll, 1ll>, units::base_unit<std::ratio<0ll, 1ll>, std::ratio<0ll, 1ll>, std::ratio<-1ll, 1ll>, std::ratio<0ll, 1ll>, std::ratio<0ll, 1ll>, std::ratio<0ll, 1ll>, std::ratio<0ll, 1ll>, std::ratio<0ll, 1ll>, std::ratio<0ll, 1ll> >, std::ratio<0ll, 1ll>, std::ratio<0ll, 1ll> >, float, units::linear_scale> units::operator/<units::unit_t<units::unit<std::ratio<1ll, 1ll>, units::base_unit<std::ratio<0ll, 1ll>, std::ratio<0ll, 1ll>, std::ratio<-1ll, 1ll>, std::ratio<0ll, 1ll>, std::ratio<0ll, 1ll>, std::ratio<0ll, 1ll>, std::ratio<0ll, 1ll>, std::ratio<0ll, 1ll>, std::ratio<0ll, 1ll> >, std::ratio<0ll, 1ll>, std::ratio<0ll, 1ll> >, float, units::linear_scale>, unsigned long, 0>(units::unit_t<units::unit<std::ratio<1ll, 1ll>, units::base_unit<std::ratio<0ll, 1ll>, std::ratio<0ll, 1ll>, std::ratio<-1ll, 1ll>, std::ratio<0ll, 1ll>, std::ratio<0ll, 1ll>, std::ratio<0ll, 1ll>, std::ratio<0ll, 1ll>, std::ratio<0ll, 1ll>, std::ratio<0ll, 1ll> >, std::ratio<0ll, 1ll>, std::ratio<0ll, 1ll> >, float, units::linear_scale> const&, unsigned long)
 .text._ZNSt6chrono8durationIxSt5ratioILx1ELx1000000EEEpLERKS3_
                0x000000000000413a       0x30 /home/will/SJSU-Dev2/library/static_libraries/lpc17xx/liblpc17xx.a(startup.cpp.o)
                0x000000000000413a                std::chrono::duration<long long, std::ratio<1ll, 1000000ll> >::operator+=(std::chrono::duration<long long, std::ratio<1ll, 1000000ll> > const&)
 .text._ZNK5units6unit_tINS_4unitISt5ratioILx1ELx1EENS_9base_unitIS2_ILx0ELx1EES5_S5_S5_S5_S5_S5_S5_S5_EES5_S5_EEfNS_12linear_scaleEEcvT_ImLi0EEEv
                0x000000000000416a       0x30 /home/will/SJSU-Dev2/library/static_libraries/lpc17xx/liblpc17xx.a(startup.cpp.o)
                0x000000000000416a                units::unit_t<units::unit<std::ratio<1ll, 1ll>, units::base_unit<std::ratio<0ll, 1ll>, std::ratio<0ll, 1ll>, std::ratio<0ll, 1ll>, std::ratio<0ll, 1ll>, std::ratio<0ll, 1ll>, std::ratio<0ll, 1ll>, std::ratio<0ll, 1ll>, std::ratio<0ll, 1ll>, std::ratio<0ll, 1ll> >, std::ratio<0ll, 1ll>, std::ratio<0ll, 1ll> >, float, units::linear_scale>::operator unsigned long<unsigned long, 0>() const
 .text._ZN4sjsu3bit5ClearImEET_S2_m
                0x000000000000419a       0x24 /home/will/SJSU-Dev2/library/static_libraries/lpc17xx/liblpc17xx.a(startup.cpp.o)
                0x000000000000419a                unsigned long sjsu::bit::Clear<unsigned long>(unsigned long, unsigned long)
 .text._ZN4sjsu3bit6InsertImtEET_S2_T0_NS0_4MaskE
                0x00000000000041be       0x26 /home/will/SJSU-Dev2/library/static_libraries/lpc17xx/liblpc17xx.a(startup.cpp.o)
                0x00000000000041be                unsigned long sjsu::bit::Insert<unsigned long, unsigned short>(unsigned long, unsigned short, sjsu::bit::Mask)
 .text._ZN4sjsu3bit6InsertImhEET_S2_T0_NS0_4MaskE
                0x00000000000041e4       0x26 /home/will/SJSU-Dev2/library/static_libraries/lpc17xx/liblpc17xx.a(startup.cpp.o)
                0x00000000000041e4                unsigned long sjsu::bit::Insert<unsigned long, unsigned char>(unsigned long, unsigned char, sjsu::bit::Mask)
 .text._ZN4sjsu3bit3SetImEET_S2_m
                0x000000000000420a       0x22 /home/will/SJSU-Dev2/library/static_libraries/lpc17xx/liblpc17xx.a(startup.cpp.o)
                0x000000000000420a                unsigned long sjsu::bit::Set<unsigned long>(unsigned long, unsigned long)
 .text._ZN5units6unit_tINS_4unitISt5ratioILx1ELx1EENS_9base_unitIS2_ILx0ELx1EES5_S2_ILxn1ELx1EES5_S5_S5_S5_S5_S5_EES5_S5_EEfNS_12linear_scaleEEaSINS1_IS2_ILx1000000ELx1EES8_S5_S5_EEfS9_EERSA_RKNS0_IT_T0_T1_EE
                0x000000000000422c       0x22 /home/will/SJSU-Dev2/library/static_libraries/lpc17xx/liblpc17xx.a(startup.cpp.o)
                0x000000000000422c                units::unit_t<units::unit<std::ratio<1ll, 1ll>, units::base_unit<std::ratio<0ll, 1ll>, std::ratio<0ll, 1ll>, std::ratio<-1ll, 1ll>, std::ratio<0ll, 1ll>, std::ratio<0ll, 1ll>, std::ratio<0ll, 1ll>, std::ratio<0ll, 1ll>, std::ratio<0ll, 1ll>, std::ratio<0ll, 1ll> >, std::ratio<0ll, 1ll>, std::ratio<0ll, 1ll> >, float, units::linear_scale>& units::unit_t<units::unit<std::ratio<1ll, 1ll>, units::base_unit<std::ratio<0ll, 1ll>, std::ratio<0ll, 1ll>, std::ratio<-1ll, 1ll>, std::ratio<0ll, 1ll>, std::ratio<0ll, 1ll>, std::ratio<0ll, 1ll>, std::ratio<0ll, 1ll>, std::ratio<0ll, 1ll>, std::ratio<0ll, 1ll> >, std::ratio<0ll, 1ll>, std::ratio<0ll, 1ll> >, float, units::linear_scale>::operator=<units::unit<std::ratio<1000000ll, 1ll>, units::unit<std::ratio<1ll, 1ll>, units::base_unit<std::ratio<0ll, 1ll>, std::ratio<0ll, 1ll>, std::ratio<-1ll, 1ll>, std::ratio<0ll, 1ll>, std::ratio<0ll, 1ll>, std::ratio<0ll, 1ll>, std::ratio<0ll, 1ll>, std::ratio<0ll, 1ll>, std::ratio<0ll, 1ll> >, std::ratio<0ll, 1ll>, std::ratio<0ll, 1ll> >, std::ratio<0ll, 1ll>, std::ratio<0ll, 1ll> >, float, units::linear_scale>(units::unit_t<units::unit<std::ratio<1000000ll, 1ll>, units::unit<std::ratio<1ll, 1ll>, units::base_unit<std::ratio<0ll, 1ll>, std::ratio<0ll, 1ll>, std::ratio<-1ll, 1ll>, std::ratio<0ll, 1ll>, std::ratio<0ll, 1ll>, std::ratio<0ll, 1ll>, std::ratio<0ll, 1ll>, std::ratio<0ll, 1ll>, std::ratio<0ll, 1ll> >, std::ratio<0ll, 1ll>, std::ratio<0ll, 1ll> >, std::ratio<0ll, 1ll>, std::ratio<0ll, 1ll> >, float, units::linear_scale> const&)
 .text._ZN4sjsu3bit7ExtractImEET_S2_NS0_4MaskE
                0x000000000000424e       0x22 /home/will/SJSU-Dev2/library/static_libraries/lpc17xx/liblpc17xx.a(startup.cpp.o)
                0x000000000000424e                unsigned long sjsu::bit::Extract<unsigned long>(unsigned long, sjsu::bit::Mask)
 .text._ZN4sjsu3bit4ReadImEEbT_m
                0x0000000000004270       0x2c /home/will/SJSU-Dev2/library/static_libraries/lpc17xx/liblpc17xx.a(startup.cpp.o)
                0x0000000000004270                bool sjsu::bit::Read<unsigned long>(unsigned long, unsigned long)
 .text._ZN4sjsu3bit6InsertImmEET_S2_T0_NS0_4MaskE
                0x000000000000429c       0x24 /home/will/SJSU-Dev2/library/static_libraries/lpc17xx/liblpc17xx.a(startup.cpp.o)
                0x000000000000429c                unsigned long sjsu::bit::Insert<unsigned long, unsigned long>(unsigned long, unsigned long, sjsu::bit::Mask)
 .text._ZN5unitsmlINS_6unit_tINS_4unitISt5ratioILx1ELx1EENS_9base_unitIS3_ILx0ELx1EES6_S3_ILxn1ELx1EES6_S6_S6_S6_S6_S6_EES6_S6_EEfNS_12linear_scaleEEEiLi0EEET_T0_RKSC_
                0x00000000000042c0       0x3e /home/will/SJSU-Dev2/library/static_libraries/lpc17xx/liblpc17xx.a(startup.cpp.o)
                0x00000000000042c0                units::unit_t<units::unit<std::ratio<1ll, 1ll>, units::base_unit<std::ratio<0ll, 1ll>, std::ratio<0ll, 1ll>, std::ratio<-1ll, 1ll>, std::ratio<0ll, 1ll>, std::ratio<0ll, 1ll>, std::ratio<0ll, 1ll>, std::ratio<0ll, 1ll>, std::ratio<0ll, 1ll>, std::ratio<0ll, 1ll> >, std::ratio<0ll, 1ll>, std::ratio<0ll, 1ll> >, float, units::linear_scale> units::operator*<units::unit_t<units::unit<std::ratio<1ll, 1ll>, units::base_unit<std::ratio<0ll, 1ll>, std::ratio<0ll, 1ll>, std::ratio<-1ll, 1ll>, std::ratio<0ll, 1ll>, std::ratio<0ll, 1ll>, std::ratio<0ll, 1ll>, std::ratio<0ll, 1ll>, std::ratio<0ll, 1ll>, std::ratio<0ll, 1ll> >, std::ratio<0ll, 1ll>, std::ratio<0ll, 1ll> >, float, units::linear_scale>, int, 0>(int, units::unit_t<units::unit<std::ratio<1ll, 1ll>, units::base_unit<std::ratio<0ll, 1ll>, std::ratio<0ll, 1ll>, std::ratio<-1ll, 1ll>, std::ratio<0ll, 1ll>, std::ratio<0ll, 1ll>, std::ratio<0ll, 1ll>, std::ratio<0ll, 1ll>, std::ratio<0ll, 1ll>, std::ratio<0ll, 1ll> >, std::ratio<0ll, 1ll>, std::ratio<0ll, 1ll> >, float, units::linear_scale> const&)
 .text._ZN5unitsdvINS_6unit_tINS_4unitISt5ratioILx1ELx1EENS_9base_unitIS3_ILx0ELx1EES6_S3_ILxn1ELx1EES6_S6_S6_S6_S6_S6_EES6_S6_EEfNS_12linear_scaleEEEiLi0EEET_RKSC_T0_
                0x00000000000042fe       0x3e /home/will/SJSU-Dev2/library/static_libraries/lpc17xx/liblpc17xx.a(startup.cpp.o)
                0x00000000000042fe                units::unit_t<units::unit<std::ratio<1ll, 1ll>, units::base_unit<std::ratio<0ll, 1ll>, std::ratio<0ll, 1ll>, std::ratio<-1ll, 1ll>, std::ratio<0ll, 1ll>, std::ratio<0ll, 1ll>, std::ratio<0ll, 1ll>, std::ratio<0ll, 1ll>, std::ratio<0ll, 1ll>, std::ratio<0ll, 1ll> >, std::ratio<0ll, 1ll>, std::ratio<0ll, 1ll> >, float, units::linear_scale> units::operator/<units::unit_t<units::unit<std::ratio<1ll, 1ll>, units::base_unit<std::ratio<0ll, 1ll>, std::ratio<0ll, 1ll>, std::ratio<-1ll, 1ll>, std::ratio<0ll, 1ll>, std::ratio<0ll, 1ll>, std::ratio<0ll, 1ll>, std::ratio<0ll, 1ll>, std::ratio<0ll, 1ll>, std::ratio<0ll, 1ll> >, std::ratio<0ll, 1ll>, std::ratio<0ll, 1ll> >, float, units::linear_scale>, int, 0>(units::unit_t<units::unit<std::ratio<1ll, 1ll>, units::base_unit<std::ratio<0ll, 1ll>, std::ratio<0ll, 1ll>, std::ratio<-1ll, 1ll>, std::ratio<0ll, 1ll>, std::ratio<0ll, 1ll>, std::ratio<0ll, 1ll>, std::ratio<0ll, 1ll>, std::ratio<0ll, 1ll>, std::ratio<0ll, 1ll> >, std::ratio<0ll, 1ll>, std::ratio<0ll, 1ll> >, float, units::linear_scale> const&, int)
 .text._ZN4sjsu3bit6InsertImbEET_S2_T0_NS0_4MaskE
                0x000000000000433c       0x26 /home/will/SJSU-Dev2/library/static_libraries/lpc17xx/liblpc17xx.a(startup.cpp.o)
                0x000000000000433c                unsigned long sjsu::bit::Insert<unsigned long, bool>(unsigned long, bool, sjsu::bit::Mask)
 .text._ZN4sjsu3bit4ReadIhEEbT_m
                0x0000000000004362       0x2c /home/will/SJSU-Dev2/library/static_libraries/lpc17xx/liblpc17xx.a(startup.cpp.o)
                0x0000000000004362                bool sjsu::bit::Read<unsigned char>(unsigned char, unsigned long)
 .text._ZN5unitsL7convertINS_4unitISt5ratioILx1ELx1EENS_9base_unitIS2_ILx0ELx1EES5_S5_S5_S5_S5_S5_S5_S5_EES5_S5_EES7_fEET1_RKS8_
                0x000000000000438e       0x18 /home/will/SJSU-Dev2/library/static_libraries/lpc17xx/liblpc17xx.a(startup.cpp.o)
 .text._ZN4sjsu3bit6InsertImtEET_S2_T0_mm
                0x00000000000043a6       0x58 /home/will/SJSU-Dev2/library/static_libraries/lpc17xx/liblpc17xx.a(startup.cpp.o)
                0x00000000000043a6                unsigned long sjsu::bit::Insert<unsigned long, unsigned short>(unsigned long, unsigned short, unsigned long, unsigned long)
 .text._ZN4sjsu3bit6InsertImhEET_S2_T0_mm
                0x00000000000043fe       0x58 /home/will/SJSU-Dev2/library/static_libraries/lpc17xx/liblpc17xx.a(startup.cpp.o)
                0x00000000000043fe                unsigned long sjsu::bit::Insert<unsigned long, unsigned char>(unsigned long, unsigned char, unsigned long, unsigned long)
 .text._ZN4sjsu3bit7ExtractImEET_S2_mm
                0x0000000000004456       0x3a /home/will/SJSU-Dev2/library/static_libraries/lpc17xx/liblpc17xx.a(startup.cpp.o)
                0x0000000000004456                unsigned long sjsu::bit::Extract<unsigned long>(unsigned long, unsigned long, unsigned long)
 .text._ZN4sjsu3bit6InsertImmEET_S2_T0_mm
                0x0000000000004490       0x56 /home/will/SJSU-Dev2/library/static_libraries/lpc17xx/liblpc17xx.a(startup.cpp.o)
                0x0000000000004490                unsigned long sjsu::bit::Insert<unsigned long, unsigned long>(unsigned long, unsigned long, unsigned long, unsigned long)
 .text._ZN4sjsu3bit6InsertImbEET_S2_T0_mm
                0x00000000000044e6       0x58 /home/will/SJSU-Dev2/library/static_libraries/lpc17xx/liblpc17xx.a(startup.cpp.o)
                0x00000000000044e6                unsigned long sjsu::bit::Insert<unsigned long, bool>(unsigned long, bool, unsigned long, unsigned long)
 .text._ZN5units6detailL7convertINS_4unitISt5ratioILx1ELx1EENS_9base_unitIS3_ILx0ELx1EES6_S6_S6_S6_S6_S6_S6_S6_EES6_S6_EES8_S4_S6_S6_fEET4_RKS9_St17integral_constantIbLb1EESC_IbLb0EESE_
                0x000000000000453e       0x1c /home/will/SJSU-Dev2/library/static_libraries/lpc17xx/liblpc17xx.a(startup.cpp.o)
 *fill*         0x000000000000455a        0x2 ff
 .text._Z41__static_initialization_and_destruction_0ii
                0x000000000000455c      0x1e8 /home/will/SJSU-Dev2/library/static_libraries/lpc17xx/liblpc17xx.a(startup.cpp.o)
 .text._GLOBAL__sub_I_ThreadRuntimeCounter
                0x0000000000004744       0x10 /home/will/SJSU-Dev2/library/static_libraries/lpc17xx/liblpc17xx.a(startup.cpp.o)
 *fill*         0x0000000000004754        0xc ff
 .text.vPortSVCHandler
                0x0000000000004760       0x28 /home/will/SJSU-Dev2/library/static_libraries/lpc17xx/liblpc17xx.a(port.c.o)
                0x0000000000004760                vPortSVCHandler
 *fill*         0x0000000000004788        0x8 ff
 .text.xPortPendSVHandler
                0x0000000000004790       0x48 /home/will/SJSU-Dev2/library/static_libraries/lpc17xx/liblpc17xx.a(port.c.o)
                0x0000000000004790                xPortPendSVHandler
 .text._ZN4sjsu6newlib15DoNothingStdOutEPKcj
                0x00000000000047d8       0x16 /home/will/SJSU-Dev2/library/static_libraries/lpc17xx/libnewlib.a(stdio.cpp.o)
                0x00000000000047d8                sjsu::newlib::DoNothingStdOut(char const*, unsigned int)
 .text._ZN4sjsu6newlib14DoNothingStdInEPcj
                0x00000000000047ee       0x16 /home/will/SJSU-Dev2/library/static_libraries/lpc17xx/libnewlib.a(stdio.cpp.o)
                0x00000000000047ee                sjsu::newlib::DoNothingStdIn(char*, unsigned int)
 .text._ZN4sjsu6newlib9SetStdoutEPFiPKcjE
                0x0000000000004804       0x1c /home/will/SJSU-Dev2/library/static_libraries/lpc17xx/libnewlib.a(stdio.cpp.o)
                0x0000000000004804                sjsu::newlib::SetStdout(int (*)(char const*, unsigned int))
 .text._ZN4sjsu6newlib8SetStdinEPFiPcjE
                0x0000000000004820       0x1c /home/will/SJSU-Dev2/library/static_libraries/lpc17xx/libnewlib.a(stdio.cpp.o)
                0x0000000000004820                sjsu::newlib::SetStdin(int (*)(char*, unsigned int))
 .text.__cxa_pure_virtual
                0x000000000000483c        0x6 /home/will/SJSU-Dev2/tools/gcc-arm-none-eabi-7-2017-q4-major/bin/../lib/gcc/arm-none-eabi/7.2.1/../../../../arm-none-eabi/lib/thumb/v7-m/libstdc++_nano.a(pure.o)
                0x000000000000483c                __cxa_pure_virtual
 .text._ZN10__cxxabiv111__terminateEPFvvE
                0x0000000000004842        0x8 /home/will/SJSU-Dev2/tools/gcc-arm-none-eabi-7-2017-q4-major/bin/../lib/gcc/arm-none-eabi/7.2.1/../../../../arm-none-eabi/lib/thumb/v7-m/libstdc++_nano.a(eh_terminate.o)
                0x0000000000004842                __cxxabiv1::__terminate(void (*)())
 *fill*         0x000000000000484a        0x2 ff
 .text._ZSt13get_terminatev
                0x000000000000484c       0x10 /home/will/SJSU-Dev2/tools/gcc-arm-none-eabi-7-2017-q4-major/bin/../lib/gcc/arm-none-eabi/7.2.1/../../../../arm-none-eabi/lib/thumb/v7-m/libstdc++_nano.a(eh_terminate.o)
                0x000000000000484c                std::get_terminate()
 .text._ZSt9terminatev
                0x000000000000485c        0xa /home/will/SJSU-Dev2/tools/gcc-arm-none-eabi-7-2017-q4-major/bin/../lib/gcc/arm-none-eabi/7.2.1/../../../../arm-none-eabi/lib/thumb/v7-m/libstdc++_nano.a(eh_terminate.o)
                0x000000000000485c                std::terminate()
 *fill*         0x0000000000004866        0x2 ff
 .text          0x0000000000004868       0xa0 /home/will/SJSU-Dev2/tools/gcc-arm-none-eabi-7-2017-q4-major/bin/../lib/gcc/arm-none-eabi/7.2.1/thumb/v7-m/libgcc.a(_arm_truncdfsf2.o)
                0x0000000000004868                __aeabi_d2f
                0x0000000000004868                __truncdfsf2
 .text          0x0000000000004908      0x21c /home/will/SJSU-Dev2/tools/gcc-arm-none-eabi-7-2017-q4-major/bin/../lib/gcc/arm-none-eabi/7.2.1/thumb/v7-m/libgcc.a(_arm_addsubsf3.o)
                0x0000000000004908                __aeabi_frsub
                0x0000000000004910                __subsf3
                0x0000000000004910                __aeabi_fsub
                0x0000000000004914                __aeabi_fadd
                0x0000000000004914                __addsf3
                0x0000000000004a74                __aeabi_ui2f
                0x0000000000004a74                __floatunsisf
                0x0000000000004a7c                __aeabi_i2f
                0x0000000000004a7c                __floatsisf
                0x0000000000004a98                __floatundisf
                0x0000000000004a98                __aeabi_ul2f
                0x0000000000004aa8                __floatdisf
                0x0000000000004aa8                __aeabi_l2f
 .text          0x0000000000004b24      0x2a0 /home/will/SJSU-Dev2/tools/gcc-arm-none-eabi-7-2017-q4-major/bin/../lib/gcc/arm-none-eabi/7.2.1/thumb/v7-m/libgcc.a(_arm_muldivsf3.o)
                0x0000000000004b24                __mulsf3
                0x0000000000004b24                __aeabi_fmul
                0x0000000000004c8c                __divsf3
                0x0000000000004c8c                __aeabi_fdiv
 .text          0x0000000000004dc4       0xec /home/will/SJSU-Dev2/tools/gcc-arm-none-eabi-7-2017-q4-major/bin/../lib/gcc/arm-none-eabi/7.2.1/thumb/v7-m/libgcc.a(_arm_cmpsf2.o)
                0x0000000000004dc4                __gtsf2
                0x0000000000004dc4                __gesf2
                0x0000000000004dcc                __lesf2
                0x0000000000004dcc                __ltsf2
                0x0000000000004dd4                __nesf2
                0x0000000000004dd4                __eqsf2
                0x0000000000004dd4                __cmpsf2
                0x0000000000004e34                __aeabi_cfrcmple
                0x0000000000004e3c                __aeabi_cfcmple
                0x0000000000004e3c                __aeabi_cfcmpeq
                0x0000000000004e4c                __aeabi_fcmpeq
                0x0000000000004e60                __aeabi_fcmplt
                0x0000000000004e74                __aeabi_fcmple
                0x0000000000004e88                __aeabi_fcmpge
                0x0000000000004e9c                __aeabi_fcmpgt
 .text          0x0000000000004eb0       0x4c /home/will/SJSU-Dev2/tools/gcc-arm-none-eabi-7-2017-q4-major/bin/../lib/gcc/arm-none-eabi/7.2.1/thumb/v7-m/libgcc.a(_arm_fixsfsi.o)
                0x0000000000004eb0                __fixsfsi
                0x0000000000004eb0                __aeabi_f2iz
 .text          0x0000000000004efc       0x40 /home/will/SJSU-Dev2/tools/gcc-arm-none-eabi-7-2017-q4-major/bin/../lib/gcc/arm-none-eabi/7.2.1/thumb/v7-m/libgcc.a(_arm_fixunssfsi.o)
                0x0000000000004efc                __aeabi_f2uiz
                0x0000000000004efc                __fixunssfsi
 .text          0x0000000000004f3c       0x30 /home/will/SJSU-Dev2/tools/gcc-arm-none-eabi-7-2017-q4-major/bin/../lib/gcc/arm-none-eabi/7.2.1/thumb/v7-m/libgcc.a(_aeabi_uldivmod.o)
                0x0000000000004f3c                __aeabi_uldivmod
 .text          0x0000000000004f6c      0x2d0 /home/will/SJSU-Dev2/tools/gcc-arm-none-eabi-7-2017-q4-major/bin/../lib/gcc/arm-none-eabi/7.2.1/thumb/v7-m/libgcc.a(_udivmoddi4.o)
                0x0000000000004f6c                __udivmoddi4
 .text          0x000000000000523c      0xa00 /home/will/SJSU-Dev2/tools/gcc-arm-none-eabi-7-2017-q4-major/bin/../lib/gcc/arm-none-eabi/7.2.1/thumb/v7-m/libgcc.a(unwind-arm.o)
                0x00000000000054f8                _Unwind_GetCFA
                0x00000000000054fc                __gnu_Unwind_RaiseException
                0x000000000000555c                __gnu_Unwind_ForcedUnwind
                0x0000000000005570                __gnu_Unwind_Resume
                0x00000000000055b4                __gnu_Unwind_Resume_or_Rethrow
                0x00000000000055c8                _Unwind_Complete
                0x00000000000055cc                _Unwind_DeleteException
                0x00000000000055d8                _Unwind_VRS_Get
                0x000000000000561c                _Unwind_VRS_Set
                0x0000000000005664                __gnu_Unwind_Backtrace
                0x00000000000059ac                __aeabi_unwind_cpp_pr0
                0x00000000000059b0                __aeabi_unwind_cpp_pr1
                0x00000000000059b4                __aeabi_unwind_cpp_pr2
                0x00000000000059b8                _Unwind_VRS_Pop
 .text          0x0000000000005c3c      0x1ac /home/will/SJSU-Dev2/tools/gcc-arm-none-eabi-7-2017-q4-major/bin/../lib/gcc/arm-none-eabi/7.2.1/thumb/v7-m/libgcc.a(libunwind.o)
                0x0000000000005c3c                __restore_core_regs
                0x0000000000005c3c                restore_core_regs
                0x0000000000005c54                __gnu_Unwind_Restore_VFP
                0x0000000000005c5c                __gnu_Unwind_Save_VFP
                0x0000000000005c64                __gnu_Unwind_Restore_VFP_D
                0x0000000000005c6c                __gnu_Unwind_Save_VFP_D
                0x0000000000005c74                __gnu_Unwind_Restore_VFP_D_16_to_31
                0x0000000000005c7c                __gnu_Unwind_Save_VFP_D_16_to_31
                0x0000000000005c84                __gnu_Unwind_Restore_WMMXD
                0x0000000000005cc8                __gnu_Unwind_Save_WMMXD
                0x0000000000005d0c                __gnu_Unwind_Restore_WMMXC
                0x0000000000005d20                __gnu_Unwind_Save_WMMXC
                0x0000000000005d34                ___Unwind_RaiseException
                0x0000000000005d34                _Unwind_RaiseException
                0x0000000000005d58                ___Unwind_Resume
                0x0000000000005d58                _Unwind_Resume
                0x0000000000005d7c                _Unwind_Resume_or_Rethrow
                0x0000000000005d7c                ___Unwind_Resume_or_Rethrow
                0x0000000000005da0                ___Unwind_ForcedUnwind
                0x0000000000005da0                _Unwind_ForcedUnwind
                0x0000000000005dc4                _Unwind_Backtrace
                0x0000000000005dc4                ___Unwind_Backtrace
 .text          0x0000000000005de8      0x378 /home/will/SJSU-Dev2/tools/gcc-arm-none-eabi-7-2017-q4-major/bin/../lib/gcc/arm-none-eabi/7.2.1/thumb/v7-m/libgcc.a(pr-support.o)
                0x0000000000005e40                __gnu_unwind_execute
                0x0000000000006104                __gnu_unwind_frame
                0x0000000000006130                _Unwind_GetRegionStart
                0x000000000000613c                _Unwind_GetLanguageSpecificData
                0x0000000000006150                _Unwind_GetDataRelBase
                0x0000000000006158                _Unwind_GetTextRelBase
 .text          0x0000000000006160        0x4 /home/will/SJSU-Dev2/tools/gcc-arm-none-eabi-7-2017-q4-major/bin/../lib/gcc/arm-none-eabi/7.2.1/thumb/v7-m/libgcc.a(_dvmd_tls.o)
                0x0000000000006160                __aeabi_ldiv0
                0x0000000000006160                __aeabi_idiv0
 .text.abort    0x0000000000006164        0xe /home/will/SJSU-Dev2/tools/gcc-arm-none-eabi-7-2017-q4-major/bin/../lib/gcc/arm-none-eabi/7.2.1/../../../../arm-none-eabi/lib/thumb/v7-m/libg_nano.a(lib_a-abort.o)
                0x0000000000006164                abort
 *fill*         0x0000000000006172        0x2 ff
 .text.__libc_init_array
                0x0000000000006174       0x48 /home/will/SJSU-Dev2/tools/gcc-arm-none-eabi-7-2017-q4-major/bin/../lib/gcc/arm-none-eabi/7.2.1/../../../../arm-none-eabi/lib/thumb/v7-m/libg_nano.a(lib_a-init.o)
                0x0000000000006174                __libc_init_array
 .text.memcpy   0x00000000000061bc       0x16 /home/will/SJSU-Dev2/tools/gcc-arm-none-eabi-7-2017-q4-major/bin/../lib/gcc/arm-none-eabi/7.2.1/../../../../arm-none-eabi/lib/thumb/v7-m/libg_nano.a(lib_a-memcpy-stub.o)
                0x00000000000061bc                memcpy
 .text.memset   0x00000000000061d2       0x10 /home/will/SJSU-Dev2/tools/gcc-arm-none-eabi-7-2017-q4-major/bin/../lib/gcc/arm-none-eabi/7.2.1/../../../../arm-none-eabi/lib/thumb/v7-m/libg_nano.a(lib_a-memset.o)
                0x00000000000061d2                memset
 .text._raise_r
                0x00000000000061e2       0x50 /home/will/SJSU-Dev2/tools/gcc-arm-none-eabi-7-2017-q4-major/bin/../lib/gcc/arm-none-eabi/7.2.1/../../../../arm-none-eabi/lib/thumb/v7-m/libg_nano.a(lib_a-signal.o)
                0x00000000000061e2                _raise_r
 *fill*         0x0000000000006232        0x2 ff
 .text.raise    0x0000000000006234       0x10 /home/will/SJSU-Dev2/tools/gcc-arm-none-eabi-7-2017-q4-major/bin/../lib/gcc/arm-none-eabi/7.2.1/../../../../arm-none-eabi/lib/thumb/v7-m/libg_nano.a(lib_a-signal.o)
                0x0000000000006234                raise
 .text._kill_r  0x0000000000006244       0x24 /home/will/SJSU-Dev2/tools/gcc-arm-none-eabi-7-2017-q4-major/bin/../lib/gcc/arm-none-eabi/7.2.1/../../../../arm-none-eabi/lib/thumb/v7-m/libg_nano.a(lib_a-signalr.o)
                0x0000000000006244                _kill_r
 .text._getpid_r
                0x0000000000006268        0x4 /home/will/SJSU-Dev2/tools/gcc-arm-none-eabi-7-2017-q4-major/bin/../lib/gcc/arm-none-eabi/7.2.1/../../../../arm-none-eabi/lib/thumb/v7-m/libg_nano.a(lib_a-signalr.o)
                0x0000000000006268                _getpid_r
 .text          0x000000000000626c       0x10 /home/will/SJSU-Dev2/tools/gcc-arm-none-eabi-7-2017-q4-major/bin/../lib/gcc/arm-none-eabi/7.2.1/../../../../arm-none-eabi/lib/thumb/v7-m/libg_nano.a(lib_a-strlen.o)
                0x000000000000626c                strlen
 *(.rodata .rodata.*)
 .rodata._ZTVN4sjsu7LabGPIOE
                0x000000000000627c       0x24 build/application/lpc17xx/compiled/source/LabGPIO.cpp.o
                0x000000000000627c                vtable for sjsu::LabGPIO
 .rodata._ZTVN4sjsu4GpioE
                0x00000000000062a0       0x24 build/application/lpc17xx/compiled/source/LabGPIO.cpp.o
                0x00000000000062a0                vtable for sjsu::Gpio
 *fill*         0x00000000000062c4        0x4 ff
 .rodata._ZNSt17integral_constantIxLx100EE5valueE
                0x00000000000062c8        0x8 build/application/lpc17xx/compiled/source/main.cpp.o
                0x00000000000062c8                std::integral_constant<long long, 100ll>::value
 .rodata._ZZN4sjsu6cortex19InterruptController28UnregisteredInterruptHandlerEvE4file
                0x00000000000062d0        0xe build/application/lpc17xx/compiled/source/main.cpp.o
                0x00000000000062d0                sjsu::cortex::InterruptController::UnregisteredInterruptHandler()::file
 *fill*         0x00000000000062de        0x2 ff
 .rodata        0x00000000000062e0       0xa8 build/application/lpc17xx/compiled/source/main.cpp.o
 .rodata._ZTVN4sjsu6cortex19InterruptControllerE
                0x0000000000006388       0x10 build/application/lpc17xx/compiled/source/main.cpp.o
                0x0000000000006388                vtable for sjsu::cortex::InterruptController
 .rodata._ZZN4sjsu6cortex19InterruptController28UnregisteredInterruptHandlerEvE19__PRETTY_FUNCTION__
                0x0000000000006398       0x4e build/application/lpc17xx/compiled/source/main.cpp.o
 *fill*         0x00000000000063e6        0x2 ff
 .rodata        0x00000000000063e8      0x50a build/application/lpc17xx/compiled//home/will/SJSU-Dev2/library/L3_Application/task_scheduler.cpp.o
 *fill*         0x00000000000068f2        0x2 ff
 .rodata        0x00000000000068f4      0x286 /home/will/SJSU-Dev2/library/static_libraries/lpc17xx/liblpc17xx.a(exceptions.cpp.o)
 *fill*         0x0000000000006b7a        0x2 ff
 .rodata        0x0000000000006b7c        0x2 /home/will/SJSU-Dev2/library/static_libraries/lpc17xx/libnewlib.a(newlib.cpp.o)
 *fill*         0x0000000000006b7e        0x2 ff
 .rodata._ZZL5_ftoaPFvcPvjjEPcjjdjjjE5pow10
                0x0000000000006b80       0x28 /home/will/SJSU-Dev2/library/static_libraries/lpc17xx/libprintf.a(printf.cpp.o)
 .rodata        0x0000000000006ba8        0x4 /home/will/SJSU-Dev2/library/static_libraries/lpc17xx/libsemihost.a(trace_impl.cpp.o)
 *fill*         0x0000000000006bac        0x4 ff
 .rodata._ZNSt17integral_constantIxLx1EE5valueE
                0x0000000000006bb0        0x8 /home/will/SJSU-Dev2/library/static_libraries/lpc17xx/liblpc17xx.a(startup.cpp.o)
                0x0000000000006bb0                std::integral_constant<long long, 1ll>::value
 .rodata._ZN6configL19kSystemClockRateMhzE
                0x0000000000006bb8        0x4 /home/will/SJSU-Dev2/library/static_libraries/lpc17xx/liblpc17xx.a(startup.cpp.o)
 .rodata._ZN6configL14kRtosFrequencyE
                0x0000000000006bbc        0x4 /home/will/SJSU-Dev2/library/static_libraries/lpc17xx/liblpc17xx.a(startup.cpp.o)
 .rodata        0x0000000000006bc0      0x97c /home/will/SJSU-Dev2/library/static_libraries/lpc17xx/liblpc17xx.a(startup.cpp.o)
 .rodata._ZN4sjsu6cortex11SystemTimer26kCortexInterruptControllerE
                0x000000000000753c        0x4 /home/will/SJSU-Dev2/library/static_libraries/lpc17xx/liblpc17xx.a(startup.cpp.o)
                0x000000000000753c                sjsu::cortex::SystemTimer::kCortexInterruptController
 .rodata._ZN4sjsu7lpc17xx16SystemController11Peripherals6kUart0E
                0x0000000000007540        0x1 /home/will/SJSU-Dev2/library/static_libraries/lpc17xx/liblpc17xx.a(startup.cpp.o)
                0x0000000000007540                sjsu::lpc17xx::SystemController::Peripherals::kUart0
 *fill*         0x0000000000007541        0x3 ff
 .rodata._ZN4sjsu7lpc17xx16SystemController10Oscillator7kSelectE
                0x0000000000007544        0x2 /home/will/SJSU-Dev2/library/static_libraries/lpc17xx/liblpc17xx.a(startup.cpp.o)
                0x0000000000007544                sjsu::lpc17xx::SystemController::Oscillator::kSelect